Archive member included to satisfy reference by file (symbol)

/usr/lib/gcc/arm-none-eabi/6.3.1/thumb/v6-m/libgcc.a(_dvmd_tls.o)
                              CMakeFiles/pico_sem_test.dir/__/__/src/rp2_common/pico_divider/divider.S.obj (__aeabi_idiv0)
/usr/lib/gcc/arm-none-eabi/6.3.1/../../../arm-none-eabi/lib/thumb/v6-m/libc.a(lib_a-atexit.o)
                              /usr/lib/gcc/arm-none-eabi/6.3.1/../../../arm-none-eabi/lib/thumb/v6-m/crt0.o (atexit)
/usr/lib/gcc/arm-none-eabi/6.3.1/../../../arm-none-eabi/lib/thumb/v6-m/libc.a(lib_a-calloc.o)
                              CMakeFiles/pico_sem_test.dir/__/__/src/rp2_common/pico_malloc/pico_malloc.c.obj (calloc)
/usr/lib/gcc/arm-none-eabi/6.3.1/../../../arm-none-eabi/lib/thumb/v6-m/libc.a(lib_a-callocr.o)
                              /usr/lib/gcc/arm-none-eabi/6.3.1/../../../arm-none-eabi/lib/thumb/v6-m/libc.a(lib_a-calloc.o) (_calloc_r)
/usr/lib/gcc/arm-none-eabi/6.3.1/../../../arm-none-eabi/lib/thumb/v6-m/libc.a(lib_a-fini.o)
                              /usr/lib/gcc/arm-none-eabi/6.3.1/../../../arm-none-eabi/lib/thumb/v6-m/crt0.o (__libc_fini_array)
/usr/lib/gcc/arm-none-eabi/6.3.1/../../../arm-none-eabi/lib/thumb/v6-m/libc.a(lib_a-impure.o)
                              CMakeFiles/pico_sem_test.dir/__/__/src/common/pico_util/pheap.c.obj (_impure_ptr)
/usr/lib/gcc/arm-none-eabi/6.3.1/../../../arm-none-eabi/lib/thumb/v6-m/libc.a(lib_a-init.o)
                              /usr/lib/gcc/arm-none-eabi/6.3.1/../../../arm-none-eabi/lib/thumb/v6-m/crt0.o (__libc_init_array)
/usr/lib/gcc/arm-none-eabi/6.3.1/../../../arm-none-eabi/lib/thumb/v6-m/libc.a(lib_a-malloc.o)
                              CMakeFiles/pico_sem_test.dir/__/__/src/rp2_common/pico_malloc/pico_malloc.c.obj (malloc)
/usr/lib/gcc/arm-none-eabi/6.3.1/../../../arm-none-eabi/lib/thumb/v6-m/libc.a(lib_a-mallocr.o)
                              /usr/lib/gcc/arm-none-eabi/6.3.1/../../../arm-none-eabi/lib/thumb/v6-m/libc.a(lib_a-callocr.o) (_malloc_r)
/usr/lib/gcc/arm-none-eabi/6.3.1/../../../arm-none-eabi/lib/thumb/v6-m/libc.a(lib_a-mlock.o)
                              /usr/lib/gcc/arm-none-eabi/6.3.1/../../../arm-none-eabi/lib/thumb/v6-m/libc.a(lib_a-mallocr.o) (__malloc_lock)
/usr/lib/gcc/arm-none-eabi/6.3.1/../../../arm-none-eabi/lib/thumb/v6-m/libc.a(lib_a-realloc.o)
                              CMakeFiles/pico_sem_test.dir/__/__/src/rp2_common/pico_malloc/pico_malloc.c.obj (realloc)
/usr/lib/gcc/arm-none-eabi/6.3.1/../../../arm-none-eabi/lib/thumb/v6-m/libc.a(lib_a-reallocr.o)
                              /usr/lib/gcc/arm-none-eabi/6.3.1/../../../arm-none-eabi/lib/thumb/v6-m/libc.a(lib_a-realloc.o) (_realloc_r)
/usr/lib/gcc/arm-none-eabi/6.3.1/../../../arm-none-eabi/lib/thumb/v6-m/libc.a(lib_a-sbrkr.o)
                              /usr/lib/gcc/arm-none-eabi/6.3.1/../../../arm-none-eabi/lib/thumb/v6-m/libc.a(lib_a-mallocr.o) (_sbrk_r)
/usr/lib/gcc/arm-none-eabi/6.3.1/../../../arm-none-eabi/lib/thumb/v6-m/libc.a(lib_a-strlen-stub.o)
                              CMakeFiles/pico_sem_test.dir/__/__/src/rp2_common/pico_stdio/stdio.c.obj (strlen)
/usr/lib/gcc/arm-none-eabi/6.3.1/../../../arm-none-eabi/lib/thumb/v6-m/libc.a(lib_a-wbuf.o)
                              CMakeFiles/pico_sem_test.dir/__/__/src/common/pico_util/pheap.c.obj (__swbuf_r)
/usr/lib/gcc/arm-none-eabi/6.3.1/../../../arm-none-eabi/lib/thumb/v6-m/libc.a(lib_a-wsetup.o)
                              /usr/lib/gcc/arm-none-eabi/6.3.1/../../../arm-none-eabi/lib/thumb/v6-m/libc.a(lib_a-wbuf.o) (__swsetup_r)
/usr/lib/gcc/arm-none-eabi/6.3.1/../../../arm-none-eabi/lib/thumb/v6-m/libc.a(lib_a-__atexit.o)
                              /usr/lib/gcc/arm-none-eabi/6.3.1/../../../arm-none-eabi/lib/thumb/v6-m/libc.a(lib_a-atexit.o) (__register_exitproc)
/usr/lib/gcc/arm-none-eabi/6.3.1/../../../arm-none-eabi/lib/thumb/v6-m/libc.a(lib_a-fflush.o)
                              /usr/lib/gcc/arm-none-eabi/6.3.1/../../../arm-none-eabi/lib/thumb/v6-m/libc.a(lib_a-wbuf.o) (_fflush_r)
/usr/lib/gcc/arm-none-eabi/6.3.1/../../../arm-none-eabi/lib/thumb/v6-m/libc.a(lib_a-findfp.o)
                              /usr/lib/gcc/arm-none-eabi/6.3.1/../../../arm-none-eabi/lib/thumb/v6-m/libc.a(lib_a-wbuf.o) (__sinit)
/usr/lib/gcc/arm-none-eabi/6.3.1/../../../arm-none-eabi/lib/thumb/v6-m/libc.a(lib_a-freer.o)
                              /usr/lib/gcc/arm-none-eabi/6.3.1/../../../arm-none-eabi/lib/thumb/v6-m/libc.a(lib_a-malloc.o) (_free_r)
/usr/lib/gcc/arm-none-eabi/6.3.1/../../../arm-none-eabi/lib/thumb/v6-m/libc.a(lib_a-fwalk.o)
                              /usr/lib/gcc/arm-none-eabi/6.3.1/../../../arm-none-eabi/lib/thumb/v6-m/libc.a(lib_a-findfp.o) (_fwalk)
/usr/lib/gcc/arm-none-eabi/6.3.1/../../../arm-none-eabi/lib/thumb/v6-m/libc.a(lib_a-makebuf.o)
                              /usr/lib/gcc/arm-none-eabi/6.3.1/../../../arm-none-eabi/lib/thumb/v6-m/libc.a(lib_a-wsetup.o) (__smakebuf_r)
[...]
Memory Configuration

Name             Origin             Length             Attributes
FLASH            0x0000000010000000 0x0000000000200000 xr
RAM              0x0000000020000000 0x0000000000040000 xrw
SCRATCH_X        0x0000000020040000 0x0000000000001000 xrw
SCRATCH_Y        0x0000000020041000 0x0000000000001000 xrw
*default*        0x0000000000000000 0xffffffffffffffff

Linker script and memory map

LOAD /usr/lib/gcc/arm-none-eabi/6.3.1/thumb/v6-m/crti.o
LOAD /usr/lib/gcc/arm-none-eabi/6.3.1/thumb/v6-m/crtbegin.o
LOAD /usr/lib/gcc/arm-none-eabi/6.3.1/../../../arm-none-eabi/lib/thumb/v6-m/crt0.o

.flash_begin    0x0000000010000000        0x0
                0x0000000010000000                __flash_binary_start = .

.boot2          0x0000000010000000      0x100
                0x0000000010000000                __boot2_start__ = .
 *(.boot2)
 .boot2         0x0000000010000000      0x100 /tmp/cceep1cS.o
                0x0000000010000100                __boot2_end__ = .
                0x0000000000000001                ASSERT (((__boot2_end__ - __boot2_start__) == 0x100), ERROR: Pico second stage bootloader must be 256 bytes in size)

.text           0x0000000010000100     0x56a8
                0x0000000010000100                __logical_binary_start = .
 *(.vectors)
 .vectors       0x0000000010000100       0xd4 CMakeFiles/pico_sem_test.dir/__/__/src/rp2_common/pico_standard_link/crt0.S.obj
                0x0000000010000100                __vectors
                0x0000000010000100                __VECTOR_TABLE
                0x00000000100001c0                isr_invalid
                0x00000000100001c0                __default_isrs_start
                0x00000000100001c2                isr_nmi
                0x00000000100001c4                isr_hardfault
                0x00000000100001c6                isr_svcall
                0x00000000100001c8                isr_pendsv
                0x00000000100001ca                isr_systick
                0x00000000100001cc                isr_irq30
                0x00000000100001cc                __unhandled_user_irq
                0x00000000100001cc                isr_irq13
                0x00000000100001cc                isr_irq27
                0x00000000100001cc                isr_irq31
                0x00000000100001cc                isr_irq5
                0x00000000100001cc                isr_irq11
                0x00000000100001cc                isr_irq23
                0x00000000100001cc                isr_irq18
                0x00000000100001cc                isr_irq28
                0x00000000100001cc                isr_irq19
                0x00000000100001cc                isr_irq0
                0x00000000100001cc                isr_irq6
                0x00000000100001cc                isr_irq22
                0x00000000100001cc                isr_irq17
                0x00000000100001cc                isr_irq14
                0x00000000100001cc                isr_irq2
                0x00000000100001cc                isr_irq10
                0x00000000100001cc                isr_irq8
                0x00000000100001cc                isr_irq24
                0x00000000100001cc                isr_irq1
                0x00000000100001cc                isr_irq7
                0x00000000100001cc                isr_irq21
                0x00000000100001cc                isr_irq20
                0x00000000100001cc                isr_irq15
                0x00000000100001cc                isr_irq25
                0x00000000100001cc                isr_irq4
                0x00000000100001cc                isr_irq16
                0x00000000100001cc                isr_irq29
                0x00000000100001cc                isr_irq26
                0x00000000100001cc                __default_isrs_end
                0x00000000100001cc                isr_irq3
                0x00000000100001cc                isr_irq12
                0x00000000100001cc                isr_irq9
                0x00000000100001d2                unhandled_user_irq_num_in_r0
 *(.binary_info_header)
 .binary_info_header
                0x00000000100001d4       0x14 CMakeFiles/pico_sem_test.dir/__/__/src/rp2_common/pico_standard_link/crt0.S.obj
                0x00000000100001e8                __binary_info_header_end = .
 *(.reset)
 .reset         0x00000000100001e8       0xa8 CMakeFiles/pico_sem_test.dir/__/__/src/rp2_common/pico_standard_link/crt0.S.obj
                0x00000000100001e8                _entry_point
                0x0000000010000266                __get_current_exception
 .reset         0x0000000010000290       0x30 CMakeFiles/pico_sem_test.dir/__/__/src/rp2_common/pico_standard_link/binary_info.c.obj
 *(.init)
 .init          0x00000000100002c0        0x4 /usr/lib/gcc/arm-none-eabi/6.3.1/thumb/v6-m/crti.o
                0x00000000100002c0                _init
 *(EXCLUDE_FILE(*libm.a: *libc.a:*lib_a-mem*.o *libgcc.a:) .text*)
 .text          0x00000000100002c4       0xb4 /usr/lib/gcc/arm-none-eabi/6.3.1/thumb/v6-m/crtbegin.o
 .text.startup.main
                0x0000000010000378       0xcc CMakeFiles/pico_sem_test.dir/pico_sem_test.c.obj
                0x0000000010000378                main
 .text.gpio_set_function
                0x0000000010000444       0x30 CMakeFiles/pico_sem_test.dir/__/__/src/rp2_common/hardware_gpio/gpio.c.obj
                0x0000000010000444                gpio_set_function
 .text.hw_claim_or_assert
                0x0000000010000474       0x44 CMakeFiles/pico_sem_test.dir/__/__/src/rp2_common/hardware_claim/claim.c.obj
                0x0000000010000474                hw_claim_or_assert
 .text.running_on_fpga
                0x00000000100004b8       0x10 CMakeFiles/pico_sem_test.dir/__/__/src/rp2_common/pico_platform/platform.c.obj
                0x00000000100004b8                running_on_fpga
 .text.spin_locks_reset
                0x00000000100004c8       0x1c CMakeFiles/pico_sem_test.dir/__/__/src/rp2_common/hardware_sync/sync.c.obj
                0x00000000100004c8                spin_locks_reset
 .text.next_striped_spin_lock_num
                0x00000000100004e4       0x18 CMakeFiles/pico_sem_test.dir/__/__/src/rp2_common/hardware_sync/sync.c.obj
                0x00000000100004e4                next_striped_spin_lock_num
 .text.irq_set_enabled
                0x00000000100004fc       0x24 CMakeFiles/pico_sem_test.dir/__/__/src/rp2_common/hardware_irq/irq.c.obj
                0x00000000100004fc                irq_set_enabled
 .text.irq_get_vtable_handler
                0x0000000010000520       0x10 CMakeFiles/pico_sem_test.dir/__/__/src/rp2_common/hardware_irq/irq.c.obj
                0x0000000010000520                irq_get_vtable_handler
 .text.irq_set_exclusive_handler
                0x0000000010000530       0x54 CMakeFiles/pico_sem_test.dir/__/__/src/rp2_common/hardware_irq/irq.c.obj
                0x0000000010000530                irq_set_exclusive_handler
 .text.irq_remove_handler
                0x0000000010000584      0x1b8 CMakeFiles/pico_sem_test.dir/__/__/src/rp2_common/hardware_irq/irq.c.obj
                0x0000000010000584                irq_remove_handler
 .text.irq_add_tail_to_free_list
                0x000000001000073c       0xb4 CMakeFiles/pico_sem_test.dir/__/__/src/rp2_common/hardware_irq/irq.c.obj
                0x000000001000073c                irq_add_tail_to_free_list
 .text.irq_init_priorities
                0x00000000100007f0       0x48 CMakeFiles/pico_sem_test.dir/__/__/src/rp2_common/hardware_irq/irq.c.obj
                0x00000000100007f0                irq_init_priorities
 .text.sem_init
                0x0000000010000838       0x20 CMakeFiles/pico_sem_test.dir/__/__/src/common/pico_sync/sem.c.obj
                0x0000000010000838                sem_init
 .text.lock_init
                0x0000000010000858       0x10 CMakeFiles/pico_sem_test.dir/__/__/src/common/pico_sync/lock_core.c.obj
                0x0000000010000858                lock_init
 .text.timer_pool_entry_comparator
                0x0000000010000868       0x34 CMakeFiles/pico_sem_test.dir/__/__/src/common/pico_time/time.c.obj
                0x0000000010000868                timer_pool_entry_comparator
 .text.add_alarm_under_lock
                0x000000001000089c      0x124 CMakeFiles/pico_sem_test.dir/__/__/src/common/pico_time/time.c.obj
 .text.alarm_pool_alarm_callback
                0x00000000100009c0      0x1dc CMakeFiles/pico_sem_test.dir/__/__/src/common/pico_time/time.c.obj
 .text.alarm_pool_init_default
                0x0000000010000b9c       0x64 CMakeFiles/pico_sem_test.dir/__/__/src/common/pico_time/time.c.obj
                0x0000000010000b9c                alarm_pool_init_default
 .text.hardware_alarm_irq_handler
                0x0000000010000c00       0xa0 CMakeFiles/pico_sem_test.dir/__/__/src/rp2_common/hardware_timer/timer.c.obj
 .text.hardware_alarm_claim
                0x0000000010000ca0       0x18 CMakeFiles/pico_sem_test.dir/__/__/src/rp2_common/hardware_timer/timer.c.obj
                0x0000000010000ca0                hardware_alarm_claim
 .text.time_us_64
                0x0000000010000cb8       0x18 CMakeFiles/pico_sem_test.dir/__/__/src/rp2_common/hardware_timer/timer.c.obj
                0x0000000010000cb8                time_us_64
 .text.busy_wait_us
                0x0000000010000cd0       0x54 CMakeFiles/pico_sem_test.dir/__/__/src/rp2_common/hardware_timer/timer.c.obj
                0x0000000010000cd0                busy_wait_us
 .text.hardware_alarm_set_callback
                0x0000000010000d24       0x8c CMakeFiles/pico_sem_test.dir/__/__/src/rp2_common/hardware_timer/timer.c.obj
                0x0000000010000d24                hardware_alarm_set_callback
 .text.hardware_alarm_set_target
                0x0000000010000db0       0xdc CMakeFiles/pico_sem_test.dir/__/__/src/rp2_common/hardware_timer/timer.c.obj
                0x0000000010000db0                hardware_alarm_set_target
 .text.hardware_alarm_cancel
                0x0000000010000e8c       0x40 CMakeFiles/pico_sem_test.dir/__/__/src/rp2_common/hardware_timer/timer.c.obj
                0x0000000010000e8c                hardware_alarm_cancel
 .text.ph_merge_two_pass.part.3
                0x0000000010000ecc      0x18c CMakeFiles/pico_sem_test.dir/__/__/src/common/pico_util/pheap.c.obj
 .text.ph_post_alloc_init
                0x0000000010001058       0x3c CMakeFiles/pico_sem_test.dir/__/__/src/common/pico_util/pheap.c.obj
                0x0000000010001058                ph_post_alloc_init
 .text.ph_remove_head
                0x0000000010001094      0x158 CMakeFiles/pico_sem_test.dir/__/__/src/common/pico_util/pheap.c.obj
                0x0000000010001094                ph_remove_head
 .text.ph_remove_and_free_node
                0x00000000100011ec      0x254 CMakeFiles/pico_sem_test.dir/__/__/src/common/pico_util/pheap.c.obj
                0x00000000100011ec                ph_remove_and_free_node
 .text.mutex_init
                0x0000000010001440       0x1c CMakeFiles/pico_sem_test.dir/__/__/src/common/pico_sync/mutex.c.obj
                0x0000000010001440                mutex_init
 .text.recursive_mutex_init
                0x000000001000145c       0x20 CMakeFiles/pico_sem_test.dir/__/__/src/common/pico_sync/mutex.c.obj
                0x000000001000145c                recursive_mutex_init
 .text.uart_init
                0x000000001000147c       0xe4 CMakeFiles/pico_sem_test.dir/__/__/src/rp2_common/hardware_uart/uart.c.obj
                0x000000001000147c                uart_init
 .text.runtime_init
                0x0000000010001560       0xf4 CMakeFiles/pico_sem_test.dir/__/__/src/rp2_common/pico_runtime/runtime.c.obj
                0x0000000010001560                runtime_init
 .text._sbrk    0x0000000010001654       0x34 CMakeFiles/pico_sem_test.dir/__/__/src/rp2_common/pico_runtime/runtime.c.obj
                0x0000000010001654                _sbrk
 .text.exit     0x0000000010001688        0x4 CMakeFiles/pico_sem_test.dir/__/__/src/rp2_common/pico_runtime/runtime.c.obj
                0x0000000010001688                exit
 .text.panic    0x000000001000168c       0x30 CMakeFiles/pico_sem_test.dir/__/__/src/rp2_common/pico_runtime/runtime.c.obj
                0x000000001000168c                panic
 .text.hard_assertion_failure
                0x00000000100016bc        0xc CMakeFiles/pico_sem_test.dir/__/__/src/rp2_common/pico_runtime/runtime.c.obj
                0x00000000100016bc                hard_assertion_failure
 .text.clocks_init
                0x00000000100016c8      0x2c8 CMakeFiles/pico_sem_test.dir/__/__/src/rp2_common/hardware_clocks/clocks.c.obj
                0x00000000100016c8                clocks_init
 .text.clock_get_hz
                0x0000000010001990        0xc CMakeFiles/pico_sem_test.dir/__/__/src/rp2_common/hardware_clocks/clocks.c.obj
                0x0000000010001990                clock_get_hz
 .text.pll_init
                0x000000001000199c       0x9c CMakeFiles/pico_sem_test.dir/__/__/src/rp2_common/hardware_pll/pll.c.obj
                0x000000001000199c                pll_init
 .text.watchdog_start_tick
                0x0000000010001a38       0x10 CMakeFiles/pico_sem_test.dir/__/__/src/rp2_common/hardware_watchdog/watchdog.c.obj
                0x0000000010001a38                watchdog_start_tick
 .text.xosc_init
                0x0000000010001a48       0x28 CMakeFiles/pico_sem_test.dir/__/__/src/rp2_common/hardware_xosc/xosc.c.obj
                0x0000000010001a48                xosc_init
 .text._out_null
                0x0000000010001a70        0x4 CMakeFiles/pico_sem_test.dir/__/__/src/rp2_common/pico_printf/printf.c.obj
 .text._out_fct
                0x0000000010001a74       0x10 CMakeFiles/pico_sem_test.dir/__/__/src/rp2_common/pico_printf/printf.c.obj
 .text._out_char
                0x0000000010001a84       0x3c CMakeFiles/pico_sem_test.dir/__/__/src/rp2_common/pico_printf/printf.c.obj
 .text._ntoa_format
                0x0000000010001ac0      0x214 CMakeFiles/pico_sem_test.dir/__/__/src/rp2_common/pico_printf/printf.c.obj
 .text._ftoa    0x0000000010001cd4      0x6c4 CMakeFiles/pico_sem_test.dir/__/__/src/rp2_common/pico_printf/printf.c.obj
 .text._etoa.part.1
                0x0000000010002398      0x3e0 CMakeFiles/pico_sem_test.dir/__/__/src/rp2_common/pico_printf/printf.c.obj
 .text._vsnprintf
                0x0000000010002778      0xb30 CMakeFiles/pico_sem_test.dir/__/__/src/rp2_common/pico_printf/printf.c.obj
 .text.vfctprintf
                0x00000000100032a8       0x20 CMakeFiles/pico_sem_test.dir/__/__/src/rp2_common/pico_printf/printf.c.obj
                0x00000000100032a8                vfctprintf
 .text.weak_raw_vprintf
                0x00000000100032c8       0x30 CMakeFiles/pico_sem_test.dir/__/__/src/rp2_common/pico_printf/printf.c.obj
                0x00000000100032c8                weak_raw_vprintf
 .text          0x00000000100032f8       0x10 CMakeFiles/pico_sem_test.dir/__/__/src/rp2_common/pico_bit_ops/bit_ops_aeabi.S.obj
 .text.rom_func_lookup
                0x0000000010003308       0x10 CMakeFiles/pico_sem_test.dir/__/__/src/rp2_common/pico_bootrom/bootrom.c.obj
                0x0000000010003308                rom_func_lookup
 .text.rom_data_lookup
                0x0000000010003318       0x10 CMakeFiles/pico_sem_test.dir/__/__/src/rp2_common/pico_bootrom/bootrom.c.obj
                0x0000000010003318                rom_data_lookup
 .text.rom_funcs_lookup
                0x0000000010003328       0x44 CMakeFiles/pico_sem_test.dir/__/__/src/rp2_common/pico_bootrom/bootrom.c.obj
                0x0000000010003328                rom_funcs_lookup
 .text.__wrap___aeabi_idiv
                0x000000001000336c       0x50 CMakeFiles/pico_sem_test.dir/__/__/src/rp2_common/pico_divider/divider.S.obj
                0x000000001000336c                __wrap___aeabi_idivmod
                0x000000001000336c                divmod_s32s32
                0x000000001000336c                div_s32s32
                0x000000001000336c                __wrap___aeabi_idiv
                0x0000000010003374                divmod_s32s32_unsafe
                0x00000000100033a0                divmod_s32s32_savestate
 .text.__wrap___aeabi_uidiv
                0x00000000100033bc       0x4c CMakeFiles/pico_sem_test.dir/__/__/src/rp2_common/pico_divider/divider.S.obj
                0x00000000100033bc                __wrap___aeabi_uidiv
                0x00000000100033bc                __wrap___aeabi_uidivmod
                0x00000000100033bc                div_u32u32
                0x00000000100033bc                divmod_u32u32
                0x00000000100033c4                divmod_u32u32_unsafe
                0x00000000100033ec                divmod_u32u32_savestate
 .text.__wrap___aeabi_ldiv
                0x0000000010003408      0x434 CMakeFiles/pico_sem_test.dir/__/__/src/rp2_common/pico_divider/divider.S.obj
                0x0000000010003408                div_s64s64
                0x0000000010003408                divmod_s64s64
                0x0000000010003408                __wrap___aeabi_ldivmod
                0x0000000010003440                div_u64u64
                0x0000000010003440                divmod_u64u64
                0x0000000010003440                __wrap___aeabi_uldivmod
                0x0000000010003450                divmod_u64u64_savestate
                0x0000000010003478                divmod_s64s64_unsafe
                0x0000000010003500                divmod_u64u64_unsafe
 .text.__wrap___aeabi_darithmetic
                0x000000001000383c       0x80 CMakeFiles/pico_sem_test.dir/__/__/src/rp2_common/pico_double/double_aeabi.S.obj
                0x000000001000383c                __wrap___aeabi_drsub
                0x0000000010003842                __wrap___aeabi_dsub
                0x0000000010003854                __wrap___aeabi_dadd
                0x0000000010003866                __wrap___aeabi_ddiv
                0x00000000100038a2                __wrap___aeabi_dmul
 .text.__wrap___aeabi_cdcmple
                0x00000000100038bc       0x6c CMakeFiles/pico_sem_test.dir/__/__/src/rp2_common/pico_double/double_aeabi.S.obj
                0x00000000100038bc                __wrap___aeabi_cdrcmple
                0x00000000100038cc                __wrap___aeabi_cdcmple
                0x00000000100038cc                __wrap___aeabi_cdcmpeq
 .text.__wrap___aeabi_dcmplt
                0x0000000010003928        0xc CMakeFiles/pico_sem_test.dir/__/__/src/rp2_common/pico_double/double_aeabi.S.obj
                0x0000000010003928                __wrap___aeabi_dcmplt
 .text.__wrap___aeabi_dcmpge
                0x0000000010003934       0x10 CMakeFiles/pico_sem_test.dir/__/__/src/rp2_common/pico_double/double_aeabi.S.obj
                0x0000000010003934                __wrap___aeabi_dcmpge
 .text.__wrap___aeabi_dcmpgt
                0x0000000010003944        0xa CMakeFiles/pico_sem_test.dir/__/__/src/rp2_common/pico_double/double_aeabi.S.obj
                0x0000000010003944                __wrap___aeabi_dcmpgt
 .text.__wrap___aeabi_dcmpun
                0x000000001000394e       0x1c CMakeFiles/pico_sem_test.dir/__/__/src/rp2_common/pico_double/double_aeabi.S.obj
                0x000000001000394e                __wrap___aeabi_dcmpun
 *fill*         0x000000001000396a        0x2 
 .text.__wrap___aeabi_i2d
                0x000000001000396c       0x38 CMakeFiles/pico_sem_test.dir/__/__/src/rp2_common/pico_double/double_aeabi.S.obj
                0x000000001000396c                __wrap___aeabi_ui2d
                0x0000000010003974                __wrap___aeabi_i2d
 .text.__wrap___aeabi_d2iz
                0x00000000100039a4       0x48 CMakeFiles/pico_sem_test.dir/__/__/src/rp2_common/pico_double/double_aeabi.S.obj
                0x00000000100039a4                __wrap___aeabi_d2iz
                0x00000000100039a4                double2int_z
 .text.__wrap___aeabi_d2uiz
                0x00000000100039ec       0x18 CMakeFiles/pico_sem_test.dir/__/__/src/rp2_common/pico_double/double_aeabi.S.obj
                0x00000000100039ec                double2uint
                0x00000000100039ec                __wrap___aeabi_d2uiz
 .text.__aeabi_double_init
                0x0000000010003a04       0x60 CMakeFiles/pico_sem_test.dir/__/__/src/rp2_common/pico_double/double_init_rom.c.obj
                0x0000000010003a04                __aeabi_double_init
 .text.double_table_shim_on_use_helper
                0x0000000010003a64       0x2c CMakeFiles/pico_sem_test.dir/__/__/src/rp2_common/pico_double/double_v1_rom_shim.S.obj
                0x0000000010003a64                double_table_shim_on_use_helper
 .text.__wrap___aeabi_dsub
                0x0000000010003a90       0x10 CMakeFiles/pico_sem_test.dir/__/__/src/rp2_common/pico_double/double_v1_rom_shim.S.obj
                0x0000000010003a90                drsub_shim
                0x0000000010003a96                dsub_shim
 .text.dadd_shim
                0x0000000010003aa0      0x15c CMakeFiles/pico_sem_test.dir/__/__/src/rp2_common/pico_double/double_v1_rom_shim.S.obj
                0x0000000010003aa0                dadd_shim
 .text.dmul_shim
                0x0000000010003bfc      0x15c CMakeFiles/pico_sem_test.dir/__/__/src/rp2_common/pico_double/double_v1_rom_shim.S.obj
                0x0000000010003bfc                dmul_shim
 .text.ddiv_shim
                0x0000000010003d58      0x1b0 CMakeFiles/pico_sem_test.dir/__/__/src/rp2_common/pico_double/double_v1_rom_shim.S.obj
                0x0000000010003d58                ddiv_shim
 .text.double2uint_shim
                0x0000000010003f08        0xe CMakeFiles/pico_sem_test.dir/__/__/src/rp2_common/pico_double/double_v1_rom_shim.S.obj
                0x0000000010003f08                double2uint_shim
                0x0000000010003f0a                double2ufix_shim
 *fill*         0x0000000010003f16        0x2 
 .text.double2uint64_shim
                0x0000000010003f18       0x70 CMakeFiles/pico_sem_test.dir/__/__/src/rp2_common/pico_double/double_v1_rom_shim.S.obj
                0x0000000010003f18                double2uint64_shim
                0x0000000010003f1a                double2ufix64_shim
                0x0000000010003f3a                d2fix_a
 .text.dunpacks
                0x0000000010003f88       0x3c CMakeFiles/pico_sem_test.dir/__/__/src/rp2_common/pico_double/double_v1_rom_shim.S.obj
                0x0000000010003f88                dunpacks
 .text.__aeabi_float_init
                0x0000000010003fc4       0x68 CMakeFiles/pico_sem_test.dir/__/__/src/rp2_common/pico_float/float_init_rom.c.obj
                0x0000000010003fc4                __aeabi_float_init
 .text.float_table_shim_on_use_helper
                0x000000001000402c       0x2c CMakeFiles/pico_sem_test.dir/__/__/src/rp2_common/pico_float/float_v1_rom_shim.S.obj
                0x000000001000402c                float_table_shim_on_use_helper
 .text          0x0000000010004058       0x10 CMakeFiles/pico_sem_test.dir/__/__/src/rp2_common/pico_mem_ops/mem_ops_aeabi.S.obj
                0x0000000010004058                __aeabi_mem_init
 .text.memset   0x0000000010004068        0xc CMakeFiles/pico_sem_test.dir/__/__/src/rp2_common/pico_mem_ops/mem_ops_aeabi.S.obj
                0x0000000010004068                __wrap_memset
 .text.memcpy   0x0000000010004074        0xc CMakeFiles/pico_sem_test.dir/__/__/src/rp2_common/pico_mem_ops/mem_ops_aeabi.S.obj
                0x0000000010004074                __wrap___aeabi_memcpy
                0x0000000010004074                __wrap_memcpy
 .text.stdio_out_chars_crlf
                0x0000000010004080       0xbc CMakeFiles/pico_sem_test.dir/__/__/src/rp2_common/pico_stdio/stdio.c.obj
 .text.stdio_buffered_printer
                0x000000001000413c       0x64 CMakeFiles/pico_sem_test.dir/__/__/src/rp2_common/pico_stdio/stdio.c.obj
 .text.__wrap_puts
                0x00000000100041a0       0xdc CMakeFiles/pico_sem_test.dir/__/__/src/rp2_common/pico_stdio/stdio.c.obj
                0x00000000100041a0                __wrap_puts
 .text._read    0x000000001000427c       0x90 CMakeFiles/pico_sem_test.dir/__/__/src/rp2_common/pico_stdio/stdio.c.obj
                0x000000001000427c                _read
 .text._write   0x000000001000430c       0xac CMakeFiles/pico_sem_test.dir/__/__/src/rp2_common/pico_stdio/stdio.c.obj
                0x000000001000430c                _write
 .text.stdio_set_driver_enabled
                0x00000000100043b8       0x30 CMakeFiles/pico_sem_test.dir/__/__/src/rp2_common/pico_stdio/stdio.c.obj
                0x00000000100043b8                stdio_set_driver_enabled
 .text.__wrap_vprintf
                0x00000000100043e8       0xd0 CMakeFiles/pico_sem_test.dir/__/__/src/rp2_common/pico_stdio/stdio.c.obj
                0x00000000100043e8                __wrap_vprintf
 .text.__wrap_printf
                0x00000000100044b8       0x18 CMakeFiles/pico_sem_test.dir/__/__/src/rp2_common/pico_stdio/stdio.c.obj
                0x00000000100044b8                __wrap_printf
 .text.stdio_init_all
                0x00000000100044d0        0x8 CMakeFiles/pico_sem_test.dir/__/__/src/rp2_common/pico_stdio/stdio.c.obj
                0x00000000100044d0                stdio_init_all
 .text.stdio_uart_out_chars
                0x00000000100044d8       0x4c CMakeFiles/pico_sem_test.dir/__/__/src/rp2_common/pico_stdio_uart/stdio_uart.c.obj
 .text.stdio_uart_in_chars
                0x0000000010004524       0x3c CMakeFiles/pico_sem_test.dir/__/__/src/rp2_common/pico_stdio_uart/stdio_uart.c.obj
                0x0000000010004524                stdio_uart_in_chars
 .text.stdio_uart_init
                0x0000000010004560       0x48 CMakeFiles/pico_sem_test.dir/__/__/src/rp2_common/pico_stdio_uart/stdio_uart.c.obj
                0x0000000010004560                stdio_uart_init
 .text          0x00000000100045a8      0x558 /usr/lib/gcc/arm-none-eabi/6.3.1/../../../arm-none-eabi/lib/thumb/v6-m/libc.a(lib_a-mallocr.o)
                0x00000000100045a8                _malloc_r
 .text          0x0000000010004b00        0x8 /usr/lib/gcc/arm-none-eabi/6.3.1/../../../arm-none-eabi/lib/thumb/v6-m/libc.a(lib_a-mlock.o)
                0x0000000010004b00                __malloc_lock
                0x0000000010004b04                __malloc_unlock
 .text          0x0000000010004b08       0x24 /usr/lib/gcc/arm-none-eabi/6.3.1/../../../arm-none-eabi/lib/thumb/v6-m/libc.a(lib_a-sbrkr.o)
                0x0000000010004b08                _sbrk_r
 .text          0x0000000010004b2c       0x64 /usr/lib/gcc/arm-none-eabi/6.3.1/../../../arm-none-eabi/lib/thumb/v6-m/libc.a(lib_a-strlen-stub.o)
                0x0000000010004b2c                strlen
 .text          0x0000000010004b90       0xd4 /usr/lib/gcc/arm-none-eabi/6.3.1/../../../arm-none-eabi/lib/thumb/v6-m/libc.a(lib_a-wbuf.o)
                0x0000000010004b90                __swbuf_r
                0x0000000010004c4c                __swbuf
 .text          0x0000000010004c64       0xd4 /usr/lib/gcc/arm-none-eabi/6.3.1/../../../arm-none-eabi/lib/thumb/v6-m/libc.a(lib_a-wsetup.o)
                0x0000000010004c64                __swsetup_r
 .text          0x0000000010004d38      0x1a4 /usr/lib/gcc/arm-none-eabi/6.3.1/../../../arm-none-eabi/lib/thumb/v6-m/libc.a(lib_a-fflush.o)
                0x0000000010004d38                __sflush_r
                0x0000000010004e88                _fflush_r
                0x0000000010004eb4                fflush
 .text          0x0000000010004edc      0x22c /usr/lib/gcc/arm-none-eabi/6.3.1/../../../arm-none-eabi/lib/thumb/v6-m/libc.a(lib_a-findfp.o)
                0x0000000010004ee0                _cleanup_r
                0x0000000010004fe4                __sfmoreglue
                0x0000000010005014                __sfp
                0x00000000100050a0                _cleanup
                0x00000000100050b8                __sinit
                0x00000000100050c8                __sfp_lock_acquire
                0x00000000100050cc                __sfp_lock_release
                0x00000000100050d0                __sinit_lock_acquire
                0x00000000100050d4                __sinit_lock_release
                0x00000000100050d8                __fp_lock_all
                0x00000000100050f0                __fp_unlock_all
 .text          0x0000000010005108      0x25c /usr/lib/gcc/arm-none-eabi/6.3.1/../../../arm-none-eabi/lib/thumb/v6-m/libc.a(lib_a-freer.o)
                0x0000000010005108                _malloc_trim_r
                0x00000000100051a8                _free_r
 .text          0x0000000010005364       0x90 /usr/lib/gcc/arm-none-eabi/6.3.1/../../../arm-none-eabi/lib/thumb/v6-m/libc.a(lib_a-fwalk.o)
                0x0000000010005364                _fwalk
                0x00000000100053a8                _fwalk_reent
 .text          0x00000000100053f4       0xe8 /usr/lib/gcc/arm-none-eabi/6.3.1/../../../arm-none-eabi/lib/thumb/v6-m/libc.a(lib_a-makebuf.o)
                0x00000000100053f4                __swhatbuf_r
                0x0000000010005454                __smakebuf_r
 .text          0x00000000100054dc       0xa0 /usr/lib/gcc/arm-none-eabi/6.3.1/../../../arm-none-eabi/lib/thumb/v6-m/libc.a(lib_a-stdio.o)
                0x00000000100054dc                __sread
                0x0000000010005504                __seofread
                0x0000000010005508                __swrite
                0x0000000010005544                __sseek
                0x0000000010005570                __sclose
 .text          0x000000001000557c       0x28 /usr/lib/gcc/arm-none-eabi/6.3.1/../../../arm-none-eabi/lib/thumb/v6-m/libc.a(lib_a-writer.o)
                0x000000001000557c                _write_r
 .text          0x00000000100055a4       0x24 /usr/lib/gcc/arm-none-eabi/6.3.1/../../../arm-none-eabi/lib/thumb/v6-m/libc.a(lib_a-closer.o)
                0x00000000100055a4                _close_r
 .text          0x00000000100055c8       0xa0 /usr/lib/gcc/arm-none-eabi/6.3.1/../../../arm-none-eabi/lib/thumb/v6-m/libc.a(lib_a-fclose.o)
                0x00000000100055c8                _fclose_r
                0x0000000010005654                fclose
 .text          0x0000000010005668       0x28 /usr/lib/gcc/arm-none-eabi/6.3.1/../../../arm-none-eabi/lib/thumb/v6-m/libc.a(lib_a-fstatr.o)
                0x0000000010005668                _fstat_r
 .text          0x0000000010005690       0x24 /usr/lib/gcc/arm-none-eabi/6.3.1/../../../arm-none-eabi/lib/thumb/v6-m/libc.a(lib_a-isattyr.o)
                0x0000000010005690                _isatty_r
 .text          0x00000000100056b4       0x28 /usr/lib/gcc/arm-none-eabi/6.3.1/../../../arm-none-eabi/lib/thumb/v6-m/libc.a(lib_a-lseekr.o)
                0x00000000100056b4                _lseek_r
 .text          0x00000000100056dc       0x28 /usr/lib/gcc/arm-none-eabi/6.3.1/../../../arm-none-eabi/lib/thumb/v6-m/libc.a(lib_a-readr.o)
                0x00000000100056dc                _read_r
 .text          0x0000000010005704       0x10 /usr/lib/gcc/arm-none-eabi/6.3.1/../../../arm-none-eabi/lib/thumb/v6-m/libnosys.a(close.o)
                0x0000000010005704                _close
 .text          0x0000000010005714       0x10 /usr/lib/gcc/arm-none-eabi/6.3.1/../../../arm-none-eabi/lib/thumb/v6-m/libnosys.a(fstat.o)
                0x0000000010005714                _fstat
 .text          0x0000000010005724       0x10 /usr/lib/gcc/arm-none-eabi/6.3.1/../../../arm-none-eabi/lib/thumb/v6-m/libnosys.a(isatty.o)
                0x0000000010005724                _isatty
 .text          0x0000000010005734       0x10 /usr/lib/gcc/arm-none-eabi/6.3.1/../../../arm-none-eabi/lib/thumb/v6-m/libnosys.a(lseek.o)
                0x0000000010005734                _lseek
 *(.fini)
 .fini          0x0000000010005744        0x4 /usr/lib/gcc/arm-none-eabi/6.3.1/thumb/v6-m/crti.o
                0x0000000010005744                _fini
 .fini.__stub   0x0000000010005748       0x60 linker stubs
 *crtbegin.o(.ctors)
 *crtbegin?.o(.ctors)
 *(EXCLUDE_FILE(*crtend.o *crtend?.o) .ctors)
 *(SORT(.ctors.*))
 *(.ctors)
 *crtbegin.o(.dtors)
 *crtbegin?.o(.dtors)
 *(EXCLUDE_FILE(*crtend.o *crtend?.o) .dtors)
 *(SORT(.dtors.*))
 *(.dtors)
 *(.eh_frame*)
 .eh_frame      0x00000000100057a8        0x0 /usr/lib/gcc/arm-none-eabi/6.3.1/thumb/v6-m/crtbegin.o
                0x00000000100057a8                . = ALIGN (0x4)

.glue_7         0x00000000100057a8        0x0
 .glue_7        0x00000000100057a8        0x0 linker stubs

.glue_7t        0x00000000100057a8        0x0
 .glue_7t       0x00000000100057a8        0x0 linker stubs

.vfp11_veneer   0x00000000100057a8        0x0
 .vfp11_veneer  0x00000000100057a8        0x0 linker stubs

.v4_bx          0x00000000100057a8        0x0
 .v4_bx         0x00000000100057a8        0x0 linker stubs

.iplt           0x00000000100057a8        0x0
 .iplt          0x00000000100057a8        0x0 /usr/lib/gcc/arm-none-eabi/6.3.1/thumb/v6-m/crtbegin.o

.rodata         0x00000000100057a8      0x434
 *(EXCLUDE_FILE(*libm.a: *libc.a:*lib_a-mem*.o *libgcc.a:) .rodata*)
 .rodata.main.str1.4
                0x00000000100057a8       0xd5 CMakeFiles/pico_sem_test.dir/pico_sem_test.c.obj
 *fill*         0x000000001000587d        0x3 
 .rodata.str1.4
                0x0000000010005880       0x14 CMakeFiles/pico_sem_test.dir/pico_sem_test.c.obj
 *fill*         0x0000000010005894        0x4 
 .rodata.at_the_end_of_time
                0x0000000010005898        0x8 CMakeFiles/pico_sem_test.dir/__/__/src/common/pico_time/time.c.obj
                0x0000000010005898                at_the_end_of_time
 .rodata.hardware_alarm_claim.str1.4
                0x00000000100058a0       0x22 CMakeFiles/pico_sem_test.dir/__/__/src/rp2_common/hardware_timer/timer.c.obj
 *fill*         0x00000000100058c2        0x2 
 .rodata.hard_assertion_failure.str1.4
                0x00000000100058c4        0xc CMakeFiles/pico_sem_test.dir/__/__/src/rp2_common/pico_runtime/runtime.c.obj
 .rodata.panic.str1.4
                0x00000000100058d0       0x10 CMakeFiles/pico_sem_test.dir/__/__/src/rp2_common/pico_runtime/runtime.c.obj
                                         0x12 (size before relaxing)
 .rodata._vsnprintf
                0x00000000100058e0      0x1e0 CMakeFiles/pico_sem_test.dir/__/__/src/rp2_common/pico_printf/printf.c.obj
 .rodata._ftoa.str1.4
                0x0000000010005ac0       0x15 CMakeFiles/pico_sem_test.dir/__/__/src/rp2_common/pico_printf/printf.c.obj
 *fill*         0x0000000010005ad5        0x3 
 .rodata.pow10.5365
                0x0000000010005ad8       0x50 CMakeFiles/pico_sem_test.dir/__/__/src/rp2_common/pico_printf/printf.c.obj
 .rodata.__bi_44
                0x0000000010005b28        0xc CMakeFiles/pico_sem_test.dir/__/__/src/rp2_common/pico_standard_link/binary_info.c.obj
 .rodata.__bi_75
                0x0000000010005b34        0xc CMakeFiles/pico_sem_test.dir/__/__/src/rp2_common/pico_standard_link/binary_info.c.obj
 .rodata.__bi_81
                0x0000000010005b40        0xc CMakeFiles/pico_sem_test.dir/__/__/src/rp2_common/pico_standard_link/binary_info.c.obj
 .rodata.str1.4
                0x0000000010005b4c       0x44 CMakeFiles/pico_sem_test.dir/__/__/src/rp2_common/pico_standard_link/binary_info.c.obj
 .rodata.crlf_str.5945
                0x0000000010005b90        0x2 CMakeFiles/pico_sem_test.dir/__/__/src/rp2_common/pico_stdio/stdio.c.obj
 *fill*         0x0000000010005b92        0x2 
 .rodata.__bi_28.4831
                0x0000000010005b94        0xc CMakeFiles/pico_sem_test.dir/__/__/src/rp2_common/pico_stdio_uart/stdio_uart.c.obj
 .rodata.__bi_29.4835
                0x0000000010005ba0        0x8 CMakeFiles/pico_sem_test.dir/__/__/src/rp2_common/pico_stdio_uart/stdio_uart.c.obj
 .rodata.str1.4
                0x0000000010005ba8       0x2c CMakeFiles/pico_sem_test.dir/__/__/src/rp2_common/pico_stdio_uart/stdio_uart.c.obj
 .rodata        0x0000000010005bd4        0x4 /usr/lib/gcc/arm-none-eabi/6.3.1/../../../arm-none-eabi/lib/thumb/v6-m/libc.a(lib_a-impure.o)
                0x0000000010005bd4                _global_impure_ptr
 .rodata.str1.4
                0x0000000010005bd8        0x4 /usr/lib/gcc/arm-none-eabi/6.3.1/../../../arm-none-eabi/lib/thumb/v6-m/libc.a(lib_a-impure.o)
                                          0x2 (size before relaxing)
                0x0000000010005bdc                . = ALIGN (0x4)
 *(SORT(.flashdata*))
                0x0000000010005bdc                . = ALIGN (0x4)

.rel.dyn        0x0000000010005bdc        0x0
 .rel.iplt      0x0000000010005bdc        0x0 /usr/lib/gcc/arm-none-eabi/6.3.1/thumb/v6-m/crtbegin.o

.ARM.extab
 *(.ARM.extab* .gnu.linkonce.armextab.*)
                0x0000000010005bdc                __exidx_start = .

.ARM.exidx
 *(.ARM.exidx* .gnu.linkonce.armexidx.*)
                0x0000000010005bdc                __exidx_end = .
                0x0000000010005bdc                . = ALIGN (0x4)
                0x0000000010005bdc                __binary_info_start = .

.binary_info    0x0000000010005bdc       0x24
 *(.binary_info.keep.*)
 .binary_info.keep.__bi_ptr22
                0x0000000010005bdc        0x4 CMakeFiles/pico_sem_test.dir/__/__/src/rp2_common/pico_standard_link/binary_info.c.obj
 .binary_info.keep.__bi_ptr30
                0x0000000010005be0        0x4 CMakeFiles/pico_sem_test.dir/__/__/src/rp2_common/pico_standard_link/binary_info.c.obj
 .binary_info.keep.__bi_ptr38
                0x0000000010005be4        0x4 CMakeFiles/pico_sem_test.dir/__/__/src/rp2_common/pico_standard_link/binary_info.c.obj
 .binary_info.keep.__bi_ptr44
                0x0000000010005be8        0x4 CMakeFiles/pico_sem_test.dir/__/__/src/rp2_common/pico_standard_link/binary_info.c.obj
 .binary_info.keep.__bi_ptr50
                0x0000000010005bec        0x4 CMakeFiles/pico_sem_test.dir/__/__/src/rp2_common/pico_standard_link/binary_info.c.obj
 .binary_info.keep.__bi_ptr75
                0x0000000010005bf0        0x4 CMakeFiles/pico_sem_test.dir/__/__/src/rp2_common/pico_standard_link/binary_info.c.obj
 .binary_info.keep.__bi_ptr81
                0x0000000010005bf4        0x4 CMakeFiles/pico_sem_test.dir/__/__/src/rp2_common/pico_standard_link/binary_info.c.obj
 *(.binary_info.*)
 .binary_info.__bi_ptr28
                0x0000000010005bf8        0x4 CMakeFiles/pico_sem_test.dir/__/__/src/rp2_common/pico_stdio_uart/stdio_uart.c.obj
 .binary_info.__bi_ptr29
                0x0000000010005bfc        0x4 CMakeFiles/pico_sem_test.dir/__/__/src/rp2_common/pico_stdio_uart/stdio_uart.c.obj
                0x0000000010005c00                __binary_info_end = .
                0x0000000010005c00                . = ALIGN (0x4)
                0x0000000010005c00                __etext = .

.ram_vector_table
                0x0000000020000000       0xc0
 *(.ram_vector_table)
 .ram_vector_table
                0x0000000020000000       0xc0 CMakeFiles/pico_sem_test.dir/__/__/src/rp2_common/pico_runtime/runtime.c.obj
                0x0000000020000000                ram_vector_table

.data           0x00000000200000c0      0xa14 load address 0x0000000010005c00
                0x00000000200000c0                __data_start__ = .
 *(vtable)
 *(.time_critical*)
 .time_critical.sem_try_acquire
                0x00000000200000c0       0x44 CMakeFiles/pico_sem_test.dir/__/__/src/common/pico_sync/sem.c.obj
                0x00000000200000c0                sem_try_acquire
 .time_critical.mutex_enter_blocking
                0x0000000020000104       0x48 CMakeFiles/pico_sem_test.dir/__/__/src/common/pico_sync/mutex.c.obj
                0x0000000020000104                mutex_enter_blocking
 .time_critical.mutex_try_enter
                0x000000002000014c       0x48 CMakeFiles/pico_sem_test.dir/__/__/src/common/pico_sync/mutex.c.obj
                0x000000002000014c                mutex_try_enter
 .time_critical.mutex_exit
                0x0000000020000194       0x28 CMakeFiles/pico_sem_test.dir/__/__/src/common/pico_sync/mutex.c.obj
                0x0000000020000194                mutex_exit
 *(.text*)
 .text          0x00000000200001bc        0x4 /usr/lib/gcc/arm-none-eabi/6.3.1/thumb/v6-m/libgcc.a(_dvmd_tls.o)
                0x00000000200001bc                __aeabi_ldiv0
                0x00000000200001bc                __aeabi_idiv0
                0x00000000200001c0                . = ALIGN (0x4)
 *(.rodata*)
                0x00000000200001c0                . = ALIGN (0x4)
 *(.data*)
 .data.picotest_description
                0x00000000200001c0        0x4 CMakeFiles/pico_sem_test.dir/pico_sem_test.c.obj
                0x00000000200001c0                picotest_description
 .data.picotest_module
                0x00000000200001c4        0x4 CMakeFiles/pico_sem_test.dir/pico_sem_test.c.obj
                0x00000000200001c4                picotest_module
 .data.striped_spin_lock_num
                0x00000000200001c8        0x1 CMakeFiles/pico_sem_test.dir/__/__/src/rp2_common/hardware_sync/sync.c.obj
 *fill*         0x00000000200001c9        0x3 
 .data          0x00000000200001cc       0x48 CMakeFiles/pico_sem_test.dir/__/__/src/rp2_common/hardware_irq/irq_handler_chain.S.obj
                0x00000000200001cc                irq_handler_chain_slots
                0x00000000200001fc                irq_handler_chain_first_slot
                0x0000000020000206                irq_handler_chain_remove_tail
 .data.default_alarm_pool
                0x0000000020000214       0x18 CMakeFiles/pico_sem_test.dir/__/__/src/common/pico_time/time.c.obj
 .data.default_alarm_pool_heap
                0x000000002000022c       0x10 CMakeFiles/pico_sem_test.dir/__/__/src/common/pico_time/time.c.obj
 *fill*         0x000000002000023c        0x4 
 .data.aeabi_bits_funcs
                0x0000000020000240       0x10 CMakeFiles/pico_sem_test.dir/__/__/src/rp2_common/pico_bit_ops/bit_ops_aeabi.S.obj
                0x0000000020000240                aeabi_bits_funcs
                0x0000000020000250                aeabi_bits_funcs_end
 .data.aeabi_mem_funcs
                0x0000000020000250       0x10 CMakeFiles/pico_sem_test.dir/__/__/src/rp2_common/pico_mem_ops/mem_ops_aeabi.S.obj
                0x0000000020000250                aeabi_mem_funcs
                0x0000000020000260                aeabi_mem_funcs_end
 .data.stdio_uart
                0x0000000020000260       0x14 CMakeFiles/pico_sem_test.dir/__/__/src/rp2_common/pico_stdio_uart/stdio_uart.c.obj
                0x0000000020000260                stdio_uart
 *fill*         0x0000000020000274        0x4 
 .data          0x0000000020000278      0x430 /usr/lib/gcc/arm-none-eabi/6.3.1/../../../arm-none-eabi/lib/thumb/v6-m/libc.a(lib_a-impure.o)
                0x0000000020000278                _impure_ptr
 .data          0x00000000200006a8      0x410 /usr/lib/gcc/arm-none-eabi/6.3.1/../../../arm-none-eabi/lib/thumb/v6-m/libc.a(lib_a-mallocr.o)
                0x00000000200006a8                __malloc_av_
                0x0000000020000ab0                __malloc_sbrk_base
                0x0000000020000ab4                __malloc_trim_threshold
                0x0000000020000ab8                . = ALIGN (0x4)
 *(.after_data.*)
                0x0000000020000ab8                . = ALIGN (0x4)
                0x0000000020000ab8                PROVIDE (__mutex_array_start, .)
 *(SORT(.mutex_array.*))
 *(.mutex_array)
 .mutex_array   0x0000000020000ab8        0x8 CMakeFiles/pico_sem_test.dir/__/__/src/rp2_common/pico_stdio/stdio.c.obj
                0x0000000020000ac0                PROVIDE (__mutex_array_end, .)
                0x0000000020000ac0                . = ALIGN (0x4)
                0x0000000020000ac0                PROVIDE (__preinit_array_start, .)
 *(SORT(.preinit_array.*))
 .preinit_array.00001
                0x0000000020000ac0        0x4 CMakeFiles/pico_sem_test.dir/__/__/src/rp2_common/pico_mem_ops/mem_ops_aeabi.S.obj
 .preinit_array.00010
                0x0000000020000ac4        0x4 CMakeFiles/pico_sem_test.dir/__/__/src/rp2_common/pico_bit_ops/bit_ops_aeabi.S.obj
 .preinit_array.00020
                0x0000000020000ac8        0x4 CMakeFiles/pico_sem_test.dir/__/__/src/rp2_common/pico_double/double_aeabi.S.obj
 .preinit_array.00020
                0x0000000020000acc        0x4 CMakeFiles/pico_sem_test.dir/__/__/src/rp2_common/pico_float/float_aeabi.S.obj
 *(.preinit_array)
                0x0000000020000ad0                PROVIDE (__preinit_array_end, .)
                0x0000000020000ad0                . = ALIGN (0x4)
                0x0000000020000ad0                PROVIDE (__init_array_start, .)
 *(SORT(.init_array.*))
 *(.init_array)
 .init_array    0x0000000020000ad0        0x4 /usr/lib/gcc/arm-none-eabi/6.3.1/thumb/v6-m/crtbegin.o
                0x0000000020000ad4                PROVIDE (__init_array_end, .)
                0x0000000020000ad4                . = ALIGN (0x4)
                0x0000000020000ad4                PROVIDE (__fini_array_start, .)
 *(SORT(.fini_array.*))
 *(.fini_array)
                0x0000000020000ad4                PROVIDE (__fini_array_end, .)
 *(.jcr)
 .jcr           0x0000000020000ad4        0x0 /usr/lib/gcc/arm-none-eabi/6.3.1/thumb/v6-m/crtbegin.o
                0x0000000020000ad4                . = ALIGN (0x4)
                0x0000000020000ad4                __data_end__ = .

.tm_clone_table
                0x0000000020000ad4        0x0 load address 0x0000000010006614
 .tm_clone_table
                0x0000000020000ad4        0x0 /usr/lib/gcc/arm-none-eabi/6.3.1/thumb/v6-m/crtbegin.o
 .tm_clone_table
                0x0000000020000ad4        0x0 /usr/lib/gcc/arm-none-eabi/6.3.1/thumb/v6-m/crtend.o

.igot.plt       0x0000000020000ad4        0x0 load address 0x0000000010006614
 .igot.plt      0x0000000020000ad4        0x0 /usr/lib/gcc/arm-none-eabi/6.3.1/thumb/v6-m/crtbegin.o

.uninitialized_data
                0x0000000020000ad4        0x0 load address 0x0000000010006614
                0x0000000020000ad4                . = ALIGN (0x4)
 *(.uninitialized_data*)

.scratch_x      0x0000000020040000        0x0 load address 0x0000000010006614
                0x0000000020040000                __scratch_x_start__ = .
 *(.scratch_x.*)
                0x0000000020040000                . = ALIGN (0x4)
                0x0000000020040000                __scratch_x_end__ = .
                0x0000000010006614                __scratch_x_source__ = LOADADDR (.scratch_x)

.scratch_y      0x0000000020041000        0x0 load address 0x0000000010006614
                0x0000000020041000                __scratch_y_start__ = .
 *(.scratch_y.*)
                0x0000000020041000                . = ALIGN (0x4)
                0x0000000020041000                __scratch_y_end__ = .
                0x0000000010006614                __scratch_y_source__ = LOADADDR (.scratch_y)

.bss            0x0000000020000ad8      0x414
                0x0000000020000ad8                . = ALIGN (0x4)
                0x0000000020000ad8                __bss_start__ = .
 *(SORT(.bss*))
 .bss.default_alarm_pool_entries
                0x0000000020000ad8      0x100 CMakeFiles/pico_sem_test.dir/__/__/src/common/pico_time/time.c.obj
 .bss           0x0000000020000bd8       0x1c /usr/lib/gcc/arm-none-eabi/6.3.1/thumb/v6-m/crtbegin.o
 .bss           0x0000000020000bf4       0x34 /usr/lib/gcc/arm-none-eabi/6.3.1/../../../arm-none-eabi/lib/thumb/v6-m/libc.a(lib_a-mallocr.o)
                0x0000000020000bf4                __malloc_top_pad
                0x0000000020000bf8                __malloc_current_mallinfo
                0x0000000020000c20                __malloc_max_sbrked_mem
                0x0000000020000c24                __malloc_max_total_mem
 .bss.alarm_callbacks
                0x0000000020000c28       0x10 CMakeFiles/pico_sem_test.dir/__/__/src/rp2_common/hardware_timer/timer.c.obj
 .bss.configured_freq
                0x0000000020000c38       0x28 CMakeFiles/pico_sem_test.dir/__/__/src/rp2_common/hardware_clocks/clocks.c.obj
 .bss.default_alarm_pool_entry_ids_high
                0x0000000020000c60       0x10 CMakeFiles/pico_sem_test.dir/__/__/src/common/pico_time/time.c.obj
 .bss.default_alarm_pool_heap_nodes
                0x0000000020000c70       0x30 CMakeFiles/pico_sem_test.dir/__/__/src/common/pico_time/time.c.obj
 .bss.drivers   0x0000000020000ca0        0x4 CMakeFiles/pico_sem_test.dir/__/__/src/rp2_common/pico_stdio/stdio.c.obj
 .bss.filter    0x0000000020000ca4        0x4 CMakeFiles/pico_sem_test.dir/__/__/src/rp2_common/pico_stdio/stdio.c.obj
 .bss.heap_end.5786
                0x0000000020000ca8        0x4 CMakeFiles/pico_sem_test.dir/__/__/src/rp2_common/pico_runtime/runtime.c.obj
 .bss.lazy_vsnprintf
                0x0000000020000cac        0x4 CMakeFiles/pico_sem_test.dir/__/__/src/rp2_common/pico_printf/printf.c.obj
 .bss.pools     0x0000000020000cb0       0x10 CMakeFiles/pico_sem_test.dir/__/__/src/common/pico_time/time.c.obj
 .bss.sf_clz_func
                0x0000000020000cc0        0x4 CMakeFiles/pico_sem_test.dir/__/__/src/rp2_common/pico_double/double_init_rom.c.obj
                0x0000000020000cc0                sf_clz_func
 .bss.sleep_notifier
                0x0000000020000cc4        0x4 CMakeFiles/pico_sem_test.dir/__/__/src/common/pico_time/time.c.obj
 .bss.target_hi
                0x0000000020000cc8       0x10 CMakeFiles/pico_sem_test.dir/__/__/src/rp2_common/hardware_timer/timer.c.obj
 .bss.uart_instance
                0x0000000020000cd8        0x4 CMakeFiles/pico_sem_test.dir/__/__/src/rp2_common/pico_stdio_uart/stdio_uart.c.obj
 .bss.claimed   0x0000000020000cdc        0x1 CMakeFiles/pico_sem_test.dir/__/__/src/rp2_common/hardware_timer/timer.c.obj
 .bss.irq_hander_chain_free_slot_head
                0x0000000020000cdd        0x1 CMakeFiles/pico_sem_test.dir/__/__/src/rp2_common/hardware_irq/irq.c.obj
 .bss.timer_callbacks_pending
                0x0000000020000cde        0x1 CMakeFiles/pico_sem_test.dir/__/__/src/rp2_common/hardware_timer/timer.c.obj
 *(COMMON)
 *fill*         0x0000000020000cdf        0x1 
 COMMON         0x0000000020000ce0        0x4 CMakeFiles/pico_sem_test.dir/pico_sem_test.c.obj
                0x0000000020000ce0                picotest_error_code
 COMMON         0x0000000020000ce4        0x4 CMakeFiles/pico_sem_test.dir/__/__/src/rp2_common/hardware_uart/uart.c.obj
                0x0000000020000ce4                uart_char_to_line_feed
 COMMON         0x0000000020000ce8      0x100 CMakeFiles/pico_sem_test.dir/__/__/src/rp2_common/pico_double/double_init_rom.c.obj
                0x0000000020000ce8                sd_table
 COMMON         0x0000000020000de8      0x100 CMakeFiles/pico_sem_test.dir/__/__/src/rp2_common/pico_float/float_init_rom.c.obj
                0x0000000020000de8                sf_table
 COMMON         0x0000000020000ee8        0x4 /usr/lib/gcc/arm-none-eabi/6.3.1/../../../arm-none-eabi/lib/thumb/v6-m/libc.a(lib_a-reent.o)
                0x0000000020000ee8                errno
                0x0000000020000eec                . = ALIGN (0x4)
                0x0000000020000eec                __bss_end__ = .

.heap           0x0000000020000eec      0x800
                0x0000000020000eec                __end__ = .
                0x0000000020000eec                end = __end__
 *(.heap*)
 .heap          0x0000000020000eec      0x800 CMakeFiles/pico_sem_test.dir/__/__/src/rp2_common/pico_standard_link/crt0.S.obj
                0x00000000200016ec                __HeapLimit = .

.stack1_dummy   0x0000000020040000        0x0
 *(.stack1*)

.stack_dummy    0x0000000020041000      0x800
 *(.stack*)
 .stack         0x0000000020041000      0x800 CMakeFiles/pico_sem_test.dir/__/__/src/rp2_common/pico_standard_link/crt0.S.obj

.flash_end      0x0000000010006614        0x0
                0x0000000010006614                __flash_binary_end = .
                0x0000000020040000                __StackLimit = (ORIGIN (RAM) + LENGTH (RAM))
                0x0000000020041000                __StackOneTop = (ORIGIN (SCRATCH_X) + LENGTH (SCRATCH_X))
                0x0000000020042000                __StackTop = (ORIGIN (SCRATCH_Y) + LENGTH (SCRATCH_Y))
                0x0000000020041000                __StackOneBottom = (__StackOneTop - SIZEOF (.stack1_dummy))
                0x0000000020041800                __StackBottom = (__StackTop - SIZEOF (.stack_dummy))
                0x0000000020042000                PROVIDE (__stack, __StackTop)
                0x0000000000000001                ASSERT ((__StackLimit >= __HeapLimit), region RAM overflowed)
                0x0000000000000001                ASSERT (((__binary_info_header_end - __logical_binary_start) <= 0x100), Binary info must be in first 256 bytes of the binary)
LOAD CMakeFiles/pico_sem_test.dir/pico_sem_test.c.obj
LOAD CMakeFiles/pico_sem_test.dir/__/__/src/rp2_common/pico_stdlib/stdlib.c.obj
LOAD CMakeFiles/pico_sem_test.dir/__/__/src/rp2_common/hardware_gpio/gpio.c.obj
LOAD CMakeFiles/pico_sem_test.dir/__/__/src/rp2_common/hardware_claim/claim.c.obj
LOAD CMakeFiles/pico_sem_test.dir/__/__/src/rp2_common/pico_platform/platform.c.obj
LOAD CMakeFiles/pico_sem_test.dir/__/__/src/rp2_common/hardware_sync/sync.c.obj
LOAD CMakeFiles/pico_sem_test.dir/__/__/src/rp2_common/hardware_irq/irq.c.obj
LOAD CMakeFiles/pico_sem_test.dir/__/__/src/rp2_common/hardware_irq/irq_handler_chain.S.obj
LOAD CMakeFiles/pico_sem_test.dir/__/__/src/common/pico_sync/sem.c.obj
LOAD CMakeFiles/pico_sem_test.dir/__/__/src/common/pico_sync/lock_core.c.obj
LOAD CMakeFiles/pico_sem_test.dir/__/__/src/common/pico_time/time.c.obj
LOAD CMakeFiles/pico_sem_test.dir/__/__/src/common/pico_time/timeout_helper.c.obj
LOAD CMakeFiles/pico_sem_test.dir/__/__/src/rp2_common/hardware_timer/timer.c.obj
LOAD CMakeFiles/pico_sem_test.dir/__/__/src/common/pico_util/datetime.c.obj
LOAD CMakeFiles/pico_sem_test.dir/__/__/src/common/pico_util/pheap.c.obj
LOAD CMakeFiles/pico_sem_test.dir/__/__/src/common/pico_util/queue.c.obj
LOAD CMakeFiles/pico_sem_test.dir/__/__/src/common/pico_sync/mutex.c.obj
LOAD CMakeFiles/pico_sem_test.dir/__/__/src/common/pico_sync/critical_section.c.obj
LOAD CMakeFiles/pico_sem_test.dir/__/__/src/rp2_common/hardware_uart/uart.c.obj
LOAD CMakeFiles/pico_sem_test.dir/__/__/src/rp2_common/hardware_divider/divider.S.obj
LOAD CMakeFiles/pico_sem_test.dir/__/__/src/rp2_common/pico_runtime/runtime.c.obj
LOAD CMakeFiles/pico_sem_test.dir/__/__/src/rp2_common/hardware_clocks/clocks.c.obj
LOAD CMakeFiles/pico_sem_test.dir/__/__/src/rp2_common/hardware_pll/pll.c.obj
LOAD CMakeFiles/pico_sem_test.dir/__/__/src/rp2_common/hardware_vreg/vreg.c.obj
LOAD CMakeFiles/pico_sem_test.dir/__/__/src/rp2_common/hardware_watchdog/watchdog.c.obj
LOAD CMakeFiles/pico_sem_test.dir/__/__/src/rp2_common/hardware_xosc/xosc.c.obj
LOAD CMakeFiles/pico_sem_test.dir/__/__/src/rp2_common/pico_printf/printf.c.obj
LOAD CMakeFiles/pico_sem_test.dir/__/__/src/rp2_common/pico_bit_ops/bit_ops_aeabi.S.obj
LOAD CMakeFiles/pico_sem_test.dir/__/__/src/rp2_common/pico_bootrom/bootrom.c.obj
LOAD CMakeFiles/pico_sem_test.dir/__/__/src/rp2_common/pico_divider/divider.S.obj
LOAD CMakeFiles/pico_sem_test.dir/__/__/src/rp2_common/pico_double/double_aeabi.S.obj
LOAD CMakeFiles/pico_sem_test.dir/__/__/src/rp2_common/pico_double/double_init_rom.c.obj
LOAD CMakeFiles/pico_sem_test.dir/__/__/src/rp2_common/pico_double/double_math.c.obj
LOAD CMakeFiles/pico_sem_test.dir/__/__/src/rp2_common/pico_double/double_v1_rom_shim.S.obj
LOAD CMakeFiles/pico_sem_test.dir/__/__/src/rp2_common/pico_int64_ops/pico_int64_ops_aeabi.S.obj
LOAD CMakeFiles/pico_sem_test.dir/__/__/src/rp2_common/pico_float/float_aeabi.S.obj
LOAD CMakeFiles/pico_sem_test.dir/__/__/src/rp2_common/pico_float/float_init_rom.c.obj
LOAD CMakeFiles/pico_sem_test.dir/__/__/src/rp2_common/pico_float/float_math.c.obj
LOAD CMakeFiles/pico_sem_test.dir/__/__/src/rp2_common/pico_float/float_v1_rom_shim.S.obj
LOAD CMakeFiles/pico_sem_test.dir/__/__/src/rp2_common/pico_malloc/pico_malloc.c.obj
LOAD CMakeFiles/pico_sem_test.dir/__/__/src/rp2_common/pico_mem_ops/mem_ops_aeabi.S.obj
LOAD CMakeFiles/pico_sem_test.dir/__/__/src/rp2_common/pico_standard_link/crt0.S.obj
LOAD CMakeFiles/pico_sem_test.dir/__/__/src/rp2_common/pico_standard_link/new_delete.cpp.obj
LOAD CMakeFiles/pico_sem_test.dir/__/__/src/rp2_common/pico_standard_link/binary_info.c.obj
LOAD CMakeFiles/pico_sem_test.dir/__/__/src/rp2_common/pico_stdio/stdio.c.obj
LOAD CMakeFiles/pico_sem_test.dir/__/__/src/rp2_common/pico_stdio_uart/stdio_uart.c.obj
LOAD /tmp/cceep1cS.o
LOAD /usr/lib/gcc/arm-none-eabi/6.3.1/../../../arm-none-eabi/lib/thumb/v6-m/libstdc++.a
LOAD /usr/lib/gcc/arm-none-eabi/6.3.1/../../../arm-none-eabi/lib/thumb/v6-m/libm.a
START GROUP
LOAD /usr/lib/gcc/arm-none-eabi/6.3.1/thumb/v6-m/libgcc.a
LOAD /usr/lib/gcc/arm-none-eabi/6.3.1/../../../arm-none-eabi/lib/thumb/v6-m/libc.a
END GROUP
START GROUP
LOAD /usr/lib/gcc/arm-none-eabi/6.3.1/thumb/v6-m/libgcc.a
LOAD /usr/lib/gcc/arm-none-eabi/6.3.1/../../../arm-none-eabi/lib/thumb/v6-m/libc.a
LOAD /usr/lib/gcc/arm-none-eabi/6.3.1/../../../arm-none-eabi/lib/thumb/v6-m/libnosys.a
END GROUP
LOAD /usr/lib/gcc/arm-none-eabi/6.3.1/thumb/v6-m/crtend.o
LOAD /usr/lib/gcc/arm-none-eabi/6.3.1/thumb/v6-m/crtn.o
OUTPUT(pico_sem_test.elf elf32-littlearm)

.ARM.attributes
                0x0000000000000000       0x28
 .ARM.attributes
                0x0000000000000000       0x1e /usr/lib/gcc/arm-none-eabi/6.3.1/thumb/v6-m/crti.o
 .ARM.attributes
                0x000000000000001e       0x2c /usr/lib/gcc/arm-none-eabi/6.3.1/thumb/v6-m/crtbegin.o
 .ARM.attributes
                0x000000000000004a       0x32 CMakeFiles/pico_sem_test.dir/pico_sem_test.c.obj
 .ARM.attributes
                0x000000000000007c       0x32 CMakeFiles/pico_sem_test.dir/__/__/src/rp2_common/hardware_gpio/gpio.c.obj
 .ARM.attributes
                0x00000000000000ae       0x32 CMakeFiles/pico_sem_test.dir/__/__/src/rp2_common/hardware_claim/claim.c.obj
 .ARM.attributes
                0x00000000000000e0       0x32 CMakeFiles/pico_sem_test.dir/__/__/src/rp2_common/pico_platform/platform.c.obj
 .ARM.attributes
                0x0000000000000112       0x32 CMakeFiles/pico_sem_test.dir/__/__/src/rp2_common/hardware_sync/sync.c.obj
 .ARM.attributes
                0x0000000000000144       0x32 CMakeFiles/pico_sem_test.dir/__/__/src/rp2_common/hardware_irq/irq.c.obj
 .ARM.attributes
                0x0000000000000176       0x22 CMakeFiles/pico_sem_test.dir/__/__/src/rp2_common/hardware_irq/irq_handler_chain.S.obj
 .ARM.attributes
                0x0000000000000198       0x32 CMakeFiles/pico_sem_test.dir/__/__/src/common/pico_sync/sem.c.obj
 .ARM.attributes
                0x00000000000001ca       0x32 CMakeFiles/pico_sem_test.dir/__/__/src/common/pico_sync/lock_core.c.obj
 .ARM.attributes
                0x00000000000001fc       0x32 CMakeFiles/pico_sem_test.dir/__/__/src/common/pico_time/time.c.obj
 .ARM.attributes
                0x000000000000022e       0x32 CMakeFiles/pico_sem_test.dir/__/__/src/rp2_common/hardware_timer/timer.c.obj
 .ARM.attributes
                0x0000000000000260       0x32 CMakeFiles/pico_sem_test.dir/__/__/src/common/pico_util/pheap.c.obj
 .ARM.attributes
                0x0000000000000292       0x32 CMakeFiles/pico_sem_test.dir/__/__/src/common/pico_sync/mutex.c.obj
 .ARM.attributes
                0x00000000000002c4       0x32 CMakeFiles/pico_sem_test.dir/__/__/src/rp2_common/hardware_uart/uart.c.obj
 .ARM.attributes
                0x00000000000002f6       0x32 CMakeFiles/pico_sem_test.dir/__/__/src/rp2_common/pico_runtime/runtime.c.obj
 .ARM.attributes
                0x0000000000000328       0x32 CMakeFiles/pico_sem_test.dir/__/__/src/rp2_common/hardware_clocks/clocks.c.obj
 .ARM.attributes
                0x000000000000035a       0x32 CMakeFiles/pico_sem_test.dir/__/__/src/rp2_common/hardware_pll/pll.c.obj
 .ARM.attributes
                0x000000000000038c       0x32 CMakeFiles/pico_sem_test.dir/__/__/src/rp2_common/hardware_watchdog/watchdog.c.obj
 .ARM.attributes
                0x00000000000003be       0x32 CMakeFiles/pico_sem_test.dir/__/__/src/rp2_common/hardware_xosc/xosc.c.obj
 .ARM.attributes
                0x00000000000003f0       0x32 CMakeFiles/pico_sem_test.dir/__/__/src/rp2_common/pico_printf/printf.c.obj
 .ARM.attributes
                0x0000000000000422       0x22 CMakeFiles/pico_sem_test.dir/__/__/src/rp2_common/pico_bit_ops/bit_ops_aeabi.S.obj
 .ARM.attributes
                0x0000000000000444       0x32 CMakeFiles/pico_sem_test.dir/__/__/src/rp2_common/pico_bootrom/bootrom.c.obj
 .ARM.attributes
                0x0000000000000476       0x22 CMakeFiles/pico_sem_test.dir/__/__/src/rp2_common/pico_divider/divider.S.obj
 .ARM.attributes
                0x0000000000000498       0x22 CMakeFiles/pico_sem_test.dir/__/__/src/rp2_common/pico_double/double_aeabi.S.obj
 .ARM.attributes
                0x00000000000004ba       0x32 CMakeFiles/pico_sem_test.dir/__/__/src/rp2_common/pico_double/double_init_rom.c.obj
 .ARM.attributes
                0x00000000000004ec       0x22 CMakeFiles/pico_sem_test.dir/__/__/src/rp2_common/pico_double/double_v1_rom_shim.S.obj
 .ARM.attributes
                0x000000000000050e       0x22 CMakeFiles/pico_sem_test.dir/__/__/src/rp2_common/pico_float/float_aeabi.S.obj
 .ARM.attributes
                0x0000000000000530       0x32 CMakeFiles/pico_sem_test.dir/__/__/src/rp2_common/pico_float/float_init_rom.c.obj
 .ARM.attributes
                0x0000000000000562       0x22 CMakeFiles/pico_sem_test.dir/__/__/src/rp2_common/pico_float/float_v1_rom_shim.S.obj
 .ARM.attributes
                0x0000000000000584       0x22 CMakeFiles/pico_sem_test.dir/__/__/src/rp2_common/pico_mem_ops/mem_ops_aeabi.S.obj
 .ARM.attributes
                0x00000000000005a6       0x22 CMakeFiles/pico_sem_test.dir/__/__/src/rp2_common/pico_standard_link/crt0.S.obj
 .ARM.attributes
                0x00000000000005c8       0x32 CMakeFiles/pico_sem_test.dir/__/__/src/rp2_common/pico_standard_link/binary_info.c.obj
 .ARM.attributes
                0x00000000000005fa       0x32 CMakeFiles/pico_sem_test.dir/__/__/src/rp2_common/pico_stdio/stdio.c.obj
 .ARM.attributes
                0x000000000000062c       0x32 CMakeFiles/pico_sem_test.dir/__/__/src/rp2_common/pico_stdio_uart/stdio_uart.c.obj
 .ARM.attributes
                0x000000000000065e       0x22 /tmp/cceep1cS.o
 .ARM.attributes
                0x0000000000000680       0x1e /usr/lib/gcc/arm-none-eabi/6.3.1/thumb/v6-m/libgcc.a(_dvmd_tls.o)
 .ARM.attributes
                0x000000000000069e       0x2c /usr/lib/gcc/arm-none-eabi/6.3.1/../../../arm-none-eabi/lib/thumb/v6-m/libc.a(lib_a-impure.o)
 .ARM.attributes
                0x00000000000006ca       0x2c /usr/lib/gcc/arm-none-eabi/6.3.1/../../../arm-none-eabi/lib/thumb/v6-m/libc.a(lib_a-mallocr.o)
 .ARM.attributes
                0x00000000000006f6       0x2c /usr/lib/gcc/arm-none-eabi/6.3.1/../../../arm-none-eabi/lib/thumb/v6-m/libc.a(lib_a-mlock.o)
 .ARM.attributes
                0x0000000000000722       0x2c /usr/lib/gcc/arm-none-eabi/6.3.1/../../../arm-none-eabi/lib/thumb/v6-m/libc.a(lib_a-sbrkr.o)
 .ARM.attributes
                0x000000000000074e       0x2c /usr/lib/gcc/arm-none-eabi/6.3.1/../../../arm-none-eabi/lib/thumb/v6-m/libc.a(lib_a-strlen-stub.o)
 .ARM.attributes
                0x000000000000077a       0x2c /usr/lib/gcc/arm-none-eabi/6.3.1/../../../arm-none-eabi/lib/thumb/v6-m/libc.a(lib_a-wbuf.o)
 .ARM.attributes
                0x00000000000007a6       0x2c /usr/lib/gcc/arm-none-eabi/6.3.1/../../../arm-none-eabi/lib/thumb/v6-m/libc.a(lib_a-wsetup.o)
 .ARM.attributes
                0x00000000000007d2       0x2c /usr/lib/gcc/arm-none-eabi/6.3.1/../../../arm-none-eabi/lib/thumb/v6-m/libc.a(lib_a-fflush.o)
 .ARM.attributes
                0x00000000000007fe       0x2c /usr/lib/gcc/arm-none-eabi/6.3.1/../../../arm-none-eabi/lib/thumb/v6-m/libc.a(lib_a-findfp.o)
 .ARM.attributes
                0x000000000000082a       0x2c /usr/lib/gcc/arm-none-eabi/6.3.1/../../../arm-none-eabi/lib/thumb/v6-m/libc.a(lib_a-freer.o)
 .ARM.attributes
                0x0000000000000856       0x2c /usr/lib/gcc/arm-none-eabi/6.3.1/../../../arm-none-eabi/lib/thumb/v6-m/libc.a(lib_a-fwalk.o)
 .ARM.attributes
                0x0000000000000882       0x2c /usr/lib/gcc/arm-none-eabi/6.3.1/../../../arm-none-eabi/lib/thumb/v6-m/libc.a(lib_a-makebuf.o)
 .ARM.attributes
                0x00000000000008ae       0x2c /usr/lib/gcc/arm-none-eabi/6.3.1/../../../arm-none-eabi/lib/thumb/v6-m/libc.a(lib_a-reent.o)
 .ARM.attributes
                0x00000000000008da       0x2c /usr/lib/gcc/arm-none-eabi/6.3.1/../../../arm-none-eabi/lib/thumb/v6-m/libc.a(lib_a-stdio.o)
 .ARM.attributes
                0x0000000000000906       0x2c /usr/lib/gcc/arm-none-eabi/6.3.1/../../../arm-none-eabi/lib/thumb/v6-m/libc.a(lib_a-writer.o)
 .ARM.attributes
                0x0000000000000932       0x2c /usr/lib/gcc/arm-none-eabi/6.3.1/../../../arm-none-eabi/lib/thumb/v6-m/libc.a(lib_a-closer.o)
 .ARM.attributes
                0x000000000000095e       0x2c /usr/lib/gcc/arm-none-eabi/6.3.1/../../../arm-none-eabi/lib/thumb/v6-m/libc.a(lib_a-fclose.o)
 .ARM.attributes
                0x000000000000098a       0x2c /usr/lib/gcc/arm-none-eabi/6.3.1/../../../arm-none-eabi/lib/thumb/v6-m/libc.a(lib_a-fstatr.o)
 .ARM.attributes
                0x00000000000009b6       0x2c /usr/lib/gcc/arm-none-eabi/6.3.1/../../../arm-none-eabi/lib/thumb/v6-m/libc.a(lib_a-isattyr.o)
 .ARM.attributes
                0x00000000000009e2       0x2c /usr/lib/gcc/arm-none-eabi/6.3.1/../../../arm-none-eabi/lib/thumb/v6-m/libc.a(lib_a-lseekr.o)
 .ARM.attributes
                0x0000000000000a0e       0x2c /usr/lib/gcc/arm-none-eabi/6.3.1/../../../arm-none-eabi/lib/thumb/v6-m/libc.a(lib_a-readr.o)
 .ARM.attributes
                0x0000000000000a3a       0x2c /usr/lib/gcc/arm-none-eabi/6.3.1/../../../arm-none-eabi/lib/thumb/v6-m/libnosys.a(close.o)
 .ARM.attributes
                0x0000000000000a66       0x2c /usr/lib/gcc/arm-none-eabi/6.3.1/../../../arm-none-eabi/lib/thumb/v6-m/libnosys.a(fstat.o)
 .ARM.attributes
                0x0000000000000a92       0x2c /usr/lib/gcc/arm-none-eabi/6.3.1/../../../arm-none-eabi/lib/thumb/v6-m/libnosys.a(isatty.o)
 .ARM.attributes
                0x0000000000000abe       0x2c /usr/lib/gcc/arm-none-eabi/6.3.1/../../../arm-none-eabi/lib/thumb/v6-m/libnosys.a(lseek.o)
 .ARM.attributes
                0x0000000000000aea       0x2c /usr/lib/gcc/arm-none-eabi/6.3.1/thumb/v6-m/crtend.o

.comment        0x0000000000000000       0x31
 .comment       0x0000000000000000       0x31 /usr/lib/gcc/arm-none-eabi/6.3.1/thumb/v6-m/crtbegin.o
                                         0x32 (size before relaxing)
 .comment       0x0000000000000031       0x32 CMakeFiles/pico_sem_test.dir/pico_sem_test.c.obj
 .comment       0x0000000000000031       0x32 CMakeFiles/pico_sem_test.dir/__/__/src/rp2_common/hardware_gpio/gpio.c.obj
 .comment       0x0000000000000031       0x32 CMakeFiles/pico_sem_test.dir/__/__/src/rp2_common/hardware_claim/claim.c.obj
 .comment       0x0000000000000031       0x32 CMakeFiles/pico_sem_test.dir/__/__/src/rp2_common/pico_platform/platform.c.obj
 .comment       0x0000000000000031       0x32 CMakeFiles/pico_sem_test.dir/__/__/src/rp2_common/hardware_sync/sync.c.obj
 .comment       0x0000000000000031       0x32 CMakeFiles/pico_sem_test.dir/__/__/src/rp2_common/hardware_irq/irq.c.obj
 .comment       0x0000000000000031       0x32 CMakeFiles/pico_sem_test.dir/__/__/src/common/pico_sync/sem.c.obj
 .comment       0x0000000000000031       0x32 CMakeFiles/pico_sem_test.dir/__/__/src/common/pico_sync/lock_core.c.obj
 .comment       0x0000000000000031       0x32 CMakeFiles/pico_sem_test.dir/__/__/src/common/pico_time/time.c.obj
 .comment       0x0000000000000031       0x32 CMakeFiles/pico_sem_test.dir/__/__/src/rp2_common/hardware_timer/timer.c.obj
 .comment       0x0000000000000031       0x32 CMakeFiles/pico_sem_test.dir/__/__/src/common/pico_util/pheap.c.obj
 .comment       0x0000000000000031       0x32 CMakeFiles/pico_sem_test.dir/__/__/src/common/pico_sync/mutex.c.obj
 .comment       0x0000000000000031       0x32 CMakeFiles/pico_sem_test.dir/__/__/src/rp2_common/hardware_uart/uart.c.obj
 .comment       0x0000000000000031       0x32 CMakeFiles/pico_sem_test.dir/__/__/src/rp2_common/pico_runtime/runtime.c.obj
 .comment       0x0000000000000031       0x32 CMakeFiles/pico_sem_test.dir/__/__/src/rp2_common/hardware_clocks/clocks.c.obj
 .comment       0x0000000000000031       0x32 CMakeFiles/pico_sem_test.dir/__/__/src/rp2_common/hardware_pll/pll.c.obj
 .comment       0x0000000000000031       0x32 CMakeFiles/pico_sem_test.dir/__/__/src/rp2_common/hardware_watchdog/watchdog.c.obj
 .comment       0x0000000000000031       0x32 CMakeFiles/pico_sem_test.dir/__/__/src/rp2_common/hardware_xosc/xosc.c.obj
 .comment       0x0000000000000031       0x32 CMakeFiles/pico_sem_test.dir/__/__/src/rp2_common/pico_printf/printf.c.obj
 .comment       0x0000000000000031       0x32 CMakeFiles/pico_sem_test.dir/__/__/src/rp2_common/pico_bootrom/bootrom.c.obj
 .comment       0x0000000000000031       0x32 CMakeFiles/pico_sem_test.dir/__/__/src/rp2_common/pico_double/double_init_rom.c.obj
 .comment       0x0000000000000031       0x32 CMakeFiles/pico_sem_test.dir/__/__/src/rp2_common/pico_float/float_init_rom.c.obj
 .comment       0x0000000000000031       0x32 CMakeFiles/pico_sem_test.dir/__/__/src/rp2_common/pico_standard_link/binary_info.c.obj
 .comment       0x0000000000000031       0x32 CMakeFiles/pico_sem_test.dir/__/__/src/rp2_common/pico_stdio/stdio.c.obj
 .comment       0x0000000000000031       0x32 CMakeFiles/pico_sem_test.dir/__/__/src/rp2_common/pico_stdio_uart/stdio_uart.c.obj
 .comment       0x0000000000000031       0x32 /usr/lib/gcc/arm-none-eabi/6.3.1/../../../arm-none-eabi/lib/thumb/v6-m/libc.a(lib_a-impure.o)
 .comment       0x0000000000000031       0x32 /usr/lib/gcc/arm-none-eabi/6.3.1/../../../arm-none-eabi/lib/thumb/v6-m/libc.a(lib_a-mallocr.o)
 .comment       0x0000000000000031       0x32 /usr/lib/gcc/arm-none-eabi/6.3.1/../../../arm-none-eabi/lib/thumb/v6-m/libc.a(lib_a-mlock.o)
 .comment       0x0000000000000031       0x32 /usr/lib/gcc/arm-none-eabi/6.3.1/../../../arm-none-eabi/lib/thumb/v6-m/libc.a(lib_a-sbrkr.o)
 .comment       0x0000000000000031       0x32 /usr/lib/gcc/arm-none-eabi/6.3.1/../../../arm-none-eabi/lib/thumb/v6-m/libc.a(lib_a-strlen-stub.o)
 .comment       0x0000000000000031       0x32 /usr/lib/gcc/arm-none-eabi/6.3.1/../../../arm-none-eabi/lib/thumb/v6-m/libc.a(lib_a-wbuf.o)
 .comment       0x0000000000000031       0x32 /usr/lib/gcc/arm-none-eabi/6.3.1/../../../arm-none-eabi/lib/thumb/v6-m/libc.a(lib_a-wsetup.o)
 .comment       0x0000000000000031       0x32 /usr/lib/gcc/arm-none-eabi/6.3.1/../../../arm-none-eabi/lib/thumb/v6-m/libc.a(lib_a-fflush.o)
 .comment       0x0000000000000031       0x32 /usr/lib/gcc/arm-none-eabi/6.3.1/../../../arm-none-eabi/lib/thumb/v6-m/libc.a(lib_a-findfp.o)
 .comment       0x0000000000000031       0x32 /usr/lib/gcc/arm-none-eabi/6.3.1/../../../arm-none-eabi/lib/thumb/v6-m/libc.a(lib_a-freer.o)
 .comment       0x0000000000000031       0x32 /usr/lib/gcc/arm-none-eabi/6.3.1/../../../arm-none-eabi/lib/thumb/v6-m/libc.a(lib_a-fwalk.o)
 .comment       0x0000000000000031       0x32 /usr/lib/gcc/arm-none-eabi/6.3.1/../../../arm-none-eabi/lib/thumb/v6-m/libc.a(lib_a-makebuf.o)
 .comment       0x0000000000000031       0x32 /usr/lib/gcc/arm-none-eabi/6.3.1/../../../arm-none-eabi/lib/thumb/v6-m/libc.a(lib_a-reent.o)
 .comment       0x0000000000000031       0x32 /usr/lib/gcc/arm-none-eabi/6.3.1/../../../arm-none-eabi/lib/thumb/v6-m/libc.a(lib_a-stdio.o)
 .comment       0x0000000000000031       0x32 /usr/lib/gcc/arm-none-eabi/6.3.1/../../../arm-none-eabi/lib/thumb/v6-m/libc.a(lib_a-writer.o)
 .comment       0x0000000000000031       0x32 /usr/lib/gcc/arm-none-eabi/6.3.1/../../../arm-none-eabi/lib/thumb/v6-m/libc.a(lib_a-closer.o)
 .comment       0x0000000000000031       0x32 /usr/lib/gcc/arm-none-eabi/6.3.1/../../../arm-none-eabi/lib/thumb/v6-m/libc.a(lib_a-fclose.o)
 .comment       0x0000000000000031       0x32 /usr/lib/gcc/arm-none-eabi/6.3.1/../../../arm-none-eabi/lib/thumb/v6-m/libc.a(lib_a-fstatr.o)
 .comment       0x0000000000000031       0x32 /usr/lib/gcc/arm-none-eabi/6.3.1/../../../arm-none-eabi/lib/thumb/v6-m/libc.a(lib_a-isattyr.o)
 .comment       0x0000000000000031       0x32 /usr/lib/gcc/arm-none-eabi/6.3.1/../../../arm-none-eabi/lib/thumb/v6-m/libc.a(lib_a-lseekr.o)
 .comment       0x0000000000000031       0x32 /usr/lib/gcc/arm-none-eabi/6.3.1/../../../arm-none-eabi/lib/thumb/v6-m/libc.a(lib_a-readr.o)
 .comment       0x0000000000000031       0x32 /usr/lib/gcc/arm-none-eabi/6.3.1/../../../arm-none-eabi/lib/thumb/v6-m/libnosys.a(close.o)
 .comment       0x0000000000000031       0x32 /usr/lib/gcc/arm-none-eabi/6.3.1/../../../arm-none-eabi/lib/thumb/v6-m/libnosys.a(fstat.o)
 .comment       0x0000000000000031       0x32 /usr/lib/gcc/arm-none-eabi/6.3.1/../../../arm-none-eabi/lib/thumb/v6-m/libnosys.a(isatty.o)
 .comment       0x0000000000000031       0x32 /usr/lib/gcc/arm-none-eabi/6.3.1/../../../arm-none-eabi/lib/thumb/v6-m/libnosys.a(lseek.o)
 .comment       0x0000000000000031       0x32 /usr/lib/gcc/arm-none-eabi/6.3.1/thumb/v6-m/crtend.o

.debug_line     0x0000000000000000     0x2998
 .debug_line    0x0000000000000000       0x61 /usr/lib/gcc/arm-none-eabi/6.3.1/thumb/v6-m/libgcc.a(_dvmd_tls.o)
 .debug_line    0x0000000000000061       0xe9 /usr/lib/gcc/arm-none-eabi/6.3.1/../../../arm-none-eabi/lib/thumb/v6-m/libc.a(lib_a-impure.o)
 .debug_line    0x000000000000014a      0x38b /usr/lib/gcc/arm-none-eabi/6.3.1/../../../arm-none-eabi/lib/thumb/v6-m/libc.a(lib_a-mallocr.o)
 .debug_line    0x00000000000004d5       0xf9 /usr/lib/gcc/arm-none-eabi/6.3.1/../../../arm-none-eabi/lib/thumb/v6-m/libc.a(lib_a-mlock.o)
 .debug_line    0x00000000000005ce      0x15b /usr/lib/gcc/arm-none-eabi/6.3.1/../../../arm-none-eabi/lib/thumb/v6-m/libc.a(lib_a-sbrkr.o)
 .debug_line    0x0000000000000729      0x170 /usr/lib/gcc/arm-none-eabi/6.3.1/../../../arm-none-eabi/lib/thumb/v6-m/libc.a(lib_a-strlen-stub.o)
 .debug_line    0x0000000000000899      0x1d7 /usr/lib/gcc/arm-none-eabi/6.3.1/../../../arm-none-eabi/lib/thumb/v6-m/libc.a(lib_a-wbuf.o)
 .debug_line    0x0000000000000a70      0x1dd /usr/lib/gcc/arm-none-eabi/6.3.1/../../../arm-none-eabi/lib/thumb/v6-m/libc.a(lib_a-wsetup.o)
 .debug_line    0x0000000000000c4d      0x23b /usr/lib/gcc/arm-none-eabi/6.3.1/../../../arm-none-eabi/lib/thumb/v6-m/libc.a(lib_a-fflush.o)
 .debug_line    0x0000000000000e88      0x28a /usr/lib/gcc/arm-none-eabi/6.3.1/../../../arm-none-eabi/lib/thumb/v6-m/libc.a(lib_a-findfp.o)
 .debug_line    0x0000000000001112      0x236 /usr/lib/gcc/arm-none-eabi/6.3.1/../../../arm-none-eabi/lib/thumb/v6-m/libc.a(lib_a-freer.o)
 .debug_line    0x0000000000001348      0x1b9 /usr/lib/gcc/arm-none-eabi/6.3.1/../../../arm-none-eabi/lib/thumb/v6-m/libc.a(lib_a-fwalk.o)
 .debug_line    0x0000000000001501      0x24f /usr/lib/gcc/arm-none-eabi/6.3.1/../../../arm-none-eabi/lib/thumb/v6-m/libc.a(lib_a-makebuf.o)
 .debug_line    0x0000000000001750      0x17a /usr/lib/gcc/arm-none-eabi/6.3.1/../../../arm-none-eabi/lib/thumb/v6-m/libc.a(lib_a-reent.o)
 .debug_line    0x00000000000018ca      0x1b1 /usr/lib/gcc/arm-none-eabi/6.3.1/../../../arm-none-eabi/lib/thumb/v6-m/libc.a(lib_a-stdio.o)
 .debug_line    0x0000000000001a7b      0x159 /usr/lib/gcc/arm-none-eabi/6.3.1/../../../arm-none-eabi/lib/thumb/v6-m/libc.a(lib_a-writer.o)
 .debug_line    0x0000000000001bd4      0x15d /usr/lib/gcc/arm-none-eabi/6.3.1/../../../arm-none-eabi/lib/thumb/v6-m/libc.a(lib_a-closer.o)
 .debug_line    0x0000000000001d31      0x199 /usr/lib/gcc/arm-none-eabi/6.3.1/../../../arm-none-eabi/lib/thumb/v6-m/libc.a(lib_a-fclose.o)
 .debug_line    0x0000000000001eca      0x1e5 /usr/lib/gcc/arm-none-eabi/6.3.1/../../../arm-none-eabi/lib/thumb/v6-m/libc.a(lib_a-fstatr.o)
 .debug_line    0x00000000000020af      0x15e /usr/lib/gcc/arm-none-eabi/6.3.1/../../../arm-none-eabi/lib/thumb/v6-m/libc.a(lib_a-isattyr.o)
 .debug_line    0x000000000000220d      0x159 /usr/lib/gcc/arm-none-eabi/6.3.1/../../../arm-none-eabi/lib/thumb/v6-m/libc.a(lib_a-lseekr.o)
 .debug_line    0x0000000000002366      0x158 /usr/lib/gcc/arm-none-eabi/6.3.1/../../../arm-none-eabi/lib/thumb/v6-m/libc.a(lib_a-readr.o)
 .debug_line    0x00000000000024be      0x105 /usr/lib/gcc/arm-none-eabi/6.3.1/../../../arm-none-eabi/lib/thumb/v6-m/libnosys.a(close.o)
 .debug_line    0x00000000000025c3      0x1cc /usr/lib/gcc/arm-none-eabi/6.3.1/../../../arm-none-eabi/lib/thumb/v6-m/libnosys.a(fstat.o)
 .debug_line    0x000000000000278f      0x104 /usr/lib/gcc/arm-none-eabi/6.3.1/../../../arm-none-eabi/lib/thumb/v6-m/libnosys.a(isatty.o)
 .debug_line    0x0000000000002893      0x105 /usr/lib/gcc/arm-none-eabi/6.3.1/../../../arm-none-eabi/lib/thumb/v6-m/libnosys.a(lseek.o)

.debug_info     0x0000000000000000    0x11005
 .debug_info    0x0000000000000000       0xbf /usr/lib/gcc/arm-none-eabi/6.3.1/thumb/v6-m/libgcc.a(_dvmd_tls.o)
 .debug_info    0x00000000000000bf      0x8a5 /usr/lib/gcc/arm-none-eabi/6.3.1/../../../arm-none-eabi/lib/thumb/v6-m/libc.a(lib_a-impure.o)
 .debug_info    0x0000000000000964      0xdd4 /usr/lib/gcc/arm-none-eabi/6.3.1/../../../arm-none-eabi/lib/thumb/v6-m/libc.a(lib_a-mallocr.o)
 .debug_info    0x0000000000001738      0x8d8 /usr/lib/gcc/arm-none-eabi/6.3.1/../../../arm-none-eabi/lib/thumb/v6-m/libc.a(lib_a-mlock.o)
 .debug_info    0x0000000000002010      0x95a /usr/lib/gcc/arm-none-eabi/6.3.1/../../../arm-none-eabi/lib/thumb/v6-m/libc.a(lib_a-sbrkr.o)
 .debug_info    0x000000000000296a      0x8de /usr/lib/gcc/arm-none-eabi/6.3.1/../../../arm-none-eabi/lib/thumb/v6-m/libc.a(lib_a-strlen-stub.o)
 .debug_info    0x0000000000003248      0xbce /usr/lib/gcc/arm-none-eabi/6.3.1/../../../arm-none-eabi/lib/thumb/v6-m/libc.a(lib_a-wbuf.o)
 .debug_info    0x0000000000003e16      0xb46 /usr/lib/gcc/arm-none-eabi/6.3.1/../../../arm-none-eabi/lib/thumb/v6-m/libc.a(lib_a-wsetup.o)
 .debug_info    0x000000000000495c      0xc9d /usr/lib/gcc/arm-none-eabi/6.3.1/../../../arm-none-eabi/lib/thumb/v6-m/libc.a(lib_a-fflush.o)
 .debug_info    0x00000000000055f9      0xfa1 /usr/lib/gcc/arm-none-eabi/6.3.1/../../../arm-none-eabi/lib/thumb/v6-m/libc.a(lib_a-findfp.o)
 .debug_info    0x000000000000659a      0xc93 /usr/lib/gcc/arm-none-eabi/6.3.1/../../../arm-none-eabi/lib/thumb/v6-m/libc.a(lib_a-freer.o)
 .debug_info    0x000000000000722d      0xbcc /usr/lib/gcc/arm-none-eabi/6.3.1/../../../arm-none-eabi/lib/thumb/v6-m/libc.a(lib_a-fwalk.o)
 .debug_info    0x0000000000007df9      0xe45 /usr/lib/gcc/arm-none-eabi/6.3.1/../../../arm-none-eabi/lib/thumb/v6-m/libc.a(lib_a-makebuf.o)
 .debug_info    0x0000000000008c3e      0xa15 /usr/lib/gcc/arm-none-eabi/6.3.1/../../../arm-none-eabi/lib/thumb/v6-m/libc.a(lib_a-reent.o)
 .debug_info    0x0000000000009653      0xd55 /usr/lib/gcc/arm-none-eabi/6.3.1/../../../arm-none-eabi/lib/thumb/v6-m/libc.a(lib_a-stdio.o)
 .debug_info    0x000000000000a3a8      0x999 /usr/lib/gcc/arm-none-eabi/6.3.1/../../../arm-none-eabi/lib/thumb/v6-m/libc.a(lib_a-writer.o)
 .debug_info    0x000000000000ad41      0x950 /usr/lib/gcc/arm-none-eabi/6.3.1/../../../arm-none-eabi/lib/thumb/v6-m/libc.a(lib_a-closer.o)
 .debug_info    0x000000000000b691      0xc08 /usr/lib/gcc/arm-none-eabi/6.3.1/../../../arm-none-eabi/lib/thumb/v6-m/libc.a(lib_a-fclose.o)
 .debug_info    0x000000000000c299      0xb62 /usr/lib/gcc/arm-none-eabi/6.3.1/../../../arm-none-eabi/lib/thumb/v6-m/libc.a(lib_a-fstatr.o)
 .debug_info    0x000000000000cdfb      0x950 /usr/lib/gcc/arm-none-eabi/6.3.1/../../../arm-none-eabi/lib/thumb/v6-m/libc.a(lib_a-isattyr.o)
 .debug_info    0x000000000000d74b      0x97c /usr/lib/gcc/arm-none-eabi/6.3.1/../../../arm-none-eabi/lib/thumb/v6-m/libc.a(lib_a-lseekr.o)
 .debug_info    0x000000000000e0c7      0x992 /usr/lib/gcc/arm-none-eabi/6.3.1/../../../arm-none-eabi/lib/thumb/v6-m/libc.a(lib_a-readr.o)
 .debug_info    0x000000000000ea59      0x8e1 /usr/lib/gcc/arm-none-eabi/6.3.1/../../../arm-none-eabi/lib/thumb/v6-m/libnosys.a(close.o)
 .debug_info    0x000000000000f33a      0xaed /usr/lib/gcc/arm-none-eabi/6.3.1/../../../arm-none-eabi/lib/thumb/v6-m/libnosys.a(fstat.o)
 .debug_info    0x000000000000fe27      0x8e1 /usr/lib/gcc/arm-none-eabi/6.3.1/../../../arm-none-eabi/lib/thumb/v6-m/libnosys.a(isatty.o)
 .debug_info    0x0000000000010708      0x8fd /usr/lib/gcc/arm-none-eabi/6.3.1/../../../arm-none-eabi/lib/thumb/v6-m/libnosys.a(lseek.o)

.debug_abbrev   0x0000000000000000     0x36db
 .debug_abbrev  0x0000000000000000       0x14 /usr/lib/gcc/arm-none-eabi/6.3.1/thumb/v6-m/libgcc.a(_dvmd_tls.o)
 .debug_abbrev  0x0000000000000014      0x189 /usr/lib/gcc/arm-none-eabi/6.3.1/../../../arm-none-eabi/lib/thumb/v6-m/libc.a(lib_a-impure.o)
 .debug_abbrev  0x000000000000019d      0x2b9 /usr/lib/gcc/arm-none-eabi/6.3.1/../../../arm-none-eabi/lib/thumb/v6-m/libc.a(lib_a-mallocr.o)
 .debug_abbrev  0x0000000000000456      0x1ca /usr/lib/gcc/arm-none-eabi/6.3.1/../../../arm-none-eabi/lib/thumb/v6-m/libc.a(lib_a-mlock.o)
 .debug_abbrev  0x0000000000000620      0x20c /usr/lib/gcc/arm-none-eabi/6.3.1/../../../arm-none-eabi/lib/thumb/v6-m/libc.a(lib_a-sbrkr.o)
 .debug_abbrev  0x000000000000082c      0x1af /usr/lib/gcc/arm-none-eabi/6.3.1/../../../arm-none-eabi/lib/thumb/v6-m/libc.a(lib_a-strlen-stub.o)
 .debug_abbrev  0x00000000000009db      0x26b /usr/lib/gcc/arm-none-eabi/6.3.1/../../../arm-none-eabi/lib/thumb/v6-m/libc.a(lib_a-wbuf.o)
 .debug_abbrev  0x0000000000000c46      0x240 /usr/lib/gcc/arm-none-eabi/6.3.1/../../../arm-none-eabi/lib/thumb/v6-m/libc.a(lib_a-wsetup.o)
 .debug_abbrev  0x0000000000000e86      0x2c1 /usr/lib/gcc/arm-none-eabi/6.3.1/../../../arm-none-eabi/lib/thumb/v6-m/libc.a(lib_a-fflush.o)
 .debug_abbrev  0x0000000000001147      0x38f /usr/lib/gcc/arm-none-eabi/6.3.1/../../../arm-none-eabi/lib/thumb/v6-m/libc.a(lib_a-findfp.o)
 .debug_abbrev  0x00000000000014d6      0x26a /usr/lib/gcc/arm-none-eabi/6.3.1/../../../arm-none-eabi/lib/thumb/v6-m/libc.a(lib_a-freer.o)
 .debug_abbrev  0x0000000000001740      0x20a /usr/lib/gcc/arm-none-eabi/6.3.1/../../../arm-none-eabi/lib/thumb/v6-m/libc.a(lib_a-fwalk.o)
 .debug_abbrev  0x000000000000194a      0x2dd /usr/lib/gcc/arm-none-eabi/6.3.1/../../../arm-none-eabi/lib/thumb/v6-m/libc.a(lib_a-makebuf.o)
 .debug_abbrev  0x0000000000001c27      0x25f /usr/lib/gcc/arm-none-eabi/6.3.1/../../../arm-none-eabi/lib/thumb/v6-m/libc.a(lib_a-reent.o)
 .debug_abbrev  0x0000000000001e86      0x252 /usr/lib/gcc/arm-none-eabi/6.3.1/../../../arm-none-eabi/lib/thumb/v6-m/libc.a(lib_a-stdio.o)
 .debug_abbrev  0x00000000000020d8      0x20c /usr/lib/gcc/arm-none-eabi/6.3.1/../../../arm-none-eabi/lib/thumb/v6-m/libc.a(lib_a-writer.o)
 .debug_abbrev  0x00000000000022e4      0x207 /usr/lib/gcc/arm-none-eabi/6.3.1/../../../arm-none-eabi/lib/thumb/v6-m/libc.a(lib_a-closer.o)
 .debug_abbrev  0x00000000000024eb      0x2b7 /usr/lib/gcc/arm-none-eabi/6.3.1/../../../arm-none-eabi/lib/thumb/v6-m/libc.a(lib_a-fclose.o)
 .debug_abbrev  0x00000000000027a2      0x216 /usr/lib/gcc/arm-none-eabi/6.3.1/../../../arm-none-eabi/lib/thumb/v6-m/libc.a(lib_a-fstatr.o)
 .debug_abbrev  0x00000000000029b8      0x207 /usr/lib/gcc/arm-none-eabi/6.3.1/../../../arm-none-eabi/lib/thumb/v6-m/libc.a(lib_a-isattyr.o)
 .debug_abbrev  0x0000000000002bbf      0x216 /usr/lib/gcc/arm-none-eabi/6.3.1/../../../arm-none-eabi/lib/thumb/v6-m/libc.a(lib_a-lseekr.o)
 .debug_abbrev  0x0000000000002dd5      0x207 /usr/lib/gcc/arm-none-eabi/6.3.1/../../../arm-none-eabi/lib/thumb/v6-m/libc.a(lib_a-readr.o)
 .debug_abbrev  0x0000000000002fdc      0x1b4 /usr/lib/gcc/arm-none-eabi/6.3.1/../../../arm-none-eabi/lib/thumb/v6-m/libnosys.a(close.o)
 .debug_abbrev  0x0000000000003190      0x1c5 /usr/lib/gcc/arm-none-eabi/6.3.1/../../../arm-none-eabi/lib/thumb/v6-m/libnosys.a(fstat.o)
 .debug_abbrev  0x0000000000003355      0x1b4 /usr/lib/gcc/arm-none-eabi/6.3.1/../../../arm-none-eabi/lib/thumb/v6-m/libnosys.a(isatty.o)
 .debug_abbrev  0x0000000000003509      0x1d2 /usr/lib/gcc/arm-none-eabi/6.3.1/../../../arm-none-eabi/lib/thumb/v6-m/libnosys.a(lseek.o)

.debug_aranges  0x0000000000000000      0x338
 .debug_aranges
                0x0000000000000000       0x20 /usr/lib/gcc/arm-none-eabi/6.3.1/thumb/v6-m/libgcc.a(_dvmd_tls.o)
 .debug_aranges
                0x0000000000000020       0x18 /usr/lib/gcc/arm-none-eabi/6.3.1/../../../arm-none-eabi/lib/thumb/v6-m/libc.a(lib_a-impure.o)
 .debug_aranges
                0x0000000000000038       0x20 /usr/lib/gcc/arm-none-eabi/6.3.1/../../../arm-none-eabi/lib/thumb/v6-m/libc.a(lib_a-mallocr.o)
 .debug_aranges
                0x0000000000000058       0x20 /usr/lib/gcc/arm-none-eabi/6.3.1/../../../arm-none-eabi/lib/thumb/v6-m/libc.a(lib_a-mlock.o)
 .debug_aranges
                0x0000000000000078       0x20 /usr/lib/gcc/arm-none-eabi/6.3.1/../../../arm-none-eabi/lib/thumb/v6-m/libc.a(lib_a-sbrkr.o)
 .debug_aranges
                0x0000000000000098       0x20 /usr/lib/gcc/arm-none-eabi/6.3.1/../../../arm-none-eabi/lib/thumb/v6-m/libc.a(lib_a-strlen-stub.o)
 .debug_aranges
                0x00000000000000b8       0x20 /usr/lib/gcc/arm-none-eabi/6.3.1/../../../arm-none-eabi/lib/thumb/v6-m/libc.a(lib_a-wbuf.o)
 .debug_aranges
                0x00000000000000d8       0x20 /usr/lib/gcc/arm-none-eabi/6.3.1/../../../arm-none-eabi/lib/thumb/v6-m/libc.a(lib_a-wsetup.o)
 .debug_aranges
                0x00000000000000f8       0x20 /usr/lib/gcc/arm-none-eabi/6.3.1/../../../arm-none-eabi/lib/thumb/v6-m/libc.a(lib_a-fflush.o)
 .debug_aranges
                0x0000000000000118       0x20 /usr/lib/gcc/arm-none-eabi/6.3.1/../../../arm-none-eabi/lib/thumb/v6-m/libc.a(lib_a-findfp.o)
 .debug_aranges
                0x0000000000000138       0x20 /usr/lib/gcc/arm-none-eabi/6.3.1/../../../arm-none-eabi/lib/thumb/v6-m/libc.a(lib_a-freer.o)
 .debug_aranges
                0x0000000000000158       0x20 /usr/lib/gcc/arm-none-eabi/6.3.1/../../../arm-none-eabi/lib/thumb/v6-m/libc.a(lib_a-fwalk.o)
 .debug_aranges
                0x0000000000000178       0x20 /usr/lib/gcc/arm-none-eabi/6.3.1/../../../arm-none-eabi/lib/thumb/v6-m/libc.a(lib_a-makebuf.o)
 .debug_aranges
                0x0000000000000198       0x20 /usr/lib/gcc/arm-none-eabi/6.3.1/../../../arm-none-eabi/lib/thumb/v6-m/libc.a(lib_a-reent.o)
 .debug_aranges
                0x00000000000001b8       0x20 /usr/lib/gcc/arm-none-eabi/6.3.1/../../../arm-none-eabi/lib/thumb/v6-m/libc.a(lib_a-stdio.o)
 .debug_aranges
                0x00000000000001d8       0x20 /usr/lib/gcc/arm-none-eabi/6.3.1/../../../arm-none-eabi/lib/thumb/v6-m/libc.a(lib_a-writer.o)
 .debug_aranges
                0x00000000000001f8       0x20 /usr/lib/gcc/arm-none-eabi/6.3.1/../../../arm-none-eabi/lib/thumb/v6-m/libc.a(lib_a-closer.o)
 .debug_aranges
                0x0000000000000218       0x20 /usr/lib/gcc/arm-none-eabi/6.3.1/../../../arm-none-eabi/lib/thumb/v6-m/libc.a(lib_a-fclose.o)
 .debug_aranges
                0x0000000000000238       0x20 /usr/lib/gcc/arm-none-eabi/6.3.1/../../../arm-none-eabi/lib/thumb/v6-m/libc.a(lib_a-fstatr.o)
 .debug_aranges
                0x0000000000000258       0x20 /usr/lib/gcc/arm-none-eabi/6.3.1/../../../arm-none-eabi/lib/thumb/v6-m/libc.a(lib_a-isattyr.o)
 .debug_aranges
                0x0000000000000278       0x20 /usr/lib/gcc/arm-none-eabi/6.3.1/../../../arm-none-eabi/lib/thumb/v6-m/libc.a(lib_a-lseekr.o)
 .debug_aranges
                0x0000000000000298       0x20 /usr/lib/gcc/arm-none-eabi/6.3.1/../../../arm-none-eabi/lib/thumb/v6-m/libc.a(lib_a-readr.o)
 .debug_aranges
                0x00000000000002b8       0x20 /usr/lib/gcc/arm-none-eabi/6.3.1/../../../arm-none-eabi/lib/thumb/v6-m/libnosys.a(close.o)
 .debug_aranges
                0x00000000000002d8       0x20 /usr/lib/gcc/arm-none-eabi/6.3.1/../../../arm-none-eabi/lib/thumb/v6-m/libnosys.a(fstat.o)
 .debug_aranges
                0x00000000000002f8       0x20 /usr/lib/gcc/arm-none-eabi/6.3.1/../../../arm-none-eabi/lib/thumb/v6-m/libnosys.a(isatty.o)
 .debug_aranges
                0x0000000000000318       0x20 /usr/lib/gcc/arm-none-eabi/6.3.1/../../../arm-none-eabi/lib/thumb/v6-m/libnosys.a(lseek.o)

.debug_str      0x0000000000000000     0x121e
 .debug_str     0x0000000000000000      0x4d9 /usr/lib/gcc/arm-none-eabi/6.3.1/../../../arm-none-eabi/lib/thumb/v6-m/libc.a(lib_a-impure.o)
                                        0x566 (size before relaxing)
 .debug_str     0x00000000000004d9      0x2cc /usr/lib/gcc/arm-none-eabi/6.3.1/../../../arm-none-eabi/lib/thumb/v6-m/libc.a(lib_a-mallocr.o)
                                        0x7ce (size before relaxing)
 .debug_str     0x00000000000007a5       0x45 /usr/lib/gcc/arm-none-eabi/6.3.1/../../../arm-none-eabi/lib/thumb/v6-m/libc.a(lib_a-mlock.o)
                                        0x58e (size before relaxing)
 .debug_str     0x00000000000007ea       0x44 /usr/lib/gcc/arm-none-eabi/6.3.1/../../../arm-none-eabi/lib/thumb/v6-m/libc.a(lib_a-sbrkr.o)
                                        0x5a9 (size before relaxing)
 .debug_str     0x000000000000082e       0xba /usr/lib/gcc/arm-none-eabi/6.3.1/../../../arm-none-eabi/lib/thumb/v6-m/libc.a(lib_a-strlen-stub.o)
                                        0x58f (size before relaxing)
 .debug_str     0x00000000000008e8      0x1ce /usr/lib/gcc/arm-none-eabi/6.3.1/../../../arm-none-eabi/lib/thumb/v6-m/libc.a(lib_a-wbuf.o)
                                        0x6ef (size before relaxing)
 .debug_str     0x0000000000000ab6       0x3d /usr/lib/gcc/arm-none-eabi/6.3.1/../../../arm-none-eabi/lib/thumb/v6-m/libc.a(lib_a-wsetup.o)
                                        0x6ea (size before relaxing)
 .debug_str     0x0000000000000af3       0x60 /usr/lib/gcc/arm-none-eabi/6.3.1/../../../arm-none-eabi/lib/thumb/v6-m/libc.a(lib_a-fflush.o)
                                        0x718 (size before relaxing)
 .debug_str     0x0000000000000b53      0x136 /usr/lib/gcc/arm-none-eabi/6.3.1/../../../arm-none-eabi/lib/thumb/v6-m/libc.a(lib_a-findfp.o)
                                        0x7f4 (size before relaxing)
 .debug_str     0x0000000000000c89       0x34 /usr/lib/gcc/arm-none-eabi/6.3.1/../../../arm-none-eabi/lib/thumb/v6-m/libc.a(lib_a-freer.o)
                                        0x747 (size before relaxing)
 .debug_str     0x0000000000000cbd       0x3e /usr/lib/gcc/arm-none-eabi/6.3.1/../../../arm-none-eabi/lib/thumb/v6-m/libc.a(lib_a-fwalk.o)
                                        0x6dc (size before relaxing)
 .debug_str     0x0000000000000cfb      0x162 /usr/lib/gcc/arm-none-eabi/6.3.1/../../../arm-none-eabi/lib/thumb/v6-m/libc.a(lib_a-makebuf.o)
                                        0x856 (size before relaxing)
 .debug_str     0x0000000000000e5d       0x5b /usr/lib/gcc/arm-none-eabi/6.3.1/../../../arm-none-eabi/lib/thumb/v6-m/libc.a(lib_a-reent.o)
                                        0x5a2 (size before relaxing)
 .debug_str     0x0000000000000eb8       0x8f /usr/lib/gcc/arm-none-eabi/6.3.1/../../../arm-none-eabi/lib/thumb/v6-m/libc.a(lib_a-stdio.o)
                                        0x730 (size before relaxing)
 .debug_str     0x0000000000000f47       0x30 /usr/lib/gcc/arm-none-eabi/6.3.1/../../../arm-none-eabi/lib/thumb/v6-m/libc.a(lib_a-writer.o)
                                        0x5a6 (size before relaxing)
 .debug_str     0x0000000000000f77       0x30 /usr/lib/gcc/arm-none-eabi/6.3.1/../../../arm-none-eabi/lib/thumb/v6-m/libc.a(lib_a-closer.o)
                                        0x596 (size before relaxing)
 .debug_str     0x0000000000000fa7       0x46 /usr/lib/gcc/arm-none-eabi/6.3.1/../../../arm-none-eabi/lib/thumb/v6-m/libc.a(lib_a-fclose.o)
                                        0x701 (size before relaxing)
 .debug_str     0x0000000000000fed       0x3d /usr/lib/gcc/arm-none-eabi/6.3.1/../../../arm-none-eabi/lib/thumb/v6-m/libc.a(lib_a-fstatr.o)
                                        0x6fd (size before relaxing)
 .debug_str     0x000000000000102a       0x39 /usr/lib/gcc/arm-none-eabi/6.3.1/../../../arm-none-eabi/lib/thumb/v6-m/libc.a(lib_a-isattyr.o)
                                        0x5a0 (size before relaxing)
 .debug_str     0x0000000000001063       0x37 /usr/lib/gcc/arm-none-eabi/6.3.1/../../../arm-none-eabi/lib/thumb/v6-m/libc.a(lib_a-lseekr.o)
                                        0x5a4 (size before relaxing)
 .debug_str     0x000000000000109a       0x2f /usr/lib/gcc/arm-none-eabi/6.3.1/../../../arm-none-eabi/lib/thumb/v6-m/libc.a(lib_a-readr.o)
                                        0x5a4 (size before relaxing)
 .debug_str     0x00000000000010c9       0xd0 /usr/lib/gcc/arm-none-eabi/6.3.1/../../../arm-none-eabi/lib/thumb/v6-m/libnosys.a(close.o)
                                        0x560 (size before relaxing)
 .debug_str     0x0000000000001199       0x2c /usr/lib/gcc/arm-none-eabi/6.3.1/../../../arm-none-eabi/lib/thumb/v6-m/libnosys.a(fstat.o)
                                        0x6c1 (size before relaxing)
 .debug_str     0x00000000000011c5       0x2d /usr/lib/gcc/arm-none-eabi/6.3.1/../../../arm-none-eabi/lib/thumb/v6-m/libnosys.a(isatty.o)
                                        0x567 (size before relaxing)
 .debug_str     0x00000000000011f2       0x2c /usr/lib/gcc/arm-none-eabi/6.3.1/../../../arm-none-eabi/lib/thumb/v6-m/libnosys.a(lseek.o)
                                        0x565 (size before relaxing)

.debug_loc      0x0000000000000000     0x2787
 .debug_loc     0x0000000000000000      0xc9b /usr/lib/gcc/arm-none-eabi/6.3.1/../../../arm-none-eabi/lib/thumb/v6-m/libc.a(lib_a-mallocr.o)
 .debug_loc     0x0000000000000c9b       0x58 /usr/lib/gcc/arm-none-eabi/6.3.1/../../../arm-none-eabi/lib/thumb/v6-m/libc.a(lib_a-sbrkr.o)
 .debug_loc     0x0000000000000cf3       0xbe /usr/lib/gcc/arm-none-eabi/6.3.1/../../../arm-none-eabi/lib/thumb/v6-m/libc.a(lib_a-strlen-stub.o)
 .debug_loc     0x0000000000000db1      0x1a7 /usr/lib/gcc/arm-none-eabi/6.3.1/../../../arm-none-eabi/lib/thumb/v6-m/libc.a(lib_a-wbuf.o)
 .debug_loc     0x0000000000000f58       0xa2 /usr/lib/gcc/arm-none-eabi/6.3.1/../../../arm-none-eabi/lib/thumb/v6-m/libc.a(lib_a-wsetup.o)
 .debug_loc     0x0000000000000ffa      0x2ec /usr/lib/gcc/arm-none-eabi/6.3.1/../../../arm-none-eabi/lib/thumb/v6-m/libc.a(lib_a-fflush.o)