Archive member included to satisfy reference by file (symbol)

/usr/lib/gcc/arm-none-eabi/6.3.1/../../../arm-none-eabi/lib/thumb/v6-m/libm.a(lib_a-sf_cos.o)
                              CMakeFiles/pico_float_test.dir/pico_float_test.c.obj (cosf)
/usr/lib/gcc/arm-none-eabi/6.3.1/../../../arm-none-eabi/lib/thumb/v6-m/libm.a(lib_a-sf_ldexp.o)
                              CMakeFiles/pico_float_test.dir/pico_float_test.c.obj (ldexpf)
/usr/lib/gcc/arm-none-eabi/6.3.1/../../../arm-none-eabi/lib/thumb/v6-m/libm.a(lib_a-sf_scalbn.o)
                              /usr/lib/gcc/arm-none-eabi/6.3.1/../../../arm-none-eabi/lib/thumb/v6-m/libm.a(lib_a-sf_ldexp.o) (scalbnf)
/usr/lib/gcc/arm-none-eabi/6.3.1/../../../arm-none-eabi/lib/thumb/v6-m/libm.a(lib_a-sf_sin.o)
                              CMakeFiles/pico_float_test.dir/pico_float_test.c.obj (sinf)
/usr/lib/gcc/arm-none-eabi/6.3.1/../../../arm-none-eabi/lib/thumb/v6-m/libm.a(lib_a-sf_tan.o)
                              CMakeFiles/pico_float_test.dir/pico_float_test.c.obj (tanf)
/usr/lib/gcc/arm-none-eabi/6.3.1/../../../arm-none-eabi/lib/thumb/v6-m/libm.a(lib_a-sf_trunc.o)
                              CMakeFiles/pico_float_test.dir/pico_float_test.c.obj (truncf)
/usr/lib/gcc/arm-none-eabi/6.3.1/../../../arm-none-eabi/lib/thumb/v6-m/libm.a(lib_a-wf_atan2.o)
                              CMakeFiles/pico_float_test.dir/pico_float_test.c.obj (atan2f)
/usr/lib/gcc/arm-none-eabi/6.3.1/../../../arm-none-eabi/lib/thumb/v6-m/libm.a(lib_a-wf_exp.o)
                              CMakeFiles/pico_float_test.dir/pico_float_test.c.obj (expf)
/usr/lib/gcc/arm-none-eabi/6.3.1/../../../arm-none-eabi/lib/thumb/v6-m/libm.a(lib_a-wf_fmod.o)
                              CMakeFiles/pico_float_test.dir/pico_float_test.c.obj (fmodf)
/usr/lib/gcc/arm-none-eabi/6.3.1/../../../arm-none-eabi/lib/thumb/v6-m/libm.a(lib_a-wf_log.o)
                              CMakeFiles/pico_float_test.dir/pico_float_test.c.obj (logf)
/usr/lib/gcc/arm-none-eabi/6.3.1/../../../arm-none-eabi/lib/thumb/v6-m/libm.a(lib_a-wf_pow.o)
                              CMakeFiles/pico_float_test.dir/pico_float_test.c.obj (powf)
/usr/lib/gcc/arm-none-eabi/6.3.1/../../../arm-none-eabi/lib/thumb/v6-m/libm.a(lib_a-wf_sqrt.o)
                              CMakeFiles/pico_float_test.dir/pico_float_test.c.obj (sqrtf)
/usr/lib/gcc/arm-none-eabi/6.3.1/../../../arm-none-eabi/lib/thumb/v6-m/libm.a(lib_a-ef_atan2.o)
                              /usr/lib/gcc/arm-none-eabi/6.3.1/../../../arm-none-eabi/lib/thumb/v6-m/libm.a(lib_a-wf_atan2.o) (__ieee754_atan2f)
/usr/lib/gcc/arm-none-eabi/6.3.1/../../../arm-none-eabi/lib/thumb/v6-m/libm.a(lib_a-ef_exp.o)
                              /usr/lib/gcc/arm-none-eabi/6.3.1/../../../arm-none-eabi/lib/thumb/v6-m/libm.a(lib_a-wf_exp.o) (__ieee754_expf)
/usr/lib/gcc/arm-none-eabi/6.3.1/../../../arm-none-eabi/lib/thumb/v6-m/libm.a(lib_a-ef_fmod.o)
                              /usr/lib/gcc/arm-none-eabi/6.3.1/../../../arm-none-eabi/lib/thumb/v6-m/libm.a(lib_a-wf_fmod.o) (__ieee754_fmodf)
/usr/lib/gcc/arm-none-eabi/6.3.1/../../../arm-none-eabi/lib/thumb/v6-m/libm.a(lib_a-ef_log.o)
                              /usr/lib/gcc/arm-none-eabi/6.3.1/../../../arm-none-eabi/lib/thumb/v6-m/libm.a(lib_a-wf_log.o) (__ieee754_logf)
/usr/lib/gcc/arm-none-eabi/6.3.1/../../../arm-none-eabi/lib/thumb/v6-m/libm.a(lib_a-ef_pow.o)
                              /usr/lib/gcc/arm-none-eabi/6.3.1/../../../arm-none-eabi/lib/thumb/v6-m/libm.a(lib_a-wf_pow.o) (__ieee754_powf)
/usr/lib/gcc/arm-none-eabi/6.3.1/../../../arm-none-eabi/lib/thumb/v6-m/libm.a(lib_a-ef_rem_pio2.o)
                              /usr/lib/gcc/arm-none-eabi/6.3.1/../../../arm-none-eabi/lib/thumb/v6-m/libm.a(lib_a-sf_cos.o) (__ieee754_rem_pio2f)
/usr/lib/gcc/arm-none-eabi/6.3.1/../../../arm-none-eabi/lib/thumb/v6-m/libm.a(lib_a-ef_sqrt.o)
                              /usr/lib/gcc/arm-none-eabi/6.3.1/../../../arm-none-eabi/lib/thumb/v6-m/libm.a(lib_a-wf_sqrt.o) (__ieee754_sqrtf)
/usr/lib/gcc/arm-none-eabi/6.3.1/../../../arm-none-eabi/lib/thumb/v6-m/libm.a(lib_a-kf_cos.o)
                              /usr/lib/gcc/arm-none-eabi/6.3.1/../../../arm-none-eabi/lib/thumb/v6-m/libm.a(lib_a-sf_cos.o) (__kernel_cosf)
/usr/lib/gcc/arm-none-eabi/6.3.1/../../../arm-none-eabi/lib/thumb/v6-m/libm.a(lib_a-kf_rem_pio2.o)
                              /usr/lib/gcc/arm-none-eabi/6.3.1/../../../arm-none-eabi/lib/thumb/v6-m/libm.a(lib_a-ef_rem_pio2.o) (__kernel_rem_pio2f)
/usr/lib/gcc/arm-none-eabi/6.3.1/../../../arm-none-eabi/lib/thumb/v6-m/libm.a(lib_a-kf_sin.o)
                              /usr/lib/gcc/arm-none-eabi/6.3.1/../../../arm-none-eabi/lib/thumb/v6-m/libm.a(lib_a-sf_cos.o) (__kernel_sinf)
/usr/lib/gcc/arm-none-eabi/6.3.1/../../../arm-none-eabi/lib/thumb/v6-m/libm.a(lib_a-kf_tan.o)
                              /usr/lib/gcc/arm-none-eabi/6.3.1/../../../arm-none-eabi/lib/thumb/v6-m/libm.a(lib_a-sf_tan.o) (__kernel_tanf)
[...]
Memory Configuration

Name             Origin             Length             Attributes
FLASH            0x0000000010000000 0x0000000000200000 xr
RAM              0x0000000020000000 0x0000000000040000 xrw
SCRATCH_X        0x0000000020040000 0x0000000000001000 xrw
SCRATCH_Y        0x0000000020041000 0x0000000000001000 xrw
*default*        0x0000000000000000 0xffffffffffffffff

Linker script and memory map

LOAD /usr/lib/gcc/arm-none-eabi/6.3.1/thumb/v6-m/crti.o
LOAD /usr/lib/gcc/arm-none-eabi/6.3.1/thumb/v6-m/crtbegin.o
LOAD /usr/lib/gcc/arm-none-eabi/6.3.1/../../../arm-none-eabi/lib/thumb/v6-m/crt0.o

.flash_begin    0x0000000010000000        0x0
                0x0000000010000000                __flash_binary_start = .

.boot2          0x0000000010000000      0x100
                0x0000000010000000                __boot2_start__ = .
 *(.boot2)
 .boot2         0x0000000010000000      0x100 /tmp/ccTHD6v4.o
                0x0000000010000100                __boot2_end__ = .
                0x0000000000000001                ASSERT (((__boot2_end__ - __boot2_start__) == 0x100), ERROR: Pico second stage bootloader must be 256 bytes in size)

.text           0x0000000010000100     0x8300
                0x0000000010000100                __logical_binary_start = .
 *(.vectors)
 .vectors       0x0000000010000100       0xd4 CMakeFiles/pico_float_test.dir/__/__/src/rp2_common/pico_standard_link/crt0.S.obj
                0x0000000010000100                __vectors
                0x0000000010000100                __VECTOR_TABLE
                0x00000000100001c0                isr_invalid
                0x00000000100001c0                __default_isrs_start
                0x00000000100001c2                isr_nmi
                0x00000000100001c4                isr_hardfault
                0x00000000100001c6                isr_svcall
                0x00000000100001c8                isr_pendsv
                0x00000000100001ca                isr_systick
                0x00000000100001cc                isr_irq30
                0x00000000100001cc                __unhandled_user_irq
                0x00000000100001cc                isr_irq13
                0x00000000100001cc                isr_irq27
                0x00000000100001cc                isr_irq31
                0x00000000100001cc                isr_irq5
                0x00000000100001cc                isr_irq11
                0x00000000100001cc                isr_irq23
                0x00000000100001cc                isr_irq18
                0x00000000100001cc                isr_irq28
                0x00000000100001cc                isr_irq19
                0x00000000100001cc                isr_irq0
                0x00000000100001cc                isr_irq6
                0x00000000100001cc                isr_irq22
                0x00000000100001cc                isr_irq17
                0x00000000100001cc                isr_irq14
                0x00000000100001cc                isr_irq2
                0x00000000100001cc                isr_irq10
                0x00000000100001cc                isr_irq8
                0x00000000100001cc                isr_irq24
                0x00000000100001cc                isr_irq1
                0x00000000100001cc                isr_irq7
                0x00000000100001cc                isr_irq21
                0x00000000100001cc                isr_irq20
                0x00000000100001cc                isr_irq15
                0x00000000100001cc                isr_irq25
                0x00000000100001cc                isr_irq4
                0x00000000100001cc                isr_irq16
                0x00000000100001cc                isr_irq29
                0x00000000100001cc                isr_irq26
                0x00000000100001cc                __default_isrs_end
                0x00000000100001cc                isr_irq3
                0x00000000100001cc                isr_irq12
                0x00000000100001cc                isr_irq9
                0x00000000100001d2                unhandled_user_irq_num_in_r0
 *(.binary_info_header)
 .binary_info_header
                0x00000000100001d4       0x14 CMakeFiles/pico_float_test.dir/__/__/src/rp2_common/pico_standard_link/crt0.S.obj
                0x00000000100001e8                __binary_info_header_end = .
 *(.reset)
 .reset         0x00000000100001e8       0xa8 CMakeFiles/pico_float_test.dir/__/__/src/rp2_common/pico_standard_link/crt0.S.obj
                0x00000000100001e8                _entry_point
                0x0000000010000266                __get_current_exception
 .reset         0x0000000010000290       0x30 CMakeFiles/pico_float_test.dir/__/__/src/rp2_common/pico_standard_link/binary_info.c.obj
 *(.init)
 .init          0x00000000100002c0        0x4 /usr/lib/gcc/arm-none-eabi/6.3.1/thumb/v6-m/crti.o
                0x00000000100002c0                _init
 *(EXCLUDE_FILE(*libm.a: *libc.a:*lib_a-mem*.o *libgcc.a:) .text*)
 .text          0x00000000100002c4       0xb4 /usr/lib/gcc/arm-none-eabi/6.3.1/thumb/v6-m/crtbegin.o
 .text.test__aeabi_cfcmpeq
                0x0000000010000378       0x54 CMakeFiles/pico_float_test.dir/pico_float_test.c.obj
                0x0000000010000378                test__aeabi_cfcmpeq
 .text.test_cfcmpeq
                0x00000000100003cc      0x224 CMakeFiles/pico_float_test.dir/pico_float_test.c.obj
                0x00000000100003cc                test_cfcmpeq
 .text.test_fcmple_gt
                0x00000000100005f0       0xb4 CMakeFiles/pico_float_test.dir/pico_float_test.c.obj
                0x00000000100005f0                test_fcmple_gt
 .text.test_fcmplt_ge
                0x00000000100006a4       0xb4 CMakeFiles/pico_float_test.dir/pico_float_test.c.obj
                0x00000000100006a4                test_fcmplt_ge
 .text.test__aeabi_cfcmple
                0x0000000010000758      0x138 CMakeFiles/pico_float_test.dir/pico_float_test.c.obj
                0x0000000010000758                test__aeabi_cfcmple
 .text.test_cfcmple
                0x0000000010000890      0x180 CMakeFiles/pico_float_test.dir/pico_float_test.c.obj
                0x0000000010000890                test_cfcmple
 .text.test_cmple_gt
                0x0000000010000a10       0x54 CMakeFiles/pico_float_test.dir/pico_float_test.c.obj
                0x0000000010000a10                test_cmple_gt
 .text.test_cmplt_ge
                0x0000000010000a64       0x54 CMakeFiles/pico_float_test.dir/pico_float_test.c.obj
                0x0000000010000a64                test_cmplt_ge
 .text.test_fcmpun
                0x0000000010000ab8       0xf4 CMakeFiles/pico_float_test.dir/pico_float_test.c.obj
                0x0000000010000ab8                test_fcmpun
 .text.startup.main
                0x0000000010000bac      0xab4 CMakeFiles/pico_float_test.dir/pico_float_test.c.obj
                0x0000000010000bac                main
 .text          0x0000000010001660       0x18 CMakeFiles/pico_float_test.dir/llvm/call_apsr.S.obj
                0x0000000010001660                call_apsr_f
                0x000000001000166a                call_apsr_d
 .text.__wrap___aeabi_farithmetic
                0x0000000010001678       0x48 CMakeFiles/pico_float_test.dir/__/__/src/rp2_common/pico_float/float_aeabi.S.obj
                0x0000000010001678                __wrap___aeabi_frsub
                0x000000001000167e                __wrap___aeabi_fsub
                0x0000000010001684                __wrap___aeabi_fadd
                0x000000001000168a                __wrap___aeabi_fdiv
                0x00000000100016b2                __wrap___aeabi_fmul
 .text.__wrap___aeabi_cfcmple
                0x00000000100016c0       0x50 CMakeFiles/pico_float_test.dir/__/__/src/rp2_common/pico_float/float_aeabi.S.obj
                0x00000000100016c0                __wrap___aeabi_cfrcmple
                0x00000000100016cc                __wrap___aeabi_cfcmpeq
                0x00000000100016cc                __wrap___aeabi_cfcmple
 .text.__wrap___aeabi_fcmpeq
                0x0000000010001710       0x10 CMakeFiles/pico_float_test.dir/__/__/src/rp2_common/pico_float/float_aeabi.S.obj
                0x0000000010001710                __wrap___aeabi_fcmpeq
 .text.__wrap___aeabi_fcmplt
                0x0000000010001720        0xc CMakeFiles/pico_float_test.dir/__/__/src/rp2_common/pico_float/float_aeabi.S.obj
                0x0000000010001720                __wrap___aeabi_fcmplt
 .text.__wrap___aeabi_fcmple
                0x000000001000172c       0x10 CMakeFiles/pico_float_test.dir/__/__/src/rp2_common/pico_float/float_aeabi.S.obj
                0x000000001000172c                __wrap___aeabi_fcmple
 .text.__wrap___aeabi_fcmpge
                0x000000001000173c       0x10 CMakeFiles/pico_float_test.dir/__/__/src/rp2_common/pico_float/float_aeabi.S.obj
                0x000000001000173c                __wrap___aeabi_fcmpge
 .text.__wrap___aeabi_fcmpgt
                0x000000001000174c        0xa CMakeFiles/pico_float_test.dir/__/__/src/rp2_common/pico_float/float_aeabi.S.obj
                0x000000001000174c                __wrap___aeabi_fcmpgt
 .text.__wrap___aeabi_fcmpun
                0x0000000010001756       0x18 CMakeFiles/pico_float_test.dir/__/__/src/rp2_common/pico_float/float_aeabi.S.obj
                0x0000000010001756                __wrap___aeabi_fcmpun
 .text.__wrap___aeabi_ui2f
                0x000000001000176e        0xa CMakeFiles/pico_float_test.dir/__/__/src/rp2_common/pico_float/float_aeabi.S.obj
                0x000000001000176e                __wrap___aeabi_ui2f
 .text.__wrap___aeabi_i2f
                0x0000000010001778       0x44 CMakeFiles/pico_float_test.dir/__/__/src/rp2_common/pico_float/float_aeabi.S.obj
                0x0000000010001778                __wrap___aeabi_i2f
 .text.__wrap___aeabi_f2iz
                0x00000000100017bc       0x4e CMakeFiles/pico_float_test.dir/__/__/src/rp2_common/pico_float/float_aeabi.S.obj
                0x00000000100017bc                __wrap___aeabi_f2iz
                0x00000000100017bc                float2int_z
 *fill*         0x000000001000180a        0x2 
 .text.float2int
                0x000000001000180c       0x14 CMakeFiles/pico_float_test.dir/__/__/src/rp2_common/pico_float/float_aeabi.S.obj
                0x000000001000180c                float2int
 .text.__wrap___aeabi_f2uiz
                0x0000000010001820        0xc CMakeFiles/pico_float_test.dir/__/__/src/rp2_common/pico_float/float_aeabi.S.obj
                0x0000000010001820                __wrap___aeabi_f2uiz
 .text.fix2float
                0x000000001000182c        0xc CMakeFiles/pico_float_test.dir/__/__/src/rp2_common/pico_float/float_aeabi.S.obj
                0x000000001000182c                fix2float
 .text.__wrap___aeabi_l2f
                0x0000000010001838       0x20 CMakeFiles/pico_float_test.dir/__/__/src/rp2_common/pico_float/float_aeabi.S.obj
                0x000000001000183c                __wrap___aeabi_l2f
 .text.__wrap___aeabi_f2lz
                0x0000000010001858       0x26 CMakeFiles/pico_float_test.dir/__/__/src/rp2_common/pico_float/float_aeabi.S.obj
                0x0000000010001858                float2int64_z
                0x0000000010001858                __wrap___aeabi_f2lz
 *fill*         0x000000001000187e        0x2 
 .text.float2int64
                0x0000000010001880       0x14 CMakeFiles/pico_float_test.dir/__/__/src/rp2_common/pico_float/float_aeabi.S.obj
                0x0000000010001880                float2int64
 .text.__wrap___aeabi_f2ulz
                0x0000000010001894       0x14 CMakeFiles/pico_float_test.dir/__/__/src/rp2_common/pico_float/float_aeabi.S.obj
                0x0000000010001894                __wrap___aeabi_f2ulz
 .text.float2ufix64
                0x00000000100018a8       0x14 CMakeFiles/pico_float_test.dir/__/__/src/rp2_common/pico_float/float_aeabi.S.obj
                0x00000000100018a8                float2ufix64
 .text.__wrap___aeabi_f2d
                0x00000000100018bc       0x14 CMakeFiles/pico_float_test.dir/__/__/src/rp2_common/pico_float/float_aeabi.S.obj
                0x00000000100018bc                __wrap___aeabi_f2d
 .text.__wrap_srqtf
                0x00000000100018d0       0x20 CMakeFiles/pico_float_test.dir/__/__/src/rp2_common/pico_float/float_aeabi.S.obj
                0x00000000100018d0                __wrap_sqrtf
 .text.__wrap_cosf
                0x00000000100018f0       0x24 CMakeFiles/pico_float_test.dir/__/__/src/rp2_common/pico_float/float_aeabi.S.obj
                0x00000000100018f0                __wrap_cosf
 .text.__wrap_sinf
                0x0000000010001914       0x24 CMakeFiles/pico_float_test.dir/__/__/src/rp2_common/pico_float/float_aeabi.S.obj
                0x0000000010001914                __wrap_sinf
 .text.__wrap_sincosf
                0x0000000010001938       0x30 CMakeFiles/pico_float_test.dir/__/__/src/rp2_common/pico_float/float_aeabi.S.obj
                0x0000000010001938                __wrap_sincosf
 .text.__wrap_tanf
                0x0000000010001968       0x4c CMakeFiles/pico_float_test.dir/__/__/src/rp2_common/pico_float/float_aeabi.S.obj
                0x0000000010001968                __wrap_tanf
 .text.__wrap_atan2f
                0x00000000100019b4       0x14 CMakeFiles/pico_float_test.dir/__/__/src/rp2_common/pico_float/float_aeabi.S.obj
                0x00000000100019b4                __wrap_atan2f
 .text.__wrap_expf
                0x00000000100019c8        0xc CMakeFiles/pico_float_test.dir/__/__/src/rp2_common/pico_float/float_aeabi.S.obj
                0x00000000100019c8                __wrap_expf
 .text.__wrap_logf
                0x00000000100019d4        0xc CMakeFiles/pico_float_test.dir/__/__/src/rp2_common/pico_float/float_aeabi.S.obj
                0x00000000100019d4                __wrap_logf
 .text.__aeabi_float_init
                0x00000000100019e0       0x68 CMakeFiles/pico_float_test.dir/__/__/src/rp2_common/pico_float/float_init_rom.c.obj
                0x00000000100019e0                __aeabi_float_init
 .text.fpow_int2
                0x0000000010001a48       0xac CMakeFiles/pico_float_test.dir/__/__/src/rp2_common/pico_float/float_math.c.obj
 .text.fpow_0   0x0000000010001af4       0xf4 CMakeFiles/pico_float_test.dir/__/__/src/rp2_common/pico_float/float_math.c.obj
 .text.__wrap_ldexpf
                0x0000000010001be8       0x30 CMakeFiles/pico_float_test.dir/__/__/src/rp2_common/pico_float/float_math.c.obj
                0x0000000010001be8                __wrap_ldexpf
 .text.__wrap_copysignf
                0x0000000010001c18        0xc CMakeFiles/pico_float_test.dir/__/__/src/rp2_common/pico_float/float_math.c.obj
                0x0000000010001c18                __wrap_copysignf
 .text.__wrap_truncf
                0x0000000010001c24       0x20 CMakeFiles/pico_float_test.dir/__/__/src/rp2_common/pico_float/float_math.c.obj
                0x0000000010001c24                __wrap_truncf
 .text.__wrap_floorf
                0x0000000010001c44       0x40 CMakeFiles/pico_float_test.dir/__/__/src/rp2_common/pico_float/float_math.c.obj
                0x0000000010001c44                __wrap_floorf
 .text.__wrap_atanf
                0x0000000010001c84       0x2c CMakeFiles/pico_float_test.dir/__/__/src/rp2_common/pico_float/float_math.c.obj
                0x0000000010001c84                __wrap_atanf
 .text.__wrap_powf
                0x0000000010001cb0      0x174 CMakeFiles/pico_float_test.dir/__/__/src/rp2_common/pico_float/float_math.c.obj
                0x0000000010001cb0                __wrap_powf
 .text.__wrap_fmodf
                0x0000000010001e24       0xb4 CMakeFiles/pico_float_test.dir/__/__/src/rp2_common/pico_float/float_math.c.obj
                0x0000000010001e24                __wrap_fmodf
 .text.__wrap_remquof
                0x0000000010001ed8      0x148 CMakeFiles/pico_float_test.dir/__/__/src/rp2_common/pico_float/float_math.c.obj
                0x0000000010001ed8                __wrap_remquof
 .text.__wrap_remainderf
                0x0000000010002020        0xc CMakeFiles/pico_float_test.dir/__/__/src/rp2_common/pico_float/float_math.c.obj
                0x0000000010002020                __wrap_remainderf
 .text.float_table_shim_on_use_helper
                0x000000001000202c       0x2c CMakeFiles/pico_float_test.dir/__/__/src/rp2_common/pico_float/float_v1_rom_shim.S.obj
                0x000000001000202c                float_table_shim_on_use_helper
 .text.642float_shims
                0x0000000010002058       0x44 CMakeFiles/pico_float_test.dir/__/__/src/rp2_common/pico_float/float_v1_rom_shim.S.obj
                0x0000000010002058                uint642float_shim
                0x000000001000205a                ufix642float_shim
                0x000000001000206a                int642float_shim
                0x000000001000206c                fix642float_shim
 .text.fatan2_shim
                0x000000001000209c       0x88 CMakeFiles/pico_float_test.dir/__/__/src/rp2_common/pico_float/float_v1_rom_shim.S.obj
                0x000000001000209c                fatan2_shim
 .text.float232_shims
                0x0000000010002124       0x18 CMakeFiles/pico_float_test.dir/__/__/src/rp2_common/pico_float/float_v1_rom_shim.S.obj
                0x0000000010002124                float2int_shim
                0x0000000010002126                float2fix_shim
 .text.float264_shims
                0x000000001000213c       0x4c CMakeFiles/pico_float_test.dir/__/__/src/rp2_common/pico_float/float_v1_rom_shim.S.obj
                0x000000001000213c                float2int64_shim
                0x000000001000213e                float2fix64_shim
                0x0000000010002146                float2uint64_shim
                0x0000000010002148                float2ufix64_shim
 .text.d2fix_a_float
                0x0000000010002188       0x5c CMakeFiles/pico_float_test.dir/__/__/src/rp2_common/pico_float/float_v1_rom_shim.S.obj
                0x0000000010002188                d2fix_a
 .text.float2double_shim
                0x00000000100021e4       0x30 CMakeFiles/pico_float_test.dir/__/__/src/rp2_common/pico_float/float_v1_rom_shim.S.obj
                0x00000000100021e4                float2double_shim
 .text.rom_func_lookup
                0x0000000010002214       0x10 CMakeFiles/pico_float_test.dir/__/__/src/rp2_common/pico_bootrom/bootrom.c.obj
                0x0000000010002214                rom_func_lookup
 .text.rom_data_lookup
                0x0000000010002224       0x10 CMakeFiles/pico_float_test.dir/__/__/src/rp2_common/pico_bootrom/bootrom.c.obj
                0x0000000010002224                rom_data_lookup
 .text.rom_funcs_lookup
                0x0000000010002234       0x44 CMakeFiles/pico_float_test.dir/__/__/src/rp2_common/pico_bootrom/bootrom.c.obj
                0x0000000010002234                rom_funcs_lookup
 .text.setup_default_uart
                0x0000000010002278        0x8 CMakeFiles/pico_float_test.dir/__/__/src/rp2_common/pico_stdlib/stdlib.c.obj
                0x0000000010002278                setup_default_uart
 .text.gpio_set_function
                0x0000000010002280       0x30 CMakeFiles/pico_float_test.dir/__/__/src/rp2_common/hardware_gpio/gpio.c.obj
                0x0000000010002280                gpio_set_function
 .text.hw_claim_or_assert
                0x00000000100022b0       0x44 CMakeFiles/pico_float_test.dir/__/__/src/rp2_common/hardware_claim/claim.c.obj
                0x00000000100022b0                hw_claim_or_assert
 .text.running_on_fpga
                0x00000000100022f4       0x10 CMakeFiles/pico_float_test.dir/__/__/src/rp2_common/pico_platform/platform.c.obj
                0x00000000100022f4                running_on_fpga
 .text.spin_locks_reset
                0x0000000010002304       0x1c CMakeFiles/pico_float_test.dir/__/__/src/rp2_common/hardware_sync/sync.c.obj
                0x0000000010002304                spin_locks_reset
 .text.next_striped_spin_lock_num
                0x0000000010002320       0x18 CMakeFiles/pico_float_test.dir/__/__/src/rp2_common/hardware_sync/sync.c.obj
                0x0000000010002320                next_striped_spin_lock_num
 .text.irq_set_enabled
                0x0000000010002338       0x24 CMakeFiles/pico_float_test.dir/__/__/src/rp2_common/hardware_irq/irq.c.obj
                0x0000000010002338                irq_set_enabled
 .text.irq_get_vtable_handler
                0x000000001000235c       0x10 CMakeFiles/pico_float_test.dir/__/__/src/rp2_common/hardware_irq/irq.c.obj
                0x000000001000235c                irq_get_vtable_handler
 .text.irq_set_exclusive_handler
                0x000000001000236c       0x54 CMakeFiles/pico_float_test.dir/__/__/src/rp2_common/hardware_irq/irq.c.obj
                0x000000001000236c                irq_set_exclusive_handler
 .text.irq_remove_handler
                0x00000000100023c0      0x1b8 CMakeFiles/pico_float_test.dir/__/__/src/rp2_common/hardware_irq/irq.c.obj
                0x00000000100023c0                irq_remove_handler
 .text.irq_add_tail_to_free_list
                0x0000000010002578       0xb4 CMakeFiles/pico_float_test.dir/__/__/src/rp2_common/hardware_irq/irq.c.obj
                0x0000000010002578                irq_add_tail_to_free_list
 .text.irq_init_priorities
                0x000000001000262c       0x48 CMakeFiles/pico_float_test.dir/__/__/src/rp2_common/hardware_irq/irq.c.obj
                0x000000001000262c                irq_init_priorities
 .text.lock_init
                0x0000000010002674       0x10 CMakeFiles/pico_float_test.dir/__/__/src/common/pico_sync/lock_core.c.obj
                0x0000000010002674                lock_init
 .text.timer_pool_entry_comparator
                0x0000000010002684       0x34 CMakeFiles/pico_float_test.dir/__/__/src/common/pico_time/time.c.obj
                0x0000000010002684                timer_pool_entry_comparator
 .text.add_alarm_under_lock
                0x00000000100026b8      0x124 CMakeFiles/pico_float_test.dir/__/__/src/common/pico_time/time.c.obj
 .text.alarm_pool_alarm_callback
                0x00000000100027dc      0x1dc CMakeFiles/pico_float_test.dir/__/__/src/common/pico_time/time.c.obj
 .text.alarm_pool_init_default
                0x00000000100029b8       0x64 CMakeFiles/pico_float_test.dir/__/__/src/common/pico_time/time.c.obj
                0x00000000100029b8                alarm_pool_init_default
 .text.hardware_alarm_irq_handler
                0x0000000010002a1c       0xa0 CMakeFiles/pico_float_test.dir/__/__/src/rp2_common/hardware_timer/timer.c.obj
 .text.hardware_alarm_claim
                0x0000000010002abc       0x18 CMakeFiles/pico_float_test.dir/__/__/src/rp2_common/hardware_timer/timer.c.obj
                0x0000000010002abc                hardware_alarm_claim
 .text.time_us_64
                0x0000000010002ad4       0x18 CMakeFiles/pico_float_test.dir/__/__/src/rp2_common/hardware_timer/timer.c.obj
                0x0000000010002ad4                time_us_64
 .text.busy_wait_us
                0x0000000010002aec       0x54 CMakeFiles/pico_float_test.dir/__/__/src/rp2_common/hardware_timer/timer.c.obj
                0x0000000010002aec                busy_wait_us
 .text.hardware_alarm_set_callback
                0x0000000010002b40       0x8c CMakeFiles/pico_float_test.dir/__/__/src/rp2_common/hardware_timer/timer.c.obj
                0x0000000010002b40                hardware_alarm_set_callback
 .text.hardware_alarm_set_target
                0x0000000010002bcc       0xdc CMakeFiles/pico_float_test.dir/__/__/src/rp2_common/hardware_timer/timer.c.obj
                0x0000000010002bcc                hardware_alarm_set_target
 .text.hardware_alarm_cancel
                0x0000000010002ca8       0x40 CMakeFiles/pico_float_test.dir/__/__/src/rp2_common/hardware_timer/timer.c.obj
                0x0000000010002ca8                hardware_alarm_cancel
 .text.ph_merge_two_pass.part.3
                0x0000000010002ce8      0x18c CMakeFiles/pico_float_test.dir/__/__/src/common/pico_util/pheap.c.obj
 .text.ph_post_alloc_init
                0x0000000010002e74       0x3c CMakeFiles/pico_float_test.dir/__/__/src/common/pico_util/pheap.c.obj
                0x0000000010002e74                ph_post_alloc_init
 .text.ph_remove_head
                0x0000000010002eb0      0x158 CMakeFiles/pico_float_test.dir/__/__/src/common/pico_util/pheap.c.obj
                0x0000000010002eb0                ph_remove_head
 .text.ph_remove_and_free_node
                0x0000000010003008      0x254 CMakeFiles/pico_float_test.dir/__/__/src/common/pico_util/pheap.c.obj
                0x0000000010003008                ph_remove_and_free_node
 .text.mutex_init
                0x000000001000325c       0x1c CMakeFiles/pico_float_test.dir/__/__/src/common/pico_sync/mutex.c.obj
                0x000000001000325c                mutex_init
 .text.recursive_mutex_init
                0x0000000010003278       0x20 CMakeFiles/pico_float_test.dir/__/__/src/common/pico_sync/mutex.c.obj
                0x0000000010003278                recursive_mutex_init
 .text.uart_init
                0x0000000010003298       0xe4 CMakeFiles/pico_float_test.dir/__/__/src/rp2_common/hardware_uart/uart.c.obj
                0x0000000010003298                uart_init
 .text.runtime_init
                0x000000001000337c       0xf4 CMakeFiles/pico_float_test.dir/__/__/src/rp2_common/pico_runtime/runtime.c.obj
                0x000000001000337c                runtime_init
 .text._sbrk    0x0000000010003470       0x34 CMakeFiles/pico_float_test.dir/__/__/src/rp2_common/pico_runtime/runtime.c.obj
                0x0000000010003470                _sbrk
 .text.exit     0x00000000100034a4        0x4 CMakeFiles/pico_float_test.dir/__/__/src/rp2_common/pico_runtime/runtime.c.obj
                0x00000000100034a4                exit
 .text.panic    0x00000000100034a8       0x30 CMakeFiles/pico_float_test.dir/__/__/src/rp2_common/pico_runtime/runtime.c.obj
                0x00000000100034a8                panic
 .text.hard_assertion_failure
                0x00000000100034d8        0xc CMakeFiles/pico_float_test.dir/__/__/src/rp2_common/pico_runtime/runtime.c.obj
                0x00000000100034d8                hard_assertion_failure
 .text.clocks_init
                0x00000000100034e4      0x2c8 CMakeFiles/pico_float_test.dir/__/__/src/rp2_common/hardware_clocks/clocks.c.obj
                0x00000000100034e4                clocks_init
 .text.clock_get_hz
                0x00000000100037ac        0xc CMakeFiles/pico_float_test.dir/__/__/src/rp2_common/hardware_clocks/clocks.c.obj
                0x00000000100037ac                clock_get_hz
 .text.pll_init
                0x00000000100037b8       0x9c CMakeFiles/pico_float_test.dir/__/__/src/rp2_common/hardware_pll/pll.c.obj
                0x00000000100037b8                pll_init
 .text.watchdog_start_tick
                0x0000000010003854       0x10 CMakeFiles/pico_float_test.dir/__/__/src/rp2_common/hardware_watchdog/watchdog.c.obj
                0x0000000010003854                watchdog_start_tick
 .text.xosc_init
                0x0000000010003864       0x28 CMakeFiles/pico_float_test.dir/__/__/src/rp2_common/hardware_xosc/xosc.c.obj
                0x0000000010003864                xosc_init
 .text._out_null
                0x000000001000388c        0x4 CMakeFiles/pico_float_test.dir/__/__/src/rp2_common/pico_printf/printf.c.obj
 .text._out_fct
                0x0000000010003890       0x10 CMakeFiles/pico_float_test.dir/__/__/src/rp2_common/pico_printf/printf.c.obj
 .text._out_char
                0x00000000100038a0       0x3c CMakeFiles/pico_float_test.dir/__/__/src/rp2_common/pico_printf/printf.c.obj
 .text._ntoa_format
                0x00000000100038dc      0x214 CMakeFiles/pico_float_test.dir/__/__/src/rp2_common/pico_printf/printf.c.obj
 .text._ftoa    0x0000000010003af0      0x6c4 CMakeFiles/pico_float_test.dir/__/__/src/rp2_common/pico_printf/printf.c.obj
 .text._etoa.part.1
                0x00000000100041b4      0x3e0 CMakeFiles/pico_float_test.dir/__/__/src/rp2_common/pico_printf/printf.c.obj
 .text._vsnprintf
                0x0000000010004594      0xb30 CMakeFiles/pico_float_test.dir/__/__/src/rp2_common/pico_printf/printf.c.obj
 .text.vfctprintf
                0x00000000100050c4       0x20 CMakeFiles/pico_float_test.dir/__/__/src/rp2_common/pico_printf/printf.c.obj
                0x00000000100050c4                vfctprintf
 .text.weak_raw_vprintf
                0x00000000100050e4       0x30 CMakeFiles/pico_float_test.dir/__/__/src/rp2_common/pico_printf/printf.c.obj
                0x00000000100050e4                weak_raw_vprintf
 .text          0x0000000010005114       0x10 CMakeFiles/pico_float_test.dir/__/__/src/rp2_common/pico_bit_ops/bit_ops_aeabi.S.obj
 .text.clzsi    0x0000000010005124        0xc CMakeFiles/pico_float_test.dir/__/__/src/rp2_common/pico_bit_ops/bit_ops_aeabi.S.obj
                0x0000000010005124                __wrap___clz
                0x0000000010005124                __wrap___clzsi2
                0x0000000010005124                __wrap___clzl
 .text.__wrap___aeabi_idiv
                0x0000000010005130       0x50 CMakeFiles/pico_float_test.dir/__/__/src/rp2_common/pico_divider/divider.S.obj
                0x0000000010005130                __wrap___aeabi_idivmod
                0x0000000010005130                divmod_s32s32
                0x0000000010005130                div_s32s32
                0x0000000010005130                __wrap___aeabi_idiv
                0x0000000010005138                divmod_s32s32_unsafe
                0x0000000010005164                divmod_s32s32_savestate
 .text.__wrap___aeabi_uidiv
                0x0000000010005180       0x4c CMakeFiles/pico_float_test.dir/__/__/src/rp2_common/pico_divider/divider.S.obj
                0x0000000010005180                __wrap___aeabi_uidiv
                0x0000000010005180                __wrap___aeabi_uidivmod
                0x0000000010005180                div_u32u32
                0x0000000010005180                divmod_u32u32
                0x0000000010005188                divmod_u32u32_unsafe
                0x00000000100051b0                divmod_u32u32_savestate
 .text.__wrap___aeabi_ldiv
                0x00000000100051cc      0x434 CMakeFiles/pico_float_test.dir/__/__/src/rp2_common/pico_divider/divider.S.obj
                0x00000000100051cc                div_s64s64
                0x00000000100051cc                divmod_s64s64
                0x00000000100051cc                __wrap___aeabi_ldivmod
                0x0000000010005204                div_u64u64
                0x0000000010005204                divmod_u64u64
                0x0000000010005204                __wrap___aeabi_uldivmod
                0x0000000010005214                divmod_u64u64_savestate
                0x000000001000523c                divmod_s64s64_unsafe
                0x00000000100052c4                divmod_u64u64_unsafe
 .text.push_r8_r11
                0x0000000010005600        0xc CMakeFiles/pico_float_test.dir/__/__/src/rp2_common/pico_double/double_aeabi.S.obj
                0x0000000010005600                push_r8_r11
 .text.pop_r8_r11
                0x000000001000560c        0xc CMakeFiles/pico_float_test.dir/__/__/src/rp2_common/pico_double/double_aeabi.S.obj
                0x000000001000560c                pop_r8_r11
 .text.__wrap___aeabi_darithmetic
                0x0000000010005618       0x80 CMakeFiles/pico_float_test.dir/__/__/src/rp2_common/pico_double/double_aeabi.S.obj
                0x0000000010005618                __wrap___aeabi_drsub
                0x000000001000561e                __wrap___aeabi_dsub
                0x0000000010005630                __wrap___aeabi_dadd
                0x0000000010005642                __wrap___aeabi_ddiv
                0x000000001000567e                __wrap___aeabi_dmul
 .text.__wrap___aeabi_cdcmple
                0x0000000010005698       0x6c CMakeFiles/pico_float_test.dir/__/__/src/rp2_common/pico_double/double_aeabi.S.obj
                0x0000000010005698                __wrap___aeabi_cdrcmple
                0x00000000100056a8                __wrap___aeabi_cdcmple
                0x00000000100056a8                __wrap___aeabi_cdcmpeq
 .text.__wrap___aeabi_dcmpeq
                0x0000000010005704       0x10 CMakeFiles/pico_float_test.dir/__/__/src/rp2_common/pico_double/double_aeabi.S.obj
                0x0000000010005704                __wrap___aeabi_dcmpeq
 .text.__wrap___aeabi_dcmplt
                0x0000000010005714        0xc CMakeFiles/pico_float_test.dir/__/__/src/rp2_common/pico_double/double_aeabi.S.obj
                0x0000000010005714                __wrap___aeabi_dcmplt
 .text.__wrap___aeabi_dcmpge
                0x0000000010005720       0x10 CMakeFiles/pico_float_test.dir/__/__/src/rp2_common/pico_double/double_aeabi.S.obj
                0x0000000010005720                __wrap___aeabi_dcmpge
 .text.__wrap___aeabi_dcmpgt
                0x0000000010005730        0xa CMakeFiles/pico_float_test.dir/__/__/src/rp2_common/pico_double/double_aeabi.S.obj
                0x0000000010005730                __wrap___aeabi_dcmpgt
 .text.__wrap___aeabi_dcmpun
                0x000000001000573a       0x1c CMakeFiles/pico_float_test.dir/__/__/src/rp2_common/pico_double/double_aeabi.S.obj
                0x000000001000573a                __wrap___aeabi_dcmpun
 *fill*         0x0000000010005756        0x2 
 .text.__wrap___aeabi_i2d
                0x0000000010005758       0x38 CMakeFiles/pico_float_test.dir/__/__/src/rp2_common/pico_double/double_aeabi.S.obj
                0x0000000010005758                __wrap___aeabi_ui2d
                0x0000000010005760                __wrap___aeabi_i2d
 .text.__wrap___aeabi_d2iz
                0x0000000010005790       0x48 CMakeFiles/pico_float_test.dir/__/__/src/rp2_common/pico_double/double_aeabi.S.obj
                0x0000000010005790                __wrap___aeabi_d2iz
                0x0000000010005790                double2int_z
 .text.__wrap___aeabi_d2uiz
                0x00000000100057d8       0x18 CMakeFiles/pico_float_test.dir/__/__/src/rp2_common/pico_double/double_aeabi.S.obj
                0x00000000100057d8                double2uint
                0x00000000100057d8                __wrap___aeabi_d2uiz
 .text.fix642double
                0x00000000100057f0       0x18 CMakeFiles/pico_float_test.dir/__/__/src/rp2_common/pico_double/double_aeabi.S.obj
                0x00000000100057f0                fix642double
 .text.__wrap___aeabi_d2lz
                0x0000000010005808       0x26 CMakeFiles/pico_float_test.dir/__/__/src/rp2_common/pico_double/double_aeabi.S.obj
                0x0000000010005808                __wrap___aeabi_d2lz
                0x0000000010005808                double2int64_z
 *fill*         0x000000001000582e        0x2 
 .text.double2int64
                0x0000000010005830       0x18 CMakeFiles/pico_float_test.dir/__/__/src/rp2_common/pico_double/double_aeabi.S.obj
                0x0000000010005830                double2int64
 .text.__wrap___aeabi_d2ulz
                0x0000000010005848       0x18 CMakeFiles/pico_float_test.dir/__/__/src/rp2_common/pico_double/double_aeabi.S.obj
                0x0000000010005848                __wrap___aeabi_d2ulz
 .text.double2ufix64
                0x0000000010005860       0x18 CMakeFiles/pico_float_test.dir/__/__/src/rp2_common/pico_double/double_aeabi.S.obj
                0x0000000010005860                double2ufix64
 .text.__wrap___aeabi_d2f
                0x0000000010005878       0x18 CMakeFiles/pico_float_test.dir/__/__/src/rp2_common/pico_double/double_aeabi.S.obj
                0x0000000010005878                __wrap___aeabi_d2f
 .text.__wrap_srqt
                0x0000000010005890       0x18 CMakeFiles/pico_float_test.dir/__/__/src/rp2_common/pico_double/double_aeabi.S.obj
                0x0000000010005890                __wrap_sqrt
 .text.__wrap_sincostan_remainder
                0x00000000100058a8       0x14 CMakeFiles/pico_float_test.dir/__/__/src/rp2_common/pico_double/double_aeabi.S.obj
                0x00000000100058a8                sincostan_remainder
 .text.__wrap_cos
                0x00000000100058bc       0x2c CMakeFiles/pico_float_test.dir/__/__/src/rp2_common/pico_double/double_aeabi.S.obj
                0x00000000100058bc                __wrap_cos
 .text.__wrap_sin
                0x00000000100058e8       0x2c CMakeFiles/pico_float_test.dir/__/__/src/rp2_common/pico_double/double_aeabi.S.obj
                0x00000000100058e8                __wrap_sin
 .text.__wrap_tan
                0x0000000010005914       0x5c CMakeFiles/pico_float_test.dir/__/__/src/rp2_common/pico_double/double_aeabi.S.obj
                0x0000000010005914                __wrap_tan
 .text.__wrap_atan2
                0x0000000010005970       0x18 CMakeFiles/pico_float_test.dir/__/__/src/rp2_common/pico_double/double_aeabi.S.obj
                0x0000000010005970                __wrap_atan2
 .text.__wrap_exp
                0x0000000010005988       0x18 CMakeFiles/pico_float_test.dir/__/__/src/rp2_common/pico_double/double_aeabi.S.obj
                0x0000000010005988                __wrap_exp
 .text.__wrap_log
                0x00000000100059a0       0x18 CMakeFiles/pico_float_test.dir/__/__/src/rp2_common/pico_double/double_aeabi.S.obj
                0x00000000100059a0                __wrap_log
 .text.__aeabi_double_init
                0x00000000100059b8       0x60 CMakeFiles/pico_float_test.dir/__/__/src/rp2_common/pico_double/double_init_rom.c.obj
                0x00000000100059b8                __aeabi_double_init
 .text.__wrap_remquo
                0x0000000010005a18      0x290 CMakeFiles/pico_float_test.dir/__/__/src/rp2_common/pico_double/double_math.c.obj
                0x0000000010005a18                __wrap_remquo
 .text.__wrap_remainder
                0x0000000010005ca8       0x10 CMakeFiles/pico_float_test.dir/__/__/src/rp2_common/pico_double/double_math.c.obj
                0x0000000010005ca8                __wrap_remainder
 .text.double_table_shim_on_use_helper
                0x0000000010005cb8       0x2c CMakeFiles/pico_float_test.dir/__/__/src/rp2_common/pico_double/double_v1_rom_shim.S.obj
                0x0000000010005cb8                double_table_shim_on_use_helper
 .text.__wrap___aeabi_dsub
                0x0000000010005ce4       0x10 CMakeFiles/pico_float_test.dir/__/__/src/rp2_common/pico_double/double_v1_rom_shim.S.obj
                0x0000000010005ce4                drsub_shim
                0x0000000010005cea                dsub_shim
 .text.dadd_shim
                0x0000000010005cf4      0x15c CMakeFiles/pico_float_test.dir/__/__/src/rp2_common/pico_double/double_v1_rom_shim.S.obj
                0x0000000010005cf4                dadd_shim
 .text.dmul_shim
                0x0000000010005e50      0x15c CMakeFiles/pico_float_test.dir/__/__/src/rp2_common/pico_double/double_v1_rom_shim.S.obj
                0x0000000010005e50                dmul_shim
 .text.ddiv_shim
                0x0000000010005fac      0x1b0 CMakeFiles/pico_float_test.dir/__/__/src/rp2_common/pico_double/double_v1_rom_shim.S.obj
                0x0000000010005fac                ddiv_shim
 .text.dsqrt_shim
                0x000000001000615c      0x1a8 CMakeFiles/pico_float_test.dir/__/__/src/rp2_common/pico_double/double_v1_rom_shim.S.obj
                0x0000000010006178                dsqrt_shim
 .text.dcordic_vec_step
                0x0000000010006304        0xe CMakeFiles/pico_float_test.dir/__/__/src/rp2_common/pico_double/double_v1_rom_shim.S.obj
                0x0000000010006304                dcordic_vec_step
 .text.dcordic_rot_step
                0x0000000010006312       0x76 CMakeFiles/pico_float_test.dir/__/__/src/rp2_common/pico_double/double_v1_rom_shim.S.obj
                0x0000000010006312                dcordic_rot_step
 .text.double2uint_shim
                0x0000000010006388        0xe CMakeFiles/pico_float_test.dir/__/__/src/rp2_common/pico_double/double_v1_rom_shim.S.obj
                0x0000000010006388                double2uint_shim
                0x000000001000638a                double2ufix_shim
 .text.double2int64_shim
                0x0000000010006396       0x1a CMakeFiles/pico_float_test.dir/__/__/src/rp2_common/pico_double/double_v1_rom_shim.S.obj
                0x0000000010006396                double2int64_shim
                0x0000000010006398                double2fix64_shim
 .text.double2uint64_shim
                0x00000000100063b0       0x70 CMakeFiles/pico_float_test.dir/__/__/src/rp2_common/pico_double/double_v1_rom_shim.S.obj
                0x00000000100063b0                double2uint64_shim
                0x00000000100063b2                double2ufix64_shim
 .text.double2float_shim
                0x0000000010006420       0x5c CMakeFiles/pico_float_test.dir/__/__/src/rp2_common/pico_double/double_v1_rom_shim.S.obj
                0x0000000010006420                double2float_shim
 .text.x2double_shims
                0x000000001000647c       0x90 CMakeFiles/pico_float_test.dir/__/__/src/rp2_common/pico_double/double_v1_rom_shim.S.obj
                0x000000001000647c                uint2double_shim
                0x000000001000647e                ufix2double_shim
                0x0000000010006484                int2double_shim
                0x0000000010006486                fix2double_shim
                0x000000001000648c                uint642double_shim
                0x000000001000648e                ufix642double_shim
                0x0000000010006494                int642double_shim
                0x0000000010006496                fix642double_shim
 .text.dunpacks
                0x000000001000650c       0x3c CMakeFiles/pico_float_test.dir/__/__/src/rp2_common/pico_double/double_v1_rom_shim.S.obj
                0x000000001000650c                dunpacks
 .text.dreduce  0x0000000010006548       0x82 CMakeFiles/pico_float_test.dir/__/__/src/rp2_common/pico_double/double_v1_rom_shim.S.obj
                0x0000000010006548                dreduce
 .text.dtan_shim
                0x00000000100065ca       0x20 CMakeFiles/pico_float_test.dir/__/__/src/rp2_common/pico_double/double_v1_rom_shim.S.obj
                0x00000000100065ca                dtan_shim
 .text.dcos_shim
                0x00000000100065ea       0x10 CMakeFiles/pico_float_test.dir/__/__/src/rp2_common/pico_double/double_v1_rom_shim.S.obj
                0x00000000100065ea                dcos_shim
 .text.dsin_shim
                0x00000000100065fa       0x14 CMakeFiles/pico_float_test.dir/__/__/src/rp2_common/pico_double/double_v1_rom_shim.S.obj
                0x00000000100065fa                dsin_shim
 *fill*         0x000000001000660e        0x2 
 .text.dtrig_guts
                0x0000000010006610      0x2ec CMakeFiles/pico_float_test.dir/__/__/src/rp2_common/pico_double/double_v1_rom_shim.S.obj
                0x00000000100066e8                datan2_shim
 .text.dexp_guts
                0x00000000100068fc      0x268 CMakeFiles/pico_float_test.dir/__/__/src/rp2_common/pico_double/double_v1_rom_shim.S.obj
                0x00000000100068fc                dexp_shim
                0x0000000010006998                dln_shim
 .text.__aeabi_lmul
                0x0000000010006b64       0x32 CMakeFiles/pico_float_test.dir/__/__/src/rp2_common/pico_int64_ops/pico_int64_ops_aeabi.S.obj
                0x0000000010006b64                __wrap___aeabi_lmul
 *fill*         0x0000000010006b96        0x2 
 .text          0x0000000010006b98       0x10 CMakeFiles/pico_float_test.dir/__/__/src/rp2_common/pico_mem_ops/mem_ops_aeabi.S.obj
                0x0000000010006b98                __aeabi_mem_init
 .text.memset   0x0000000010006ba8        0xc CMakeFiles/pico_float_test.dir/__/__/src/rp2_common/pico_mem_ops/mem_ops_aeabi.S.obj
                0x0000000010006ba8                __wrap_memset
 .text.memcpy   0x0000000010006bb4        0xc CMakeFiles/pico_float_test.dir/__/__/src/rp2_common/pico_mem_ops/mem_ops_aeabi.S.obj
                0x0000000010006bb4                __wrap___aeabi_memcpy
                0x0000000010006bb4                __wrap_memcpy
 .text.stdio_out_chars_crlf
                0x0000000010006bc0       0xbc CMakeFiles/pico_float_test.dir/__/__/src/rp2_common/pico_stdio/stdio.c.obj
 .text.stdio_buffered_printer
                0x0000000010006c7c       0x64 CMakeFiles/pico_float_test.dir/__/__/src/rp2_common/pico_stdio/stdio.c.obj
 .text.__wrap_puts
                0x0000000010006ce0       0xdc CMakeFiles/pico_float_test.dir/__/__/src/rp2_common/pico_stdio/stdio.c.obj
                0x0000000010006ce0                __wrap_puts
 .text._read    0x0000000010006dbc       0x90 CMakeFiles/pico_float_test.dir/__/__/src/rp2_common/pico_stdio/stdio.c.obj
                0x0000000010006dbc                _read
 .text._write   0x0000000010006e4c       0xac CMakeFiles/pico_float_test.dir/__/__/src/rp2_common/pico_stdio/stdio.c.obj
                0x0000000010006e4c                _write
 .text.stdio_set_driver_enabled
                0x0000000010006ef8       0x30 CMakeFiles/pico_float_test.dir/__/__/src/rp2_common/pico_stdio/stdio.c.obj
                0x0000000010006ef8                stdio_set_driver_enabled
 .text.__wrap_vprintf
                0x0000000010006f28       0xd0 CMakeFiles/pico_float_test.dir/__/__/src/rp2_common/pico_stdio/stdio.c.obj
                0x0000000010006f28                __wrap_vprintf
 .text.__wrap_printf
                0x0000000010006ff8       0x18 CMakeFiles/pico_float_test.dir/__/__/src/rp2_common/pico_stdio/stdio.c.obj
                0x0000000010006ff8                __wrap_printf
 .text.stdio_uart_out_chars
                0x0000000010007010       0x4c CMakeFiles/pico_float_test.dir/__/__/src/rp2_common/pico_stdio_uart/stdio_uart.c.obj
 .text.stdio_uart_in_chars
                0x000000001000705c       0x3c CMakeFiles/pico_float_test.dir/__/__/src/rp2_common/pico_stdio_uart/stdio_uart.c.obj
                0x000000001000705c                stdio_uart_in_chars
 .text.stdio_uart_init
                0x0000000010007098       0x48 CMakeFiles/pico_float_test.dir/__/__/src/rp2_common/pico_stdio_uart/stdio_uart.c.obj
                0x0000000010007098                stdio_uart_init
 .text          0x00000000100070e0        0xc /usr/lib/gcc/arm-none-eabi/6.3.1/../../../arm-none-eabi/lib/thumb/v6-m/libc.a(lib_a-errno.o)
                0x00000000100070e0                __errno
 .text          0x00000000100070ec      0x558 /usr/lib/gcc/arm-none-eabi/6.3.1/../../../arm-none-eabi/lib/thumb/v6-m/libc.a(lib_a-mallocr.o)
                0x00000000100070ec                _malloc_r
 .text          0x0000000010007644        0x8 /usr/lib/gcc/arm-none-eabi/6.3.1/../../../arm-none-eabi/lib/thumb/v6-m/libc.a(lib_a-mlock.o)
                0x0000000010007644                __malloc_lock
                0x0000000010007648                __malloc_unlock
 .text          0x000000001000764c       0x24 /usr/lib/gcc/arm-none-eabi/6.3.1/../../../arm-none-eabi/lib/thumb/v6-m/libc.a(lib_a-sbrkr.o)
                0x000000001000764c                _sbrk_r
 .text          0x0000000010007670       0x64 /usr/lib/gcc/arm-none-eabi/6.3.1/../../../arm-none-eabi/lib/thumb/v6-m/libc.a(lib_a-strlen-stub.o)
                0x0000000010007670                strlen
 .text          0x00000000100076d4       0xd4 /usr/lib/gcc/arm-none-eabi/6.3.1/../../../arm-none-eabi/lib/thumb/v6-m/libc.a(lib_a-wbuf.o)
                0x00000000100076d4                __swbuf_r
                0x0000000010007790                __swbuf
 .text          0x00000000100077a8       0xd4 /usr/lib/gcc/arm-none-eabi/6.3.1/../../../arm-none-eabi/lib/thumb/v6-m/libc.a(lib_a-wsetup.o)
                0x00000000100077a8                __swsetup_r
 .text          0x000000001000787c      0x1a4 /usr/lib/gcc/arm-none-eabi/6.3.1/../../../arm-none-eabi/lib/thumb/v6-m/libc.a(lib_a-fflush.o)
                0x000000001000787c                __sflush_r
                0x00000000100079cc                _fflush_r
                0x00000000100079f8                fflush
 .text          0x0000000010007a20      0x22c /usr/lib/gcc/arm-none-eabi/6.3.1/../../../arm-none-eabi/lib/thumb/v6-m/libc.a(lib_a-findfp.o)
                0x0000000010007a24                _cleanup_r
                0x0000000010007b28                __sfmoreglue
                0x0000000010007b58                __sfp
                0x0000000010007be4                _cleanup
                0x0000000010007bfc                __sinit
                0x0000000010007c0c                __sfp_lock_acquire
                0x0000000010007c10                __sfp_lock_release
                0x0000000010007c14                __sinit_lock_acquire
                0x0000000010007c18                __sinit_lock_release
                0x0000000010007c1c                __fp_lock_all
                0x0000000010007c34                __fp_unlock_all
 .text          0x0000000010007c4c      0x25c /usr/lib/gcc/arm-none-eabi/6.3.1/../../../arm-none-eabi/lib/thumb/v6-m/libc.a(lib_a-freer.o)
                0x0000000010007c4c                _malloc_trim_r
                0x0000000010007cec                _free_r
 .text          0x0000000010007ea8       0x90 /usr/lib/gcc/arm-none-eabi/6.3.1/../../../arm-none-eabi/lib/thumb/v6-m/libc.a(lib_a-fwalk.o)
                0x0000000010007ea8                _fwalk
                0x0000000010007eec                _fwalk_reent
 .text          0x0000000010007f38       0xe8 /usr/lib/gcc/arm-none-eabi/6.3.1/../../../arm-none-eabi/lib/thumb/v6-m/libc.a(lib_a-makebuf.o)
                0x0000000010007f38                __swhatbuf_r
                0x0000000010007f98                __smakebuf_r
 .text          0x0000000010008020       0xa0 /usr/lib/gcc/arm-none-eabi/6.3.1/../../../arm-none-eabi/lib/thumb/v6-m/libc.a(lib_a-stdio.o)
                0x0000000010008020                __sread
                0x0000000010008048                __seofread
                0x000000001000804c                __swrite
                0x0000000010008088                __sseek
                0x00000000100080b4                __sclose
 .text          0x00000000100080c0       0x28 /usr/lib/gcc/arm-none-eabi/6.3.1/../../../arm-none-eabi/lib/thumb/v6-m/libc.a(lib_a-writer.o)
                0x00000000100080c0                _write_r
 .text          0x00000000100080e8       0x24 /usr/lib/gcc/arm-none-eabi/6.3.1/../../../arm-none-eabi/lib/thumb/v6-m/libc.a(lib_a-closer.o)
                0x00000000100080e8                _close_r
 .text          0x000000001000810c       0xa0 /usr/lib/gcc/arm-none-eabi/6.3.1/../../../arm-none-eabi/lib/thumb/v6-m/libc.a(lib_a-fclose.o)
                0x000000001000810c                _fclose_r
                0x0000000010008198                fclose
 .text          0x00000000100081ac       0x28 /usr/lib/gcc/arm-none-eabi/6.3.1/../../../arm-none-eabi/lib/thumb/v6-m/libc.a(lib_a-fstatr.o)
                0x00000000100081ac                _fstat_r
 .text          0x00000000100081d4       0x24 /usr/lib/gcc/arm-none-eabi/6.3.1/../../../arm-none-eabi/lib/thumb/v6-m/libc.a(lib_a-isattyr.o)
                0x00000000100081d4                _isatty_r
 .text          0x00000000100081f8       0x28 /usr/lib/gcc/arm-none-eabi/6.3.1/../../../arm-none-eabi/lib/thumb/v6-m/libc.a(lib_a-lseekr.o)
                0x00000000100081f8                _lseek_r
 .text          0x0000000010008220       0x28 /usr/lib/gcc/arm-none-eabi/6.3.1/../../../arm-none-eabi/lib/thumb/v6-m/libc.a(lib_a-readr.o)
                0x0000000010008220                _read_r
 .text          0x0000000010008248       0x10 /usr/lib/gcc/arm-none-eabi/6.3.1/../../../arm-none-eabi/lib/thumb/v6-m/libnosys.a(close.o)
                0x0000000010008248                _close
 .text          0x0000000010008258       0x10 /usr/lib/gcc/arm-none-eabi/6.3.1/../../../arm-none-eabi/lib/thumb/v6-m/libnosys.a(fstat.o)
                0x0000000010008258                _fstat
 .text          0x0000000010008268       0x10 /usr/lib/gcc/arm-none-eabi/6.3.1/../../../arm-none-eabi/lib/thumb/v6-m/libnosys.a(isatty.o)
                0x0000000010008268                _isatty
 .text          0x0000000010008278       0x10 /usr/lib/gcc/arm-none-eabi/6.3.1/../../../arm-none-eabi/lib/thumb/v6-m/libnosys.a(lseek.o)
                0x0000000010008278                _lseek
 *(.fini)
 .fini          0x0000000010008288        0x4 /usr/lib/gcc/arm-none-eabi/6.3.1/thumb/v6-m/crti.o
                0x0000000010008288                _fini
 *fill*         0x000000001000828c        0x4 
 .fini.__stub   0x0000000010008290      0x170 linker stubs
 *crtbegin.o(.ctors)
 *crtbegin?.o(.ctors)
 *(EXCLUDE_FILE(*crtend.o *crtend?.o) .ctors)
 *(SORT(.ctors.*))
 *(.ctors)
 *crtbegin.o(.dtors)
 *crtbegin?.o(.dtors)
 *(EXCLUDE_FILE(*crtend.o *crtend?.o) .dtors)
 *(SORT(.dtors.*))
 *(.dtors)
 *(.eh_frame*)
 .eh_frame      0x0000000010008400        0x0 /usr/lib/gcc/arm-none-eabi/6.3.1/thumb/v6-m/crtbegin.o
                0x0000000010008400                . = ALIGN (0x4)

.glue_7         0x0000000010008400        0x0
 .glue_7        0x0000000010008400        0x0 linker stubs

.glue_7t        0x0000000010008400        0x0
 .glue_7t       0x0000000010008400        0x0 linker stubs

.vfp11_veneer   0x0000000010008400        0x0
 .vfp11_veneer  0x0000000010008400        0x0 linker stubs

.v4_bx          0x0000000010008400        0x0
 .v4_bx         0x0000000010008400        0x0 linker stubs

.iplt           0x0000000010008400        0x0
 .iplt          0x0000000010008400        0x0 /usr/lib/gcc/arm-none-eabi/6.3.1/thumb/v6-m/crtbegin.o

.rodata         0x0000000010008400      0x7bc
 *(EXCLUDE_FILE(*libm.a: *libc.a:*lib_a-mem*.o *libgcc.a:) .rodata*)
 .rodata.check_fcmpun.str1.4
                0x0000000010008400       0x3c CMakeFiles/pico_float_test.dir/pico_float_test.c.obj
 .rodata.main.str1.4
                0x000000001000843c      0x267 CMakeFiles/pico_float_test.dir/pico_float_test.c.obj
                                        0x26f (size before relaxing)
 *fill*         0x00000000100086a3        0x1 
 .rodata.test__aeabi_cfcmpeq.str1.4
                0x00000000100086a4       0x3d CMakeFiles/pico_float_test.dir/pico_float_test.c.obj
 *fill*         0x00000000100086e1        0x3 
 .rodata.test__aeabi_cfcmple.str1.4
                0x00000000100086e4       0xe2 CMakeFiles/pico_float_test.dir/pico_float_test.c.obj
 *fill*         0x00000000100087c6        0x2 
 .rodata.test_fcmple_gt.str1.4
                0x00000000100087c8       0x58 CMakeFiles/pico_float_test.dir/pico_float_test.c.obj
 .rodata.test_fcmplt_ge.str1.4
                0x0000000010008820       0x58 CMakeFiles/pico_float_test.dir/pico_float_test.c.obj
 .rodata.at_the_end_of_time
                0x0000000010008878        0x8 CMakeFiles/pico_float_test.dir/__/__/src/common/pico_time/time.c.obj
                0x0000000010008878                at_the_end_of_time
 .rodata.hardware_alarm_claim.str1.4
                0x0000000010008880       0x22 CMakeFiles/pico_float_test.dir/__/__/src/rp2_common/hardware_timer/timer.c.obj
 *fill*         0x00000000100088a2        0x2 
 .rodata.hard_assertion_failure.str1.4
                0x00000000100088a4        0xc CMakeFiles/pico_float_test.dir/__/__/src/rp2_common/pico_runtime/runtime.c.obj
 .rodata.panic.str1.4
                0x00000000100088b0       0x10 CMakeFiles/pico_float_test.dir/__/__/src/rp2_common/pico_runtime/runtime.c.obj
                                         0x12 (size before relaxing)
 .rodata._vsnprintf
                0x00000000100088c0      0x1e0 CMakeFiles/pico_float_test.dir/__/__/src/rp2_common/pico_printf/printf.c.obj
 .rodata._ftoa.str1.4
                0x0000000010008aa0       0x15 CMakeFiles/pico_float_test.dir/__/__/src/rp2_common/pico_printf/printf.c.obj
 *fill*         0x0000000010008ab5        0x3 
 .rodata.pow10.5365
                0x0000000010008ab8       0x50 CMakeFiles/pico_float_test.dir/__/__/src/rp2_common/pico_printf/printf.c.obj
 .rodata.__bi_44
                0x0000000010008b08        0xc CMakeFiles/pico_float_test.dir/__/__/src/rp2_common/pico_standard_link/binary_info.c.obj
 .rodata.__bi_75
                0x0000000010008b14        0xc CMakeFiles/pico_float_test.dir/__/__/src/rp2_common/pico_standard_link/binary_info.c.obj
 .rodata.__bi_81
                0x0000000010008b20        0xc CMakeFiles/pico_float_test.dir/__/__/src/rp2_common/pico_standard_link/binary_info.c.obj
 .rodata.str1.4
                0x0000000010008b2c       0x44 CMakeFiles/pico_float_test.dir/__/__/src/rp2_common/pico_standard_link/binary_info.c.obj
 .rodata.crlf_str.5945
                0x0000000010008b70        0x2 CMakeFiles/pico_float_test.dir/__/__/src/rp2_common/pico_stdio/stdio.c.obj
 *fill*         0x0000000010008b72        0x2 
 .rodata.__bi_28.4831
                0x0000000010008b74        0xc CMakeFiles/pico_float_test.dir/__/__/src/rp2_common/pico_stdio_uart/stdio_uart.c.obj
 .rodata.__bi_29.4835
                0x0000000010008b80        0x8 CMakeFiles/pico_float_test.dir/__/__/src/rp2_common/pico_stdio_uart/stdio_uart.c.obj
 .rodata.str1.4
                0x0000000010008b88       0x2c CMakeFiles/pico_float_test.dir/__/__/src/rp2_common/pico_stdio_uart/stdio_uart.c.obj
 .rodata        0x0000000010008bb4        0x4 /usr/lib/gcc/arm-none-eabi/6.3.1/../../../arm-none-eabi/lib/thumb/v6-m/libc.a(lib_a-impure.o)
                0x0000000010008bb4                _global_impure_ptr
 .rodata.str1.4
                0x0000000010008bb8        0x4 /usr/lib/gcc/arm-none-eabi/6.3.1/../../../arm-none-eabi/lib/thumb/v6-m/libc.a(lib_a-impure.o)
                                          0x2 (size before relaxing)
                0x0000000010008bbc                . = ALIGN (0x4)
 *(SORT(.flashdata*))
                0x0000000010008bbc                . = ALIGN (0x4)

.rel.dyn        0x0000000010008bbc        0x0
 .rel.iplt      0x0000000010008bbc        0x0 /usr/lib/gcc/arm-none-eabi/6.3.1/thumb/v6-m/crtbegin.o

.ARM.extab
 *(.ARM.extab* .gnu.linkonce.armextab.*)
                0x0000000010008bbc                __exidx_start = .

.ARM.exidx
 *(.ARM.exidx* .gnu.linkonce.armexidx.*)
                0x0000000010008bbc                __exidx_end = .
                0x0000000010008bbc                . = ALIGN (0x4)
                0x0000000010008bbc                __binary_info_start = .

.binary_info    0x0000000010008bbc       0x24
 *(.binary_info.keep.*)
 .binary_info.keep.__bi_ptr22
                0x0000000010008bbc        0x4 CMakeFiles/pico_float_test.dir/__/__/src/rp2_common/pico_standard_link/binary_info.c.obj
 .binary_info.keep.__bi_ptr30
                0x0000000010008bc0        0x4 CMakeFiles/pico_float_test.dir/__/__/src/rp2_common/pico_standard_link/binary_info.c.obj
 .binary_info.keep.__bi_ptr38
                0x0000000010008bc4        0x4 CMakeFiles/pico_float_test.dir/__/__/src/rp2_common/pico_standard_link/binary_info.c.obj
 .binary_info.keep.__bi_ptr44
                0x0000000010008bc8        0x4 CMakeFiles/pico_float_test.dir/__/__/src/rp2_common/pico_standard_link/binary_info.c.obj
 .binary_info.keep.__bi_ptr50
                0x0000000010008bcc        0x4 CMakeFiles/pico_float_test.dir/__/__/src/rp2_common/pico_standard_link/binary_info.c.obj
 .binary_info.keep.__bi_ptr75
                0x0000000010008bd0        0x4 CMakeFiles/pico_float_test.dir/__/__/src/rp2_common/pico_standard_link/binary_info.c.obj
 .binary_info.keep.__bi_ptr81
                0x0000000010008bd4        0x4 CMakeFiles/pico_float_test.dir/__/__/src/rp2_common/pico_standard_link/binary_info.c.obj
 *(.binary_info.*)
 .binary_info.__bi_ptr28
                0x0000000010008bd8        0x4 CMakeFiles/pico_float_test.dir/__/__/src/rp2_common/pico_stdio_uart/stdio_uart.c.obj
 .binary_info.__bi_ptr29
                0x0000000010008bdc        0x4 CMakeFiles/pico_float_test.dir/__/__/src/rp2_common/pico_stdio_uart/stdio_uart.c.obj
                0x0000000010008be0                __binary_info_end = .
                0x0000000010008be0                . = ALIGN (0x4)
                0x0000000010008be0                __etext = .

.ram_vector_table
                0x0000000020000000       0xc0
 *(.ram_vector_table)
 .ram_vector_table
                0x0000000020000000       0xc0 CMakeFiles/pico_float_test.dir/__/__/src/rp2_common/pico_runtime/runtime.c.obj
                0x0000000020000000                ram_vector_table

.data           0x00000000200000c0     0x4024 load address 0x0000000010008be0
                0x00000000200000c0                __data_start__ = .
 *(vtable)
 *(.time_critical*)
 .time_critical.mutex_enter_blocking
                0x00000000200000c0       0x48 CMakeFiles/pico_float_test.dir/__/__/src/common/pico_sync/mutex.c.obj
                0x00000000200000c0                mutex_enter_blocking
 .time_critical.mutex_try_enter
                0x0000000020000108       0x48 CMakeFiles/pico_float_test.dir/__/__/src/common/pico_sync/mutex.c.obj
                0x0000000020000108                mutex_try_enter
 .time_critical.mutex_exit
                0x0000000020000150       0x28 CMakeFiles/pico_float_test.dir/__/__/src/common/pico_sync/mutex.c.obj
                0x0000000020000150                mutex_exit
 *(.text*)
 .text          0x0000000020000178       0x7c /usr/lib/gcc/arm-none-eabi/6.3.1/../../../arm-none-eabi/lib/thumb/v6-m/libm.a(lib_a-sf_cos.o)
                0x0000000020000178                cosf
 .text          0x00000000200001f4       0x48 /usr/lib/gcc/arm-none-eabi/6.3.1/../../../arm-none-eabi/lib/thumb/v6-m/libm.a(lib_a-sf_ldexp.o)
                0x00000000200001f4                ldexpf
 .text          0x000000002000023c       0xc8 /usr/lib/gcc/arm-none-eabi/6.3.1/../../../arm-none-eabi/lib/thumb/v6-m/libm.a(lib_a-sf_scalbn.o)
                0x000000002000023c                scalbnf
 .text          0x0000000020000304       0x7c /usr/lib/gcc/arm-none-eabi/6.3.1/../../../arm-none-eabi/lib/thumb/v6-m/libm.a(lib_a-sf_sin.o)
                0x0000000020000304                sinf
 .text          0x0000000020000380       0x4c /usr/lib/gcc/arm-none-eabi/6.3.1/../../../arm-none-eabi/lib/thumb/v6-m/libm.a(lib_a-sf_tan.o)
                0x0000000020000380                tanf
 .text          0x00000000200003cc       0x24 /usr/lib/gcc/arm-none-eabi/6.3.1/../../../arm-none-eabi/lib/thumb/v6-m/libm.a(lib_a-sf_trunc.o)
                0x00000000200003cc                truncf
 .text          0x00000000200003f0        0x8 /usr/lib/gcc/arm-none-eabi/6.3.1/../../../arm-none-eabi/lib/thumb/v6-m/libm.a(lib_a-wf_atan2.o)
                0x00000000200003f0                atan2f
 .text          0x00000000200003f8       0xe8 /usr/lib/gcc/arm-none-eabi/6.3.1/../../../arm-none-eabi/lib/thumb/v6-m/libm.a(lib_a-wf_exp.o)
                0x00000000200003f8                expf
 .text          0x00000000200004e0       0xd0 /usr/lib/gcc/arm-none-eabi/6.3.1/../../../arm-none-eabi/lib/thumb/v6-m/libm.a(lib_a-wf_fmod.o)
                0x00000000200004e0                fmodf
 .text          0x00000000200005b0       0xf8 /usr/lib/gcc/arm-none-eabi/6.3.1/../../../arm-none-eabi/lib/thumb/v6-m/libm.a(lib_a-wf_log.o)
                0x00000000200005b0                logf
 .text          0x00000000200006a8      0x328 /usr/lib/gcc/arm-none-eabi/6.3.1/../../../arm-none-eabi/lib/thumb/v6-m/libm.a(lib_a-wf_pow.o)
                0x00000000200006a8                powf
 .text          0x00000000200009d0       0xa4 /usr/lib/gcc/arm-none-eabi/6.3.1/../../../arm-none-eabi/lib/thumb/v6-m/libm.a(lib_a-wf_sqrt.o)
                0x00000000200009d0                sqrtf
 .text          0x0000000020000a74      0x128 /usr/lib/gcc/arm-none-eabi/6.3.1/../../../arm-none-eabi/lib/thumb/v6-m/libm.a(lib_a-ef_atan2.o)
                0x0000000020000a74                __ieee754_atan2f
 .text          0x0000000020000b9c      0x1f0 /usr/lib/gcc/arm-none-eabi/6.3.1/../../../arm-none-eabi/lib/thumb/v6-m/libm.a(lib_a-ef_exp.o)
                0x0000000020000b9c                __ieee754_expf
 .text          0x0000000020000d8c      0x114 /usr/lib/gcc/arm-none-eabi/6.3.1/../../../arm-none-eabi/lib/thumb/v6-m/libm.a(lib_a-ef_fmod.o)
                0x0000000020000d8c                __ieee754_fmodf
 .text          0x0000000020000ea0      0x2d4 /usr/lib/gcc/arm-none-eabi/6.3.1/../../../arm-none-eabi/lib/thumb/v6-m/libm.a(lib_a-ef_log.o)
                0x0000000020000ea0                __ieee754_logf
 .text          0x0000000020001174      0x730 /usr/lib/gcc/arm-none-eabi/6.3.1/../../../arm-none-eabi/lib/thumb/v6-m/libm.a(lib_a-ef_pow.o)
                0x0000000020001174                __ieee754_powf
 .text          0x00000000200018a4      0x2fc /usr/lib/gcc/arm-none-eabi/6.3.1/../../../arm-none-eabi/lib/thumb/v6-m/libm.a(lib_a-ef_rem_pio2.o)
                0x00000000200018a4                __ieee754_rem_pio2f
 .text          0x0000000020001ba0       0xb8 /usr/lib/gcc/arm-none-eabi/6.3.1/../../../arm-none-eabi/lib/thumb/v6-m/libm.a(lib_a-ef_sqrt.o)
                0x0000000020001ba0                __ieee754_sqrtf
 .text          0x0000000020001c58      0x194 /usr/lib/gcc/arm-none-eabi/6.3.1/../../../arm-none-eabi/lib/thumb/v6-m/libm.a(lib_a-kf_cos.o)
                0x0000000020001c58                __kernel_cosf
 .text          0x0000000020001dec      0x77c /usr/lib/gcc/arm-none-eabi/6.3.1/../../../arm-none-eabi/lib/thumb/v6-m/libm.a(lib_a-kf_rem_pio2.o)
                0x0000000020001dec                __kernel_rem_pio2f
 .text          0x0000000020002568       0xf4 /usr/lib/gcc/arm-none-eabi/6.3.1/../../../arm-none-eabi/lib/thumb/v6-m/libm.a(lib_a-kf_sin.o)
                0x0000000020002568                __kernel_sinf
 .text          0x000000002000265c      0x284 /usr/lib/gcc/arm-none-eabi/6.3.1/../../../arm-none-eabi/lib/thumb/v6-m/libm.a(lib_a-kf_tan.o)
                0x000000002000265c                __kernel_tanf
 .text          0x00000000200028e0        0x4 /usr/lib/gcc/arm-none-eabi/6.3.1/../../../arm-none-eabi/lib/thumb/v6-m/libm.a(lib_a-s_matherr.o)
                0x00000000200028e0                matherr
 .text          0x00000000200028e4        0xc /usr/lib/gcc/arm-none-eabi/6.3.1/../../../arm-none-eabi/lib/thumb/v6-m/libm.a(lib_a-s_nan.o)
                0x00000000200028e4                nan
 .text          0x00000000200028f0      0x144 /usr/lib/gcc/arm-none-eabi/6.3.1/../../../arm-none-eabi/lib/thumb/v6-m/libm.a(lib_a-s_rint.o)
                0x00000000200028f0                rint
 .text          0x0000000020002a34        0x8 /usr/lib/gcc/arm-none-eabi/6.3.1/../../../arm-none-eabi/lib/thumb/v6-m/libm.a(lib_a-sf_fabs.o)
                0x0000000020002a34                fabsf
 .text          0x0000000020002a3c       0x14 /usr/lib/gcc/arm-none-eabi/6.3.1/../../../arm-none-eabi/lib/thumb/v6-m/libm.a(lib_a-sf_finite.o)
                0x0000000020002a3c                finitef
 .text          0x0000000020002a50        0x8 /usr/lib/gcc/arm-none-eabi/6.3.1/../../../arm-none-eabi/lib/thumb/v6-m/libm.a(lib_a-sf_nan.o)
                0x0000000020002a50                nanf
 .text          0x0000000020002a58        0x4 /usr/lib/gcc/arm-none-eabi/6.3.1/thumb/v6-m/libgcc.a(_dvmd_tls.o)
                0x0000000020002a58                __aeabi_ldiv0
                0x0000000020002a58                __aeabi_idiv0
 .text          0x0000000020002a5c       0x2c /usr/lib/gcc/arm-none-eabi/6.3.1/thumb/v6-m/libgcc.a(_fixsfdi.o)
                0x0000000020002a5c                __aeabi_f2lz
                0x0000000020002a5c                __fixsfdi
 .text          0x0000000020002a88       0x64 /usr/lib/gcc/arm-none-eabi/6.3.1/thumb/v6-m/libgcc.a(_floatdisf.o)
                0x0000000020002a88                __floatdisf
                0x0000000020002a88                __aeabi_l2f
 .text          0x0000000020002aec      0x290 /usr/lib/gcc/arm-none-eabi/6.3.1/thumb/v6-m/libgcc.a(divsf3.o)
                0x0000000020002aec                __aeabi_fdiv
 .text          0x0000000020002d7c      0x240 /usr/lib/gcc/arm-none-eabi/6.3.1/thumb/v6-m/libgcc.a(mulsf3.o)
                0x0000000020002d7c                __aeabi_fmul
 .text          0x0000000020002fbc       0x40 /usr/lib/gcc/arm-none-eabi/6.3.1/thumb/v6-m/libgcc.a(fixsfsi.o)
                0x0000000020002fbc                __aeabi_f2iz
 .text          0x0000000020002ffc       0xa0 /usr/lib/gcc/arm-none-eabi/6.3.1/thumb/v6-m/libgcc.a(floatsisf.o)
                0x0000000020002ffc                __aeabi_i2f
 .text          0x000000002000309c       0x8c /usr/lib/gcc/arm-none-eabi/6.3.1/thumb/v6-m/libgcc.a(floatunsisf.o)
                0x000000002000309c                __aeabi_ui2f
 .text.__stub   0x0000000020003128      0x1b0 linker stubs
                0x00000000200032d8                . = ALIGN (0x4)
 *(.rodata*)
 .rodata.str1.4
                0x00000000200032d8        0x5 /usr/lib/gcc/arm-none-eabi/6.3.1/../../../arm-none-eabi/lib/thumb/v6-m/libm.a(lib_a-wf_exp.o)
 *fill*         0x00000000200032dd        0x3 
 .rodata.str1.4
                0x00000000200032e0        0x6 /usr/lib/gcc/arm-none-eabi/6.3.1/../../../arm-none-eabi/lib/thumb/v6-m/libm.a(lib_a-wf_fmod.o)
 *fill*         0x00000000200032e6        0x2 
 .rodata.str1.4
                0x00000000200032e8        0x5 /usr/lib/gcc/arm-none-eabi/6.3.1/../../../arm-none-eabi/lib/thumb/v6-m/libm.a(lib_a-wf_log.o)
                                          0x9 (size before relaxing)
 *fill*         0x00000000200032ed        0x3 
 .rodata.str1.4
                0x00000000200032f0        0x5 /usr/lib/gcc/arm-none-eabi/6.3.1/../../../arm-none-eabi/lib/thumb/v6-m/libm.a(lib_a-wf_pow.o)
 *fill*         0x00000000200032f5        0x3 
 .rodata.str1.4
                0x00000000200032f8        0x8 /usr/lib/gcc/arm-none-eabi/6.3.1/../../../arm-none-eabi/lib/thumb/v6-m/libm.a(lib_a-wf_sqrt.o)
                                          0x6 (size before relaxing)
 .rodata        0x0000000020003300       0x18 /usr/lib/gcc/arm-none-eabi/6.3.1/../../../arm-none-eabi/lib/thumb/v6-m/libm.a(lib_a-ef_exp.o)
 .rodata        0x0000000020003318        0x8 /usr/lib/gcc/arm-none-eabi/6.3.1/../../../arm-none-eabi/lib/thumb/v6-m/libm.a(lib_a-ef_fmod.o)
 .rodata.str1.4
                0x0000000020003320        0x1 /usr/lib/gcc/arm-none-eabi/6.3.1/../../../arm-none-eabi/lib/thumb/v6-m/libm.a(lib_a-ef_pow.o)
 .rodata        0x0000000020003320      0x398 /usr/lib/gcc/arm-none-eabi/6.3.1/../../../arm-none-eabi/lib/thumb/v6-m/libm.a(lib_a-ef_rem_pio2.o)
 .rodata        0x00000000200036b8       0x38 /usr/lib/gcc/arm-none-eabi/6.3.1/../../../arm-none-eabi/lib/thumb/v6-m/libm.a(lib_a-kf_rem_pio2.o)
 .rodata        0x00000000200036f0       0x10 /usr/lib/gcc/arm-none-eabi/6.3.1/../../../arm-none-eabi/lib/thumb/v6-m/libm.a(lib_a-s_rint.o)
 .rodata        0x0000000020003700       0x80 /usr/lib/gcc/arm-none-eabi/6.3.1/thumb/v6-m/libgcc.a(divsf3.o)
 .rodata        0x0000000020003780       0x40 /usr/lib/gcc/arm-none-eabi/6.3.1/thumb/v6-m/libgcc.a(mulsf3.o)
                0x00000000200037c0                . = ALIGN (0x4)
 *(.data*)
 .data.aa       0x00000000200037c0        0x8 CMakeFiles/pico_float_test.dir/pico_float_test.c.obj
                0x00000000200037c0                aa
 .data.bb       0x00000000200037c8        0x8 CMakeFiles/pico_float_test.dir/pico_float_test.c.obj
                0x00000000200037c8                bb
 .data.striped_spin_lock_num
                0x00000000200037d0        0x1 CMakeFiles/pico_float_test.dir/__/__/src/rp2_common/hardware_sync/sync.c.obj
 *fill*         0x00000000200037d1        0x3 
 .data          0x00000000200037d4       0x48 CMakeFiles/pico_float_test.dir/__/__/src/rp2_common/hardware_irq/irq_handler_chain.S.obj
                0x00000000200037d4                irq_handler_chain_slots
                0x0000000020003804                irq_handler_chain_first_slot
                0x000000002000380e                irq_handler_chain_remove_tail
 .data.default_alarm_pool
                0x000000002000381c       0x18 CMakeFiles/pico_float_test.dir/__/__/src/common/pico_time/time.c.obj
 .data.default_alarm_pool_heap
                0x0000000020003834       0x10 CMakeFiles/pico_float_test.dir/__/__/src/common/pico_time/time.c.obj
 *fill*         0x0000000020003844        0xc 
 .data.aeabi_bits_funcs
                0x0000000020003850       0x10 CMakeFiles/pico_float_test.dir/__/__/src/rp2_common/pico_bit_ops/bit_ops_aeabi.S.obj
                0x0000000020003850                aeabi_bits_funcs
                0x0000000020003860                aeabi_bits_funcs_end
 .data.aeabi_mem_funcs
                0x0000000020003860       0x10 CMakeFiles/pico_float_test.dir/__/__/src/rp2_common/pico_mem_ops/mem_ops_aeabi.S.obj
                0x0000000020003860                aeabi_mem_funcs
                0x0000000020003870                aeabi_mem_funcs_end
 .data.stdio_uart
                0x0000000020003870       0x14 CMakeFiles/pico_float_test.dir/__/__/src/rp2_common/pico_stdio_uart/stdio_uart.c.obj
                0x0000000020003870                stdio_uart
 .data          0x0000000020003884        0x1 /usr/lib/gcc/arm-none-eabi/6.3.1/../../../arm-none-eabi/lib/thumb/v6-m/libm.a(lib_a-s_lib_ver.o)
                0x0000000020003884                __fdlib_version
 *fill*         0x0000000020003885        0x3 
 .data          0x0000000020003888      0x430 /usr/lib/gcc/arm-none-eabi/6.3.1/../../../arm-none-eabi/lib/thumb/v6-m/libc.a(lib_a-impure.o)
                0x0000000020003888                _impure_ptr
 .data          0x0000000020003cb8      0x410 /usr/lib/gcc/arm-none-eabi/6.3.1/../../../arm-none-eabi/lib/thumb/v6-m/libc.a(lib_a-mallocr.o)
                0x0000000020003cb8                __malloc_av_
                0x00000000200040c0                __malloc_sbrk_base
                0x00000000200040c4                __malloc_trim_threshold
                0x00000000200040c8                . = ALIGN (0x4)
 *(.after_data.*)
                0x00000000200040c8                . = ALIGN (0x4)
                0x00000000200040c8                PROVIDE (__mutex_array_start, .)
 *(SORT(.mutex_array.*))
 *(.mutex_array)
 .mutex_array   0x00000000200040c8        0x8 CMakeFiles/pico_float_test.dir/__/__/src/rp2_common/pico_stdio/stdio.c.obj
                0x00000000200040d0                PROVIDE (__mutex_array_end, .)
                0x00000000200040d0                . = ALIGN (0x4)
                0x00000000200040d0                PROVIDE (__preinit_array_start, .)
 *(SORT(.preinit_array.*))
 .preinit_array.00001
                0x00000000200040d0        0x4 CMakeFiles/pico_float_test.dir/__/__/src/rp2_common/pico_mem_ops/mem_ops_aeabi.S.obj
 .preinit_array.00010
                0x00000000200040d4        0x4 CMakeFiles/pico_float_test.dir/__/__/src/rp2_common/pico_bit_ops/bit_ops_aeabi.S.obj
 .preinit_array.00020
                0x00000000200040d8        0x4 CMakeFiles/pico_float_test.dir/__/__/src/rp2_common/pico_float/float_aeabi.S.obj
 .preinit_array.00020
                0x00000000200040dc        0x4 CMakeFiles/pico_float_test.dir/__/__/src/rp2_common/pico_double/double_aeabi.S.obj
 *(.preinit_array)
                0x00000000200040e0                PROVIDE (__preinit_array_end, .)
                0x00000000200040e0                . = ALIGN (0x4)
                0x00000000200040e0                PROVIDE (__init_array_start, .)
 *(SORT(.init_array.*))
 *(.init_array)
 .init_array    0x00000000200040e0        0x4 /usr/lib/gcc/arm-none-eabi/6.3.1/thumb/v6-m/crtbegin.o
                0x00000000200040e4                PROVIDE (__init_array_end, .)
                0x00000000200040e4                . = ALIGN (0x4)
                0x00000000200040e4                PROVIDE (__fini_array_start, .)
 *(SORT(.fini_array.*))
 *(.fini_array)
                0x00000000200040e4                PROVIDE (__fini_array_end, .)
 *(.jcr)
 .jcr           0x00000000200040e4        0x0 /usr/lib/gcc/arm-none-eabi/6.3.1/thumb/v6-m/crtbegin.o
                0x00000000200040e4                . = ALIGN (0x4)
                0x00000000200040e4                __data_end__ = .

.tm_clone_table
                0x00000000200040e4        0x0 load address 0x000000001000cc04
 .tm_clone_table
                0x00000000200040e4        0x0 /usr/lib/gcc/arm-none-eabi/6.3.1/thumb/v6-m/crtbegin.o
 .tm_clone_table
                0x00000000200040e4        0x0 /usr/lib/gcc/arm-none-eabi/6.3.1/thumb/v6-m/crtend.o

.igot.plt       0x00000000200040e4        0x0 load address 0x000000001000cc04
 .igot.plt      0x00000000200040e4        0x0 /usr/lib/gcc/arm-none-eabi/6.3.1/thumb/v6-m/crtbegin.o

.uninitialized_data
                0x00000000200040e4        0x0 load address 0x000000001000cc04
                0x00000000200040e4                . = ALIGN (0x4)
 *(.uninitialized_data*)

.scratch_x      0x0000000020040000        0x0 load address 0x000000001000cc04
                0x0000000020040000                __scratch_x_start__ = .
 *(.scratch_x.*)
                0x0000000020040000                . = ALIGN (0x4)
                0x0000000020040000                __scratch_x_end__ = .
                0x000000001000cc04                __scratch_x_source__ = LOADADDR (.scratch_x)

.scratch_y      0x0000000020041000        0x0 load address 0x000000001000cc04
                0x0000000020041000                __scratch_y_start__ = .
 *(.scratch_y.*)
                0x0000000020041000                . = ALIGN (0x4)
                0x0000000020041000                __scratch_y_end__ = .
                0x000000001000cc04                __scratch_y_source__ = LOADADDR (.scratch_y)

.bss            0x00000000200040e8      0x410
                0x00000000200040e8                . = ALIGN (0x4)
                0x00000000200040e8                __bss_start__ = .
 *(SORT(.bss*))
 .bss.default_alarm_pool_entries
                0x00000000200040e8      0x100 CMakeFiles/pico_float_test.dir/__/__/src/common/pico_time/time.c.obj
 .bss           0x00000000200041e8       0x1c /usr/lib/gcc/arm-none-eabi/6.3.1/thumb/v6-m/crtbegin.o
 .bss           0x0000000020004204       0x34 /usr/lib/gcc/arm-none-eabi/6.3.1/../../../arm-none-eabi/lib/thumb/v6-m/libc.a(lib_a-mallocr.o)
                0x0000000020004204                __malloc_top_pad
                0x0000000020004208                __malloc_current_mallinfo
                0x0000000020004230                __malloc_max_sbrked_mem
                0x0000000020004234                __malloc_max_total_mem
 .bss.alarm_callbacks
                0x0000000020004238       0x10 CMakeFiles/pico_float_test.dir/__/__/src/rp2_common/hardware_timer/timer.c.obj
 .bss.configured_freq
                0x0000000020004248       0x28 CMakeFiles/pico_float_test.dir/__/__/src/rp2_common/hardware_clocks/clocks.c.obj
 .bss.default_alarm_pool_entry_ids_high
                0x0000000020004270       0x10 CMakeFiles/pico_float_test.dir/__/__/src/common/pico_time/time.c.obj
 .bss.default_alarm_pool_heap_nodes
                0x0000000020004280       0x30 CMakeFiles/pico_float_test.dir/__/__/src/common/pico_time/time.c.obj
 .bss.drivers   0x00000000200042b0        0x4 CMakeFiles/pico_float_test.dir/__/__/src/rp2_common/pico_stdio/stdio.c.obj
 .bss.filter    0x00000000200042b4        0x4 CMakeFiles/pico_float_test.dir/__/__/src/rp2_common/pico_stdio/stdio.c.obj
 .bss.heap_end.5786
                0x00000000200042b8        0x4 CMakeFiles/pico_float_test.dir/__/__/src/rp2_common/pico_runtime/runtime.c.obj
 .bss.lazy_vsnprintf
                0x00000000200042bc        0x4 CMakeFiles/pico_float_test.dir/__/__/src/rp2_common/pico_printf/printf.c.obj
 .bss.pools     0x00000000200042c0       0x10 CMakeFiles/pico_float_test.dir/__/__/src/common/pico_time/time.c.obj
 .bss.sf_clz_func
                0x00000000200042d0        0x4 CMakeFiles/pico_float_test.dir/__/__/src/rp2_common/pico_float/float_init_rom.c.obj
                0x00000000200042d0                sf_clz_func
 .bss.sleep_notifier
                0x00000000200042d4        0x4 CMakeFiles/pico_float_test.dir/__/__/src/common/pico_time/time.c.obj
 .bss.target_hi
                0x00000000200042d8       0x10 CMakeFiles/pico_float_test.dir/__/__/src/rp2_common/hardware_timer/timer.c.obj
 .bss.uart_instance
                0x00000000200042e8        0x4 CMakeFiles/pico_float_test.dir/__/__/src/rp2_common/pico_stdio_uart/stdio_uart.c.obj
 .bss.claimed   0x00000000200042ec        0x1 CMakeFiles/pico_float_test.dir/__/__/src/rp2_common/hardware_timer/timer.c.obj
 .bss.irq_hander_chain_free_slot_head
                0x00000000200042ed        0x1 CMakeFiles/pico_float_test.dir/__/__/src/rp2_common/hardware_irq/irq.c.obj
 .bss.timer_callbacks_pending
                0x00000000200042ee        0x1 CMakeFiles/pico_float_test.dir/__/__/src/rp2_common/hardware_timer/timer.c.obj
 *(COMMON)
 *fill*         0x00000000200042ef        0x1 
 COMMON         0x00000000200042f0      0x100 CMakeFiles/pico_float_test.dir/__/__/src/rp2_common/pico_float/float_init_rom.c.obj
                0x00000000200042f0                sf_table
 COMMON         0x00000000200043f0        0x4 CMakeFiles/pico_float_test.dir/__/__/src/rp2_common/hardware_uart/uart.c.obj
                0x00000000200043f0                uart_char_to_line_feed
 COMMON         0x00000000200043f4      0x100 CMakeFiles/pico_float_test.dir/__/__/src/rp2_common/pico_double/double_init_rom.c.obj
                0x00000000200043f4                sd_table
 COMMON         0x00000000200044f4        0x4 /usr/lib/gcc/arm-none-eabi/6.3.1/../../../arm-none-eabi/lib/thumb/v6-m/libc.a(lib_a-reent.o)
                0x00000000200044f4                errno
                0x00000000200044f8                . = ALIGN (0x4)
                0x00000000200044f8                __bss_end__ = .

.heap           0x00000000200044f8      0x800
                0x00000000200044f8                __end__ = .
                0x00000000200044f8                end = __end__
 *(.heap*)
 .heap          0x00000000200044f8      0x800 CMakeFiles/pico_float_test.dir/__/__/src/rp2_common/pico_standard_link/crt0.S.obj
                0x0000000020004cf8                __HeapLimit = .

.stack1_dummy   0x0000000020040000        0x0
 *(.stack1*)

.stack_dummy    0x0000000020041000      0x800
 *(.stack*)
 .stack         0x0000000020041000      0x800 CMakeFiles/pico_float_test.dir/__/__/src/rp2_common/pico_standard_link/crt0.S.obj

.flash_end      0x000000001000cc04        0x0
                0x000000001000cc04                __flash_binary_end = .
                0x0000000020040000                __StackLimit = (ORIGIN (RAM) + LENGTH (RAM))
                0x0000000020041000                __StackOneTop = (ORIGIN (SCRATCH_X) + LENGTH (SCRATCH_X))
                0x0000000020042000                __StackTop = (ORIGIN (SCRATCH_Y) + LENGTH (SCRATCH_Y))
                0x0000000020041000                __StackOneBottom = (__StackOneTop - SIZEOF (.stack1_dummy))
                0x0000000020041800                __StackBottom = (__StackTop - SIZEOF (.stack_dummy))
                0x0000000020042000                PROVIDE (__stack, __StackTop)
                0x0000000000000001                ASSERT ((__StackLimit >= __HeapLimit), region RAM overflowed)
                0x0000000000000001                ASSERT (((__binary_info_header_end - __logical_binary_start) <= 0x100), Binary info must be in first 256 bytes of the binary)
LOAD CMakeFiles/pico_float_test.dir/pico_float_test.c.obj
LOAD CMakeFiles/pico_float_test.dir/llvm/call_apsr.S.obj
LOAD CMakeFiles/pico_float_test.dir/__/__/src/rp2_common/pico_float/float_aeabi.S.obj
LOAD CMakeFiles/pico_float_test.dir/__/__/src/rp2_common/pico_float/float_init_rom.c.obj
LOAD CMakeFiles/pico_float_test.dir/__/__/src/rp2_common/pico_float/float_math.c.obj
LOAD CMakeFiles/pico_float_test.dir/__/__/src/rp2_common/pico_float/float_v1_rom_shim.S.obj
LOAD CMakeFiles/pico_float_test.dir/__/__/src/rp2_common/pico_bootrom/bootrom.c.obj
LOAD CMakeFiles/pico_float_test.dir/__/__/src/rp2_common/pico_stdlib/stdlib.c.obj
LOAD CMakeFiles/pico_float_test.dir/__/__/src/rp2_common/hardware_gpio/gpio.c.obj
LOAD CMakeFiles/pico_float_test.dir/__/__/src/rp2_common/hardware_claim/claim.c.obj
LOAD CMakeFiles/pico_float_test.dir/__/__/src/rp2_common/pico_platform/platform.c.obj
LOAD CMakeFiles/pico_float_test.dir/__/__/src/rp2_common/hardware_sync/sync.c.obj
LOAD CMakeFiles/pico_float_test.dir/__/__/src/rp2_common/hardware_irq/irq.c.obj
LOAD CMakeFiles/pico_float_test.dir/__/__/src/rp2_common/hardware_irq/irq_handler_chain.S.obj
LOAD CMakeFiles/pico_float_test.dir/__/__/src/common/pico_sync/sem.c.obj
LOAD CMakeFiles/pico_float_test.dir/__/__/src/common/pico_sync/lock_core.c.obj
LOAD CMakeFiles/pico_float_test.dir/__/__/src/common/pico_time/time.c.obj
LOAD CMakeFiles/pico_float_test.dir/__/__/src/common/pico_time/timeout_helper.c.obj
LOAD CMakeFiles/pico_float_test.dir/__/__/src/rp2_common/hardware_timer/timer.c.obj
LOAD CMakeFiles/pico_float_test.dir/__/__/src/common/pico_util/datetime.c.obj
LOAD CMakeFiles/pico_float_test.dir/__/__/src/common/pico_util/pheap.c.obj
LOAD CMakeFiles/pico_float_test.dir/__/__/src/common/pico_util/queue.c.obj
LOAD CMakeFiles/pico_float_test.dir/__/__/src/common/pico_sync/mutex.c.obj
LOAD CMakeFiles/pico_float_test.dir/__/__/src/common/pico_sync/critical_section.c.obj
LOAD CMakeFiles/pico_float_test.dir/__/__/src/rp2_common/hardware_uart/uart.c.obj
LOAD CMakeFiles/pico_float_test.dir/__/__/src/rp2_common/hardware_divider/divider.S.obj
LOAD CMakeFiles/pico_float_test.dir/__/__/src/rp2_common/pico_runtime/runtime.c.obj
LOAD CMakeFiles/pico_float_test.dir/__/__/src/rp2_common/hardware_clocks/clocks.c.obj
LOAD CMakeFiles/pico_float_test.dir/__/__/src/rp2_common/hardware_pll/pll.c.obj
LOAD CMakeFiles/pico_float_test.dir/__/__/src/rp2_common/hardware_vreg/vreg.c.obj
LOAD CMakeFiles/pico_float_test.dir/__/__/src/rp2_common/hardware_watchdog/watchdog.c.obj
LOAD CMakeFiles/pico_float_test.dir/__/__/src/rp2_common/hardware_xosc/xosc.c.obj
LOAD CMakeFiles/pico_float_test.dir/__/__/src/rp2_common/pico_printf/printf.c.obj
LOAD CMakeFiles/pico_float_test.dir/__/__/src/rp2_common/pico_bit_ops/bit_ops_aeabi.S.obj
LOAD CMakeFiles/pico_float_test.dir/__/__/src/rp2_common/pico_divider/divider.S.obj
LOAD CMakeFiles/pico_float_test.dir/__/__/src/rp2_common/pico_double/double_aeabi.S.obj
LOAD CMakeFiles/pico_float_test.dir/__/__/src/rp2_common/pico_double/double_init_rom.c.obj
LOAD CMakeFiles/pico_float_test.dir/__/__/src/rp2_common/pico_double/double_math.c.obj
LOAD CMakeFiles/pico_float_test.dir/__/__/src/rp2_common/pico_double/double_v1_rom_shim.S.obj
LOAD CMakeFiles/pico_float_test.dir/__/__/src/rp2_common/pico_int64_ops/pico_int64_ops_aeabi.S.obj
LOAD CMakeFiles/pico_float_test.dir/__/__/src/rp2_common/pico_malloc/pico_malloc.c.obj
LOAD CMakeFiles/pico_float_test.dir/__/__/src/rp2_common/pico_mem_ops/mem_ops_aeabi.S.obj
LOAD CMakeFiles/pico_float_test.dir/__/__/src/rp2_common/pico_standard_link/crt0.S.obj
LOAD CMakeFiles/pico_float_test.dir/__/__/src/rp2_common/pico_standard_link/new_delete.cpp.obj
LOAD CMakeFiles/pico_float_test.dir/__/__/src/rp2_common/pico_standard_link/binary_info.c.obj
LOAD CMakeFiles/pico_float_test.dir/__/__/src/rp2_common/pico_stdio/stdio.c.obj
LOAD CMakeFiles/pico_float_test.dir/__/__/src/rp2_common/pico_stdio_uart/stdio_uart.c.obj
LOAD /tmp/ccTHD6v4.o
LOAD /usr/lib/gcc/arm-none-eabi/6.3.1/../../../arm-none-eabi/lib/thumb/v6-m/libstdc++.a
LOAD /usr/lib/gcc/arm-none-eabi/6.3.1/../../../arm-none-eabi/lib/thumb/v6-m/libm.a
START GROUP
LOAD /usr/lib/gcc/arm-none-eabi/6.3.1/thumb/v6-m/libgcc.a
LOAD /usr/lib/gcc/arm-none-eabi/6.3.1/../../../arm-none-eabi/lib/thumb/v6-m/libc.a
END GROUP
START GROUP
LOAD /usr/lib/gcc/arm-none-eabi/6.3.1/thumb/v6-m/libgcc.a
LOAD /usr/lib/gcc/arm-none-eabi/6.3.1/../../../arm-none-eabi/lib/thumb/v6-m/libc.a
LOAD /usr/lib/gcc/arm-none-eabi/6.3.1/../../../arm-none-eabi/lib/thumb/v6-m/libnosys.a
END GROUP
LOAD /usr/lib/gcc/arm-none-eabi/6.3.1/thumb/v6-m/crtend.o
LOAD /usr/lib/gcc/arm-none-eabi/6.3.1/thumb/v6-m/crtn.o
OUTPUT(pico_float_test.elf elf32-littlearm)

.ARM.attributes
                0x0000000000000000       0x28
 .ARM.attributes
                0x0000000000000000       0x1e /usr/lib/gcc/arm-none-eabi/6.3.1/thumb/v6-m/crti.o
 .ARM.attributes
                0x000000000000001e       0x2c /usr/lib/gcc/arm-none-eabi/6.3.1/thumb/v6-m/crtbegin.o
 .ARM.attributes
                0x000000000000004a       0x32 CMakeFiles/pico_float_test.dir/pico_float_test.c.obj
 .ARM.attributes
                0x000000000000007c       0x22 CMakeFiles/pico_float_test.dir/llvm/call_apsr.S.obj
 .ARM.attributes
                0x000000000000009e       0x22 CMakeFiles/pico_float_test.dir/__/__/src/rp2_common/pico_float/float_aeabi.S.obj
 .ARM.attributes
                0x00000000000000c0       0x32 CMakeFiles/pico_float_test.dir/__/__/src/rp2_common/pico_float/float_init_rom.c.obj
 .ARM.attributes
                0x00000000000000f2       0x32 CMakeFiles/pico_float_test.dir/__/__/src/rp2_common/pico_float/float_math.c.obj
 .ARM.attributes
                0x0000000000000124       0x22 CMakeFiles/pico_float_test.dir/__/__/src/rp2_common/pico_float/float_v1_rom_shim.S.obj
 .ARM.attributes
                0x0000000000000146       0x32 CMakeFiles/pico_float_test.dir/__/__/src/rp2_common/pico_bootrom/bootrom.c.obj
 .ARM.attributes
                0x0000000000000178       0x32 CMakeFiles/pico_float_test.dir/__/__/src/rp2_common/pico_stdlib/stdlib.c.obj
 .ARM.attributes
                0x00000000000001aa       0x32 CMakeFiles/pico_float_test.dir/__/__/src/rp2_common/hardware_gpio/gpio.c.obj
 .ARM.attributes
                0x00000000000001dc       0x32 CMakeFiles/pico_float_test.dir/__/__/src/rp2_common/hardware_claim/claim.c.obj
 .ARM.attributes
                0x000000000000020e       0x32 CMakeFiles/pico_float_test.dir/__/__/src/rp2_common/pico_platform/platform.c.obj
 .ARM.attributes
                0x0000000000000240       0x32 CMakeFiles/pico_float_test.dir/__/__/src/rp2_common/hardware_sync/sync.c.obj
 .ARM.attributes
                0x0000000000000272       0x32 CMakeFiles/pico_float_test.dir/__/__/src/rp2_common/hardware_irq/irq.c.obj
 .ARM.attributes
                0x00000000000002a4       0x22 CMakeFiles/pico_float_test.dir/__/__/src/rp2_common/hardware_irq/irq_handler_chain.S.obj
 .ARM.attributes
                0x00000000000002c6       0x32 CMakeFiles/pico_float_test.dir/__/__/src/common/pico_sync/lock_core.c.obj
 .ARM.attributes
                0x00000000000002f8       0x32 CMakeFiles/pico_float_test.dir/__/__/src/common/pico_time/time.c.obj
 .ARM.attributes
                0x000000000000032a       0x32 CMakeFiles/pico_float_test.dir/__/__/src/rp2_common/hardware_timer/timer.c.obj
 .ARM.attributes
                0x000000000000035c       0x32 CMakeFiles/pico_float_test.dir/__/__/src/common/pico_util/pheap.c.obj
 .ARM.attributes
                0x000000000000038e       0x32 CMakeFiles/pico_float_test.dir/__/__/src/common/pico_sync/mutex.c.obj
 .ARM.attributes
                0x00000000000003c0       0x32 CMakeFiles/pico_float_test.dir/__/__/src/rp2_common/hardware_uart/uart.c.obj
 .ARM.attributes
                0x00000000000003f2       0x32 CMakeFiles/pico_float_test.dir/__/__/src/rp2_common/pico_runtime/runtime.c.obj
 .ARM.attributes
                0x0000000000000424       0x32 CMakeFiles/pico_float_test.dir/__/__/src/rp2_common/hardware_clocks/clocks.c.obj
 .ARM.attributes
                0x0000000000000456       0x32 CMakeFiles/pico_float_test.dir/__/__/src/rp2_common/hardware_pll/pll.c.obj
 .ARM.attributes
                0x0000000000000488       0x32 CMakeFiles/pico_float_test.dir/__/__/src/rp2_common/hardware_watchdog/watchdog.c.obj
 .ARM.attributes
                0x00000000000004ba       0x32 CMakeFiles/pico_float_test.dir/__/__/src/rp2_common/hardware_xosc/xosc.c.obj
 .ARM.attributes
                0x00000000000004ec       0x32 CMakeFiles/pico_float_test.dir/__/__/src/rp2_common/pico_printf/printf.c.obj
 .ARM.attributes
                0x000000000000051e       0x22 CMakeFiles/pico_float_test.dir/__/__/src/rp2_common/pico_bit_ops/bit_ops_aeabi.S.obj
 .ARM.attributes
                0x0000000000000540       0x22 CMakeFiles/pico_float_test.dir/__/__/src/rp2_common/pico_divider/divider.S.obj
 .ARM.attributes
                0x0000000000000562       0x22 CMakeFiles/pico_float_test.dir/__/__/src/rp2_common/pico_double/double_aeabi.S.obj
 .ARM.attributes
                0x0000000000000584       0x32 CMakeFiles/pico_float_test.dir/__/__/src/rp2_common/pico_double/double_init_rom.c.obj
 .ARM.attributes
                0x00000000000005b6       0x32 CMakeFiles/pico_float_test.dir/__/__/src/rp2_common/pico_double/double_math.c.obj
 .ARM.attributes
                0x00000000000005e8       0x22 CMakeFiles/pico_float_test.dir/__/__/src/rp2_common/pico_double/double_v1_rom_shim.S.obj
 .ARM.attributes
                0x000000000000060a       0x22 CMakeFiles/pico_float_test.dir/__/__/src/rp2_common/pico_int64_ops/pico_int64_ops_aeabi.S.obj
 .ARM.attributes
                0x000000000000062c       0x22 CMakeFiles/pico_float_test.dir/__/__/src/rp2_common/pico_mem_ops/mem_ops_aeabi.S.obj
 .ARM.attributes
                0x000000000000064e       0x22 CMakeFiles/pico_float_test.dir/__/__/src/rp2_common/pico_standard_link/crt0.S.obj
 .ARM.attributes
                0x0000000000000670       0x32 CMakeFiles/pico_float_test.dir/__/__/src/rp2_common/pico_standard_link/binary_info.c.obj
 .ARM.attributes
                0x00000000000006a2       0x32 CMakeFiles/pico_float_test.dir/__/__/src/rp2_common/pico_stdio/stdio.c.obj
 .ARM.attributes
                0x00000000000006d4       0x32 CMakeFiles/pico_float_test.dir/__/__/src/rp2_common/pico_stdio_uart/stdio_uart.c.obj
 .ARM.attributes
                0x0000000000000706       0x22 /tmp/ccTHD6v4.o
 .ARM.attributes
                0x0000000000000728       0x2c /usr/lib/gcc/arm-none-eabi/6.3.1/../../../arm-none-eabi/lib/thumb/v6-m/libm.a(lib_a-sf_cos.o)
 .ARM.attributes
                0x0000000000000754       0x2c /usr/lib/gcc/arm-none-eabi/6.3.1/../../../arm-none-eabi/lib/thumb/v6-m/libm.a(lib_a-sf_ldexp.o)
 .ARM.attributes
                0x0000000000000780       0x2c /usr/lib/gcc/arm-none-eabi/6.3.1/../../../arm-none-eabi/lib/thumb/v6-m/libm.a(lib_a-sf_scalbn.o)
 .ARM.attributes
                0x00000000000007ac       0x2c /usr/lib/gcc/arm-none-eabi/6.3.1/../../../arm-none-eabi/lib/thumb/v6-m/libm.a(lib_a-sf_sin.o)