Archive member included to satisfy reference by file (symbol)

/usr/lib/gcc/arm-none-eabi/6.3.1/../../../arm-none-eabi/lib/thumb/v6-m/libm.a(lib_a-s_cos.o)
                              CMakeFiles/pico_double_test.dir/pico_double_test.c.obj (cos)
/usr/lib/gcc/arm-none-eabi/6.3.1/../../../arm-none-eabi/lib/thumb/v6-m/libm.a(lib_a-s_ldexp.o)
                              CMakeFiles/pico_double_test.dir/pico_double_test.c.obj (ldexp)
/usr/lib/gcc/arm-none-eabi/6.3.1/../../../arm-none-eabi/lib/thumb/v6-m/libm.a(lib_a-s_scalbn.o)
                              /usr/lib/gcc/arm-none-eabi/6.3.1/../../../arm-none-eabi/lib/thumb/v6-m/libm.a(lib_a-s_ldexp.o) (scalbn)
/usr/lib/gcc/arm-none-eabi/6.3.1/../../../arm-none-eabi/lib/thumb/v6-m/libm.a(lib_a-s_sin.o)
                              CMakeFiles/pico_double_test.dir/pico_double_test.c.obj (sin)
/usr/lib/gcc/arm-none-eabi/6.3.1/../../../arm-none-eabi/lib/thumb/v6-m/libm.a(lib_a-s_tan.o)
                              CMakeFiles/pico_double_test.dir/pico_double_test.c.obj (tan)
/usr/lib/gcc/arm-none-eabi/6.3.1/../../../arm-none-eabi/lib/thumb/v6-m/libm.a(lib_a-s_trunc.o)
                              CMakeFiles/pico_double_test.dir/pico_double_test.c.obj (trunc)
/usr/lib/gcc/arm-none-eabi/6.3.1/../../../arm-none-eabi/lib/thumb/v6-m/libm.a(lib_a-w_atan2.o)
                              CMakeFiles/pico_double_test.dir/pico_double_test.c.obj (atan2)
/usr/lib/gcc/arm-none-eabi/6.3.1/../../../arm-none-eabi/lib/thumb/v6-m/libm.a(lib_a-w_exp.o)
                              CMakeFiles/pico_double_test.dir/pico_double_test.c.obj (exp)
/usr/lib/gcc/arm-none-eabi/6.3.1/../../../arm-none-eabi/lib/thumb/v6-m/libm.a(lib_a-w_fmod.o)
                              CMakeFiles/pico_double_test.dir/pico_double_test.c.obj (fmod)
/usr/lib/gcc/arm-none-eabi/6.3.1/../../../arm-none-eabi/lib/thumb/v6-m/libm.a(lib_a-w_log.o)
                              CMakeFiles/pico_double_test.dir/pico_double_test.c.obj (log)
/usr/lib/gcc/arm-none-eabi/6.3.1/../../../arm-none-eabi/lib/thumb/v6-m/libm.a(lib_a-w_pow.o)
                              CMakeFiles/pico_double_test.dir/pico_double_test.c.obj (pow)
/usr/lib/gcc/arm-none-eabi/6.3.1/../../../arm-none-eabi/lib/thumb/v6-m/libm.a(lib_a-w_sqrt.o)
                              CMakeFiles/pico_double_test.dir/pico_double_test.c.obj (sqrt)
/usr/lib/gcc/arm-none-eabi/6.3.1/../../../arm-none-eabi/lib/thumb/v6-m/libm.a(lib_a-e_atan2.o)
                              /usr/lib/gcc/arm-none-eabi/6.3.1/../../../arm-none-eabi/lib/thumb/v6-m/libm.a(lib_a-w_atan2.o) (__ieee754_atan2)
/usr/lib/gcc/arm-none-eabi/6.3.1/../../../arm-none-eabi/lib/thumb/v6-m/libm.a(lib_a-e_exp.o)
                              /usr/lib/gcc/arm-none-eabi/6.3.1/../../../arm-none-eabi/lib/thumb/v6-m/libm.a(lib_a-w_exp.o) (__ieee754_exp)
/usr/lib/gcc/arm-none-eabi/6.3.1/../../../arm-none-eabi/lib/thumb/v6-m/libm.a(lib_a-e_fmod.o)
                              /usr/lib/gcc/arm-none-eabi/6.3.1/../../../arm-none-eabi/lib/thumb/v6-m/libm.a(lib_a-w_fmod.o) (__ieee754_fmod)
/usr/lib/gcc/arm-none-eabi/6.3.1/../../../arm-none-eabi/lib/thumb/v6-m/libm.a(lib_a-e_log.o)
                              /usr/lib/gcc/arm-none-eabi/6.3.1/../../../arm-none-eabi/lib/thumb/v6-m/libm.a(lib_a-w_log.o) (__ieee754_log)
/usr/lib/gcc/arm-none-eabi/6.3.1/../../../arm-none-eabi/lib/thumb/v6-m/libm.a(lib_a-e_pow.o)
                              /usr/lib/gcc/arm-none-eabi/6.3.1/../../../arm-none-eabi/lib/thumb/v6-m/libm.a(lib_a-w_pow.o) (__ieee754_pow)
/usr/lib/gcc/arm-none-eabi/6.3.1/../../../arm-none-eabi/lib/thumb/v6-m/libm.a(lib_a-e_rem_pio2.o)
                              /usr/lib/gcc/arm-none-eabi/6.3.1/../../../arm-none-eabi/lib/thumb/v6-m/libm.a(lib_a-s_cos.o) (__ieee754_rem_pio2)
/usr/lib/gcc/arm-none-eabi/6.3.1/../../../arm-none-eabi/lib/thumb/v6-m/libm.a(lib_a-e_sqrt.o)
                              /usr/lib/gcc/arm-none-eabi/6.3.1/../../../arm-none-eabi/lib/thumb/v6-m/libm.a(lib_a-w_sqrt.o) (__ieee754_sqrt)
/usr/lib/gcc/arm-none-eabi/6.3.1/../../../arm-none-eabi/lib/thumb/v6-m/libm.a(lib_a-k_cos.o)
                              /usr/lib/gcc/arm-none-eabi/6.3.1/../../../arm-none-eabi/lib/thumb/v6-m/libm.a(lib_a-s_cos.o) (__kernel_cos)
/usr/lib/gcc/arm-none-eabi/6.3.1/../../../arm-none-eabi/lib/thumb/v6-m/libm.a(lib_a-k_rem_pio2.o)
                              /usr/lib/gcc/arm-none-eabi/6.3.1/../../../arm-none-eabi/lib/thumb/v6-m/libm.a(lib_a-e_rem_pio2.o) (__kernel_rem_pio2)
/usr/lib/gcc/arm-none-eabi/6.3.1/../../../arm-none-eabi/lib/thumb/v6-m/libm.a(lib_a-k_sin.o)
                              /usr/lib/gcc/arm-none-eabi/6.3.1/../../../arm-none-eabi/lib/thumb/v6-m/libm.a(lib_a-s_cos.o) (__kernel_sin)
/usr/lib/gcc/arm-none-eabi/6.3.1/../../../arm-none-eabi/lib/thumb/v6-m/libm.a(lib_a-k_tan.o)
                              /usr/lib/gcc/arm-none-eabi/6.3.1/../../../arm-none-eabi/lib/thumb/v6-m/libm.a(lib_a-s_tan.o) (__kernel_tan)
[...]
Memory Configuration

Name             Origin             Length             Attributes
FLASH            0x0000000010000000 0x0000000000200000 xr
RAM              0x0000000020000000 0x0000000000040000 xrw
SCRATCH_X        0x0000000020040000 0x0000000000001000 xrw
SCRATCH_Y        0x0000000020041000 0x0000000000001000 xrw
*default*        0x0000000000000000 0xffffffffffffffff

Linker script and memory map

LOAD /usr/lib/gcc/arm-none-eabi/6.3.1/thumb/v6-m/crti.o
LOAD /usr/lib/gcc/arm-none-eabi/6.3.1/thumb/v6-m/crtbegin.o
LOAD /usr/lib/gcc/arm-none-eabi/6.3.1/../../../arm-none-eabi/lib/thumb/v6-m/crt0.o

.flash_begin    0x0000000010000000        0x0
                0x0000000010000000                __flash_binary_start = .

.boot2          0x0000000010000000      0x100
                0x0000000010000000                __boot2_start__ = .
 *(.boot2)
 .boot2         0x0000000010000000      0x100 /tmp/ccNGgF0w.o
                0x0000000010000100                __boot2_end__ = .
                0x0000000000000001                ASSERT (((__boot2_end__ - __boot2_start__) == 0x100), ERROR: Pico second stage bootloader must be 256 bytes in size)

.text           0x0000000010000100     0x8240
                0x0000000010000100                __logical_binary_start = .
 *(.vectors)
 .vectors       0x0000000010000100       0xd4 CMakeFiles/pico_double_test.dir/__/__/src/rp2_common/pico_standard_link/crt0.S.obj
                0x0000000010000100                __vectors
                0x0000000010000100                __VECTOR_TABLE
                0x00000000100001c0                isr_invalid
                0x00000000100001c0                __default_isrs_start
                0x00000000100001c2                isr_nmi
                0x00000000100001c4                isr_hardfault
                0x00000000100001c6                isr_svcall
                0x00000000100001c8                isr_pendsv
                0x00000000100001ca                isr_systick
                0x00000000100001cc                isr_irq30
                0x00000000100001cc                __unhandled_user_irq
                0x00000000100001cc                isr_irq13
                0x00000000100001cc                isr_irq27
                0x00000000100001cc                isr_irq31
                0x00000000100001cc                isr_irq5
                0x00000000100001cc                isr_irq11
                0x00000000100001cc                isr_irq23
                0x00000000100001cc                isr_irq18
                0x00000000100001cc                isr_irq28
                0x00000000100001cc                isr_irq19
                0x00000000100001cc                isr_irq0
                0x00000000100001cc                isr_irq6
                0x00000000100001cc                isr_irq22
                0x00000000100001cc                isr_irq17
                0x00000000100001cc                isr_irq14
                0x00000000100001cc                isr_irq2
                0x00000000100001cc                isr_irq10
                0x00000000100001cc                isr_irq8
                0x00000000100001cc                isr_irq24
                0x00000000100001cc                isr_irq1
                0x00000000100001cc                isr_irq7
                0x00000000100001cc                isr_irq21
                0x00000000100001cc                isr_irq20
                0x00000000100001cc                isr_irq15
                0x00000000100001cc                isr_irq25
                0x00000000100001cc                isr_irq4
                0x00000000100001cc                isr_irq16
                0x00000000100001cc                isr_irq29
                0x00000000100001cc                isr_irq26
                0x00000000100001cc                __default_isrs_end
                0x00000000100001cc                isr_irq3
                0x00000000100001cc                isr_irq12
                0x00000000100001cc                isr_irq9
                0x00000000100001d2                unhandled_user_irq_num_in_r0
 *(.binary_info_header)
 .binary_info_header
                0x00000000100001d4       0x14 CMakeFiles/pico_double_test.dir/__/__/src/rp2_common/pico_standard_link/crt0.S.obj
                0x00000000100001e8                __binary_info_header_end = .
 *(.reset)
 .reset         0x00000000100001e8       0xa8 CMakeFiles/pico_double_test.dir/__/__/src/rp2_common/pico_standard_link/crt0.S.obj
                0x00000000100001e8                _entry_point
                0x0000000010000266                __get_current_exception
 .reset         0x0000000010000290       0x30 CMakeFiles/pico_double_test.dir/__/__/src/rp2_common/pico_standard_link/binary_info.c.obj
 *(.init)
 .init          0x00000000100002c0        0x4 /usr/lib/gcc/arm-none-eabi/6.3.1/thumb/v6-m/crti.o
                0x00000000100002c0                _init
 *(EXCLUDE_FILE(*libm.a: *libc.a:*lib_a-mem*.o *libgcc.a:) .text*)
 .text          0x00000000100002c4       0xb4 /usr/lib/gcc/arm-none-eabi/6.3.1/thumb/v6-m/crtbegin.o
 .text.test__aeabi_cdcmpeq
                0x0000000010000378       0x44 CMakeFiles/pico_double_test.dir/pico_double_test.c.obj
                0x0000000010000378                test__aeabi_cdcmpeq
 .text.test_cdcmpeq
                0x00000000100003bc      0x28c CMakeFiles/pico_double_test.dir/pico_double_test.c.obj
                0x00000000100003bc                test_cdcmpeq
 .text.test_dcmple_gt
                0x0000000010000648       0xa0 CMakeFiles/pico_double_test.dir/pico_double_test.c.obj
                0x0000000010000648                test_dcmple_gt
 .text.test_dcmplt_ge
                0x00000000100006e8       0xa0 CMakeFiles/pico_double_test.dir/pico_double_test.c.obj
                0x00000000100006e8                test_dcmplt_ge
 .text.test__aeabi_cdcmple
                0x0000000010000788      0x114 CMakeFiles/pico_double_test.dir/pico_double_test.c.obj
                0x0000000010000788                test__aeabi_cdcmple
 .text.test_cdcmple
                0x000000001000089c      0x1cc CMakeFiles/pico_double_test.dir/pico_double_test.c.obj
                0x000000001000089c                test_cdcmple
 .text.test_cmple_gt
                0x0000000010000a68       0x74 CMakeFiles/pico_double_test.dir/pico_double_test.c.obj
                0x0000000010000a68                test_cmple_gt
 .text.test_cmplt_ge
                0x0000000010000adc       0x74 CMakeFiles/pico_double_test.dir/pico_double_test.c.obj
                0x0000000010000adc                test_cmplt_ge
 .text.test_dcmpun
                0x0000000010000b50       0xfc CMakeFiles/pico_double_test.dir/pico_double_test.c.obj
                0x0000000010000b50                test_dcmpun
 .text.startup.main
                0x0000000010000c4c      0x7a0 CMakeFiles/pico_double_test.dir/pico_double_test.c.obj
                0x0000000010000c4c                main
 .text          0x00000000100013ec       0x18 CMakeFiles/pico_double_test.dir/llvm/call_apsr.S.obj
                0x00000000100013ec                call_apsr_f
                0x00000000100013f6                call_apsr_d
 .text.push_r8_r11
                0x0000000010001404        0xc CMakeFiles/pico_double_test.dir/__/__/src/rp2_common/pico_double/double_aeabi.S.obj
                0x0000000010001404                push_r8_r11
 .text.pop_r8_r11
                0x0000000010001410        0xc CMakeFiles/pico_double_test.dir/__/__/src/rp2_common/pico_double/double_aeabi.S.obj
                0x0000000010001410                pop_r8_r11
 .text.__wrap___aeabi_darithmetic
                0x000000001000141c       0x80 CMakeFiles/pico_double_test.dir/__/__/src/rp2_common/pico_double/double_aeabi.S.obj
                0x000000001000141c                __wrap___aeabi_drsub
                0x0000000010001422                __wrap___aeabi_dsub
                0x0000000010001434                __wrap___aeabi_dadd
                0x0000000010001446                __wrap___aeabi_ddiv
                0x0000000010001482                __wrap___aeabi_dmul
 .text.__wrap___aeabi_cdcmple
                0x000000001000149c       0x6c CMakeFiles/pico_double_test.dir/__/__/src/rp2_common/pico_double/double_aeabi.S.obj
                0x000000001000149c                __wrap___aeabi_cdrcmple
                0x00000000100014ac                __wrap___aeabi_cdcmple
                0x00000000100014ac                __wrap___aeabi_cdcmpeq
 .text.__wrap___aeabi_dcmpeq
                0x0000000010001508       0x10 CMakeFiles/pico_double_test.dir/__/__/src/rp2_common/pico_double/double_aeabi.S.obj
                0x0000000010001508                __wrap___aeabi_dcmpeq
 .text.__wrap___aeabi_dcmplt
                0x0000000010001518        0xc CMakeFiles/pico_double_test.dir/__/__/src/rp2_common/pico_double/double_aeabi.S.obj
                0x0000000010001518                __wrap___aeabi_dcmplt
 .text.__wrap___aeabi_dcmple
                0x0000000010001524       0x10 CMakeFiles/pico_double_test.dir/__/__/src/rp2_common/pico_double/double_aeabi.S.obj
                0x0000000010001524                __wrap___aeabi_dcmple
 .text.__wrap___aeabi_dcmpge
                0x0000000010001534       0x10 CMakeFiles/pico_double_test.dir/__/__/src/rp2_common/pico_double/double_aeabi.S.obj
                0x0000000010001534                __wrap___aeabi_dcmpge
 .text.__wrap___aeabi_dcmpgt
                0x0000000010001544        0xa CMakeFiles/pico_double_test.dir/__/__/src/rp2_common/pico_double/double_aeabi.S.obj
                0x0000000010001544                __wrap___aeabi_dcmpgt
 .text.__wrap___aeabi_dcmpun
                0x000000001000154e       0x1c CMakeFiles/pico_double_test.dir/__/__/src/rp2_common/pico_double/double_aeabi.S.obj
                0x000000001000154e                __wrap___aeabi_dcmpun
 *fill*         0x000000001000156a        0x2 
 .text.__wrap___aeabi_i2d
                0x000000001000156c       0x38 CMakeFiles/pico_double_test.dir/__/__/src/rp2_common/pico_double/double_aeabi.S.obj
                0x000000001000156c                __wrap___aeabi_ui2d
                0x0000000010001574                __wrap___aeabi_i2d
 .text.__wrap___aeabi_d2iz
                0x00000000100015a4       0x48 CMakeFiles/pico_double_test.dir/__/__/src/rp2_common/pico_double/double_aeabi.S.obj
                0x00000000100015a4                __wrap___aeabi_d2iz
                0x00000000100015a4                double2int_z
 .text.__wrap___aeabi_d2uiz
                0x00000000100015ec       0x18 CMakeFiles/pico_double_test.dir/__/__/src/rp2_common/pico_double/double_aeabi.S.obj
                0x00000000100015ec                double2uint
                0x00000000100015ec                __wrap___aeabi_d2uiz
 .text.fix642double
                0x0000000010001604       0x18 CMakeFiles/pico_double_test.dir/__/__/src/rp2_common/pico_double/double_aeabi.S.obj
                0x0000000010001604                fix642double
 .text.__wrap___aeabi_l2d
                0x000000001000161c       0x18 CMakeFiles/pico_double_test.dir/__/__/src/rp2_common/pico_double/double_aeabi.S.obj
                0x000000001000161c                __wrap___aeabi_l2d
 .text.__wrap___aeabi_d2lz
                0x0000000010001634       0x26 CMakeFiles/pico_double_test.dir/__/__/src/rp2_common/pico_double/double_aeabi.S.obj
                0x0000000010001634                __wrap___aeabi_d2lz
                0x0000000010001634                double2int64_z
 *fill*         0x000000001000165a        0x2 
 .text.double2int64
                0x000000001000165c       0x18 CMakeFiles/pico_double_test.dir/__/__/src/rp2_common/pico_double/double_aeabi.S.obj
                0x000000001000165c                double2int64
 .text.__wrap___aeabi_d2ulz
                0x0000000010001674       0x18 CMakeFiles/pico_double_test.dir/__/__/src/rp2_common/pico_double/double_aeabi.S.obj
                0x0000000010001674                __wrap___aeabi_d2ulz
 .text.double2ufix64
                0x000000001000168c       0x18 CMakeFiles/pico_double_test.dir/__/__/src/rp2_common/pico_double/double_aeabi.S.obj
                0x000000001000168c                double2ufix64
 .text.__wrap_srqt
                0x00000000100016a4       0x18 CMakeFiles/pico_double_test.dir/__/__/src/rp2_common/pico_double/double_aeabi.S.obj
                0x00000000100016a4                __wrap_sqrt
 .text.__wrap_sincostan_remainder
                0x00000000100016bc       0x14 CMakeFiles/pico_double_test.dir/__/__/src/rp2_common/pico_double/double_aeabi.S.obj
                0x00000000100016bc                sincostan_remainder
 .text.__wrap_cos
                0x00000000100016d0       0x2c CMakeFiles/pico_double_test.dir/__/__/src/rp2_common/pico_double/double_aeabi.S.obj
                0x00000000100016d0                __wrap_cos
 .text.__wrap_sin
                0x00000000100016fc       0x2c CMakeFiles/pico_double_test.dir/__/__/src/rp2_common/pico_double/double_aeabi.S.obj
                0x00000000100016fc                __wrap_sin
 .text.__wrap_sincos
                0x0000000010001728       0xa0 CMakeFiles/pico_double_test.dir/__/__/src/rp2_common/pico_double/double_aeabi.S.obj
                0x0000000010001734                __wrap_sincos
 .text.__wrap_tan
                0x00000000100017c8       0x5c CMakeFiles/pico_double_test.dir/__/__/src/rp2_common/pico_double/double_aeabi.S.obj
                0x00000000100017c8                __wrap_tan
 .text.__wrap_atan2
                0x0000000010001824       0x18 CMakeFiles/pico_double_test.dir/__/__/src/rp2_common/pico_double/double_aeabi.S.obj
                0x0000000010001824                __wrap_atan2
 .text.__wrap_exp
                0x000000001000183c       0x18 CMakeFiles/pico_double_test.dir/__/__/src/rp2_common/pico_double/double_aeabi.S.obj
                0x000000001000183c                __wrap_exp
 .text.__wrap_log
                0x0000000010001854       0x18 CMakeFiles/pico_double_test.dir/__/__/src/rp2_common/pico_double/double_aeabi.S.obj
                0x0000000010001854                __wrap_log
 .text.__aeabi_double_init
                0x000000001000186c       0x60 CMakeFiles/pico_double_test.dir/__/__/src/rp2_common/pico_double/double_init_rom.c.obj
                0x000000001000186c                __aeabi_double_init
 .text.dpow_1   0x00000000100018cc      0x27c CMakeFiles/pico_double_test.dir/__/__/src/rp2_common/pico_double/double_math.c.obj
 .text.dpow_int2
                0x0000000010001b48       0xcc CMakeFiles/pico_double_test.dir/__/__/src/rp2_common/pico_double/double_math.c.obj
 .text.dpow_0   0x0000000010001c14      0x1bc CMakeFiles/pico_double_test.dir/__/__/src/rp2_common/pico_double/double_math.c.obj
 .text.__wrap_ldexp
                0x0000000010001dd0       0x4c CMakeFiles/pico_double_test.dir/__/__/src/rp2_common/pico_double/double_math.c.obj
                0x0000000010001dd0                __wrap_ldexp
 .text.__wrap_copysign
                0x0000000010001e1c       0x10 CMakeFiles/pico_double_test.dir/__/__/src/rp2_common/pico_double/double_math.c.obj
                0x0000000010001e1c                __wrap_copysign
 .text.__wrap_trunc
                0x0000000010001e2c       0x50 CMakeFiles/pico_double_test.dir/__/__/src/rp2_common/pico_double/double_math.c.obj
                0x0000000010001e2c                __wrap_trunc
 .text.__wrap_round
                0x0000000010001e7c       0x84 CMakeFiles/pico_double_test.dir/__/__/src/rp2_common/pico_double/double_math.c.obj
                0x0000000010001e7c                __wrap_round
 .text.__wrap_floor
                0x0000000010001f00       0x94 CMakeFiles/pico_double_test.dir/__/__/src/rp2_common/pico_double/double_math.c.obj
                0x0000000010001f00                __wrap_floor
 .text.__wrap_atan
                0x0000000010001f94       0x40 CMakeFiles/pico_double_test.dir/__/__/src/rp2_common/pico_double/double_math.c.obj
                0x0000000010001f94                __wrap_atan
 .text.__wrap_exp2
                0x0000000010001fd4       0xbc CMakeFiles/pico_double_test.dir/__/__/src/rp2_common/pico_double/double_math.c.obj
                0x0000000010001fd4                __wrap_exp2
 .text.__wrap_pow
                0x0000000010002090      0x31c CMakeFiles/pico_double_test.dir/__/__/src/rp2_common/pico_double/double_math.c.obj
                0x0000000010002090                __wrap_pow
 .text.__wrap_fmod
                0x00000000100023ac      0x16c CMakeFiles/pico_double_test.dir/__/__/src/rp2_common/pico_double/double_math.c.obj
                0x00000000100023ac                __wrap_fmod
 .text.__wrap_remquo
                0x0000000010002518      0x290 CMakeFiles/pico_double_test.dir/__/__/src/rp2_common/pico_double/double_math.c.obj
                0x0000000010002518                __wrap_remquo
 .text.__wrap_remainder
                0x00000000100027a8       0x10 CMakeFiles/pico_double_test.dir/__/__/src/rp2_common/pico_double/double_math.c.obj
                0x00000000100027a8                __wrap_remainder
 .text.double_table_shim_on_use_helper
                0x00000000100027b8       0x2c CMakeFiles/pico_double_test.dir/__/__/src/rp2_common/pico_double/double_v1_rom_shim.S.obj
                0x00000000100027b8                double_table_shim_on_use_helper
 .text.__wrap___aeabi_dsub
                0x00000000100027e4       0x10 CMakeFiles/pico_double_test.dir/__/__/src/rp2_common/pico_double/double_v1_rom_shim.S.obj
                0x00000000100027e4                drsub_shim
                0x00000000100027ea                dsub_shim
 .text.dadd_shim
                0x00000000100027f4      0x15c CMakeFiles/pico_double_test.dir/__/__/src/rp2_common/pico_double/double_v1_rom_shim.S.obj
                0x00000000100027f4                dadd_shim
 .text.dmul_shim
                0x0000000010002950      0x15c CMakeFiles/pico_double_test.dir/__/__/src/rp2_common/pico_double/double_v1_rom_shim.S.obj
                0x0000000010002950                dmul_shim
 .text.ddiv_shim
                0x0000000010002aac      0x1b0 CMakeFiles/pico_double_test.dir/__/__/src/rp2_common/pico_double/double_v1_rom_shim.S.obj
                0x0000000010002aac                ddiv_shim
 .text.dsqrt_shim
                0x0000000010002c5c      0x1a8 CMakeFiles/pico_double_test.dir/__/__/src/rp2_common/pico_double/double_v1_rom_shim.S.obj
                0x0000000010002c78                dsqrt_shim
 .text.dcordic_vec_step
                0x0000000010002e04        0xe CMakeFiles/pico_double_test.dir/__/__/src/rp2_common/pico_double/double_v1_rom_shim.S.obj
                0x0000000010002e04                dcordic_vec_step
 .text.dcordic_rot_step
                0x0000000010002e12       0x76 CMakeFiles/pico_double_test.dir/__/__/src/rp2_common/pico_double/double_v1_rom_shim.S.obj
                0x0000000010002e12                dcordic_rot_step
 .text.double2uint_shim
                0x0000000010002e88        0xe CMakeFiles/pico_double_test.dir/__/__/src/rp2_common/pico_double/double_v1_rom_shim.S.obj
                0x0000000010002e88                double2uint_shim
                0x0000000010002e8a                double2ufix_shim
 .text.double2int64_shim
                0x0000000010002e96       0x1a CMakeFiles/pico_double_test.dir/__/__/src/rp2_common/pico_double/double_v1_rom_shim.S.obj
                0x0000000010002e96                double2int64_shim
                0x0000000010002e98                double2fix64_shim
 .text.double2uint64_shim
                0x0000000010002eb0       0x70 CMakeFiles/pico_double_test.dir/__/__/src/rp2_common/pico_double/double_v1_rom_shim.S.obj
                0x0000000010002eb0                double2uint64_shim
                0x0000000010002eb2                double2ufix64_shim
                0x0000000010002ed2                d2fix_a
 .text.x2double_shims
                0x0000000010002f20       0x90 CMakeFiles/pico_double_test.dir/__/__/src/rp2_common/pico_double/double_v1_rom_shim.S.obj
                0x0000000010002f20                uint2double_shim
                0x0000000010002f22                ufix2double_shim
                0x0000000010002f28                int2double_shim
                0x0000000010002f2a                fix2double_shim
                0x0000000010002f30                uint642double_shim
                0x0000000010002f32                ufix642double_shim
                0x0000000010002f38                int642double_shim
                0x0000000010002f3a                fix642double_shim
 .text.dunpacks
                0x0000000010002fb0       0x3c CMakeFiles/pico_double_test.dir/__/__/src/rp2_common/pico_double/double_v1_rom_shim.S.obj
                0x0000000010002fb0                dunpacks
 .text.dreduce  0x0000000010002fec       0x82 CMakeFiles/pico_double_test.dir/__/__/src/rp2_common/pico_double/double_v1_rom_shim.S.obj
                0x0000000010002fec                dreduce
 .text.dtan_shim
                0x000000001000306e       0x20 CMakeFiles/pico_double_test.dir/__/__/src/rp2_common/pico_double/double_v1_rom_shim.S.obj
                0x000000001000306e                dtan_shim
 .text.dcos_shim
                0x000000001000308e       0x10 CMakeFiles/pico_double_test.dir/__/__/src/rp2_common/pico_double/double_v1_rom_shim.S.obj
                0x000000001000308e                dcos_shim
 .text.dsin_shim
                0x000000001000309e       0x14 CMakeFiles/pico_double_test.dir/__/__/src/rp2_common/pico_double/double_v1_rom_shim.S.obj
                0x000000001000309e                dsin_shim
 .text.dsincos_shim
                0x00000000100030b2       0x20 CMakeFiles/pico_double_test.dir/__/__/src/rp2_common/pico_double/double_v1_rom_shim.S.obj
                0x00000000100030b2                dsincos_shim
 *fill*         0x00000000100030d2        0x2 
 .text.dtrig_guts
                0x00000000100030d4      0x2ec CMakeFiles/pico_double_test.dir/__/__/src/rp2_common/pico_double/double_v1_rom_shim.S.obj
                0x00000000100031ac                datan2_shim
 .text.dexp_guts
                0x00000000100033c0      0x268 CMakeFiles/pico_double_test.dir/__/__/src/rp2_common/pico_double/double_v1_rom_shim.S.obj
                0x00000000100033c0                dexp_shim
                0x000000001000345c                dln_shim
 .text.rom_func_lookup
                0x0000000010003628       0x10 CMakeFiles/pico_double_test.dir/__/__/src/rp2_common/pico_bootrom/bootrom.c.obj
                0x0000000010003628                rom_func_lookup
 .text.rom_data_lookup
                0x0000000010003638       0x10 CMakeFiles/pico_double_test.dir/__/__/src/rp2_common/pico_bootrom/bootrom.c.obj
                0x0000000010003638                rom_data_lookup
 .text.rom_funcs_lookup
                0x0000000010003648       0x44 CMakeFiles/pico_double_test.dir/__/__/src/rp2_common/pico_bootrom/bootrom.c.obj
                0x0000000010003648                rom_funcs_lookup
 .text.setup_default_uart
                0x000000001000368c        0x8 CMakeFiles/pico_double_test.dir/__/__/src/rp2_common/pico_stdlib/stdlib.c.obj
                0x000000001000368c                setup_default_uart
 .text.gpio_set_function
                0x0000000010003694       0x30 CMakeFiles/pico_double_test.dir/__/__/src/rp2_common/hardware_gpio/gpio.c.obj
                0x0000000010003694                gpio_set_function
 .text.hw_claim_or_assert
                0x00000000100036c4       0x44 CMakeFiles/pico_double_test.dir/__/__/src/rp2_common/hardware_claim/claim.c.obj
                0x00000000100036c4                hw_claim_or_assert
 .text.running_on_fpga
                0x0000000010003708       0x10 CMakeFiles/pico_double_test.dir/__/__/src/rp2_common/pico_platform/platform.c.obj
                0x0000000010003708                running_on_fpga
 .text.spin_locks_reset
                0x0000000010003718       0x1c CMakeFiles/pico_double_test.dir/__/__/src/rp2_common/hardware_sync/sync.c.obj
                0x0000000010003718                spin_locks_reset
 .text.next_striped_spin_lock_num
                0x0000000010003734       0x18 CMakeFiles/pico_double_test.dir/__/__/src/rp2_common/hardware_sync/sync.c.obj
                0x0000000010003734                next_striped_spin_lock_num
 .text.irq_set_enabled
                0x000000001000374c       0x24 CMakeFiles/pico_double_test.dir/__/__/src/rp2_common/hardware_irq/irq.c.obj
                0x000000001000374c                irq_set_enabled
 .text.irq_get_vtable_handler
                0x0000000010003770       0x10 CMakeFiles/pico_double_test.dir/__/__/src/rp2_common/hardware_irq/irq.c.obj
                0x0000000010003770                irq_get_vtable_handler
 .text.irq_set_exclusive_handler
                0x0000000010003780       0x54 CMakeFiles/pico_double_test.dir/__/__/src/rp2_common/hardware_irq/irq.c.obj
                0x0000000010003780                irq_set_exclusive_handler
 .text.irq_remove_handler
                0x00000000100037d4      0x1b8 CMakeFiles/pico_double_test.dir/__/__/src/rp2_common/hardware_irq/irq.c.obj
                0x00000000100037d4                irq_remove_handler
 .text.irq_add_tail_to_free_list
                0x000000001000398c       0xb4 CMakeFiles/pico_double_test.dir/__/__/src/rp2_common/hardware_irq/irq.c.obj
                0x000000001000398c                irq_add_tail_to_free_list
 .text.irq_init_priorities
                0x0000000010003a40       0x48 CMakeFiles/pico_double_test.dir/__/__/src/rp2_common/hardware_irq/irq.c.obj
                0x0000000010003a40                irq_init_priorities
 .text.lock_init
                0x0000000010003a88       0x10 CMakeFiles/pico_double_test.dir/__/__/src/common/pico_sync/lock_core.c.obj
                0x0000000010003a88                lock_init
 .text.timer_pool_entry_comparator
                0x0000000010003a98       0x34 CMakeFiles/pico_double_test.dir/__/__/src/common/pico_time/time.c.obj
                0x0000000010003a98                timer_pool_entry_comparator
 .text.add_alarm_under_lock
                0x0000000010003acc      0x124 CMakeFiles/pico_double_test.dir/__/__/src/common/pico_time/time.c.obj
 .text.alarm_pool_alarm_callback
                0x0000000010003bf0      0x1dc CMakeFiles/pico_double_test.dir/__/__/src/common/pico_time/time.c.obj
 .text.alarm_pool_init_default
                0x0000000010003dcc       0x64 CMakeFiles/pico_double_test.dir/__/__/src/common/pico_time/time.c.obj
                0x0000000010003dcc                alarm_pool_init_default
 .text.hardware_alarm_irq_handler
                0x0000000010003e30       0xa0 CMakeFiles/pico_double_test.dir/__/__/src/rp2_common/hardware_timer/timer.c.obj
 .text.hardware_alarm_claim
                0x0000000010003ed0       0x18 CMakeFiles/pico_double_test.dir/__/__/src/rp2_common/hardware_timer/timer.c.obj
                0x0000000010003ed0                hardware_alarm_claim
 .text.time_us_64
                0x0000000010003ee8       0x18 CMakeFiles/pico_double_test.dir/__/__/src/rp2_common/hardware_timer/timer.c.obj
                0x0000000010003ee8                time_us_64
 .text.busy_wait_us
                0x0000000010003f00       0x54 CMakeFiles/pico_double_test.dir/__/__/src/rp2_common/hardware_timer/timer.c.obj
                0x0000000010003f00                busy_wait_us
 .text.hardware_alarm_set_callback
                0x0000000010003f54       0x8c CMakeFiles/pico_double_test.dir/__/__/src/rp2_common/hardware_timer/timer.c.obj
                0x0000000010003f54                hardware_alarm_set_callback
 .text.hardware_alarm_set_target
                0x0000000010003fe0       0xdc CMakeFiles/pico_double_test.dir/__/__/src/rp2_common/hardware_timer/timer.c.obj
                0x0000000010003fe0                hardware_alarm_set_target
 .text.hardware_alarm_cancel
                0x00000000100040bc       0x40 CMakeFiles/pico_double_test.dir/__/__/src/rp2_common/hardware_timer/timer.c.obj
                0x00000000100040bc                hardware_alarm_cancel
 .text.ph_merge_two_pass.part.3
                0x00000000100040fc      0x18c CMakeFiles/pico_double_test.dir/__/__/src/common/pico_util/pheap.c.obj
 .text.ph_post_alloc_init
                0x0000000010004288       0x3c CMakeFiles/pico_double_test.dir/__/__/src/common/pico_util/pheap.c.obj
                0x0000000010004288                ph_post_alloc_init
 .text.ph_remove_head
                0x00000000100042c4      0x158 CMakeFiles/pico_double_test.dir/__/__/src/common/pico_util/pheap.c.obj
                0x00000000100042c4                ph_remove_head
 .text.ph_remove_and_free_node
                0x000000001000441c      0x254 CMakeFiles/pico_double_test.dir/__/__/src/common/pico_util/pheap.c.obj
                0x000000001000441c                ph_remove_and_free_node
 .text.mutex_init
                0x0000000010004670       0x1c CMakeFiles/pico_double_test.dir/__/__/src/common/pico_sync/mutex.c.obj
                0x0000000010004670                mutex_init
 .text.recursive_mutex_init
                0x000000001000468c       0x20 CMakeFiles/pico_double_test.dir/__/__/src/common/pico_sync/mutex.c.obj
                0x000000001000468c                recursive_mutex_init
 .text.uart_init
                0x00000000100046ac       0xe4 CMakeFiles/pico_double_test.dir/__/__/src/rp2_common/hardware_uart/uart.c.obj
                0x00000000100046ac                uart_init
 .text.runtime_init
                0x0000000010004790       0xf4 CMakeFiles/pico_double_test.dir/__/__/src/rp2_common/pico_runtime/runtime.c.obj
                0x0000000010004790                runtime_init
 .text._sbrk    0x0000000010004884       0x34 CMakeFiles/pico_double_test.dir/__/__/src/rp2_common/pico_runtime/runtime.c.obj
                0x0000000010004884                _sbrk
 .text.exit     0x00000000100048b8        0x4 CMakeFiles/pico_double_test.dir/__/__/src/rp2_common/pico_runtime/runtime.c.obj
                0x00000000100048b8                exit
 .text.panic    0x00000000100048bc       0x30 CMakeFiles/pico_double_test.dir/__/__/src/rp2_common/pico_runtime/runtime.c.obj
                0x00000000100048bc                panic
 .text.hard_assertion_failure
                0x00000000100048ec        0xc CMakeFiles/pico_double_test.dir/__/__/src/rp2_common/pico_runtime/runtime.c.obj
                0x00000000100048ec                hard_assertion_failure
 .text.clocks_init
                0x00000000100048f8      0x2c8 CMakeFiles/pico_double_test.dir/__/__/src/rp2_common/hardware_clocks/clocks.c.obj
                0x00000000100048f8                clocks_init
 .text.clock_get_hz
                0x0000000010004bc0        0xc CMakeFiles/pico_double_test.dir/__/__/src/rp2_common/hardware_clocks/clocks.c.obj
                0x0000000010004bc0                clock_get_hz
 .text.pll_init
                0x0000000010004bcc       0x9c CMakeFiles/pico_double_test.dir/__/__/src/rp2_common/hardware_pll/pll.c.obj
                0x0000000010004bcc                pll_init
 .text.watchdog_start_tick
                0x0000000010004c68       0x10 CMakeFiles/pico_double_test.dir/__/__/src/rp2_common/hardware_watchdog/watchdog.c.obj
                0x0000000010004c68                watchdog_start_tick
 .text.xosc_init
                0x0000000010004c78       0x28 CMakeFiles/pico_double_test.dir/__/__/src/rp2_common/hardware_xosc/xosc.c.obj
                0x0000000010004c78                xosc_init
 .text._out_null
                0x0000000010004ca0        0x4 CMakeFiles/pico_double_test.dir/__/__/src/rp2_common/pico_printf/printf.c.obj
 .text._out_fct
                0x0000000010004ca4       0x10 CMakeFiles/pico_double_test.dir/__/__/src/rp2_common/pico_printf/printf.c.obj
 .text._out_char
                0x0000000010004cb4       0x3c CMakeFiles/pico_double_test.dir/__/__/src/rp2_common/pico_printf/printf.c.obj
 .text._ntoa_format
                0x0000000010004cf0      0x214 CMakeFiles/pico_double_test.dir/__/__/src/rp2_common/pico_printf/printf.c.obj
 .text._ftoa    0x0000000010004f04      0x6c4 CMakeFiles/pico_double_test.dir/__/__/src/rp2_common/pico_printf/printf.c.obj
 .text._etoa.part.1
                0x00000000100055c8      0x3e0 CMakeFiles/pico_double_test.dir/__/__/src/rp2_common/pico_printf/printf.c.obj
 .text._vsnprintf
                0x00000000100059a8      0xb30 CMakeFiles/pico_double_test.dir/__/__/src/rp2_common/pico_printf/printf.c.obj
 .text.vfctprintf
                0x00000000100064d8       0x20 CMakeFiles/pico_double_test.dir/__/__/src/rp2_common/pico_printf/printf.c.obj
                0x00000000100064d8                vfctprintf
 .text.weak_raw_vprintf
                0x00000000100064f8       0x30 CMakeFiles/pico_double_test.dir/__/__/src/rp2_common/pico_printf/printf.c.obj
                0x00000000100064f8                weak_raw_vprintf
 .text          0x0000000010006528       0x10 CMakeFiles/pico_double_test.dir/__/__/src/rp2_common/pico_bit_ops/bit_ops_aeabi.S.obj
 .text.clzsi    0x0000000010006538        0xc CMakeFiles/pico_double_test.dir/__/__/src/rp2_common/pico_bit_ops/bit_ops_aeabi.S.obj
                0x0000000010006538                __wrap___clz
                0x0000000010006538                __wrap___clzsi2
                0x0000000010006538                __wrap___clzl
 .text.__wrap___aeabi_idiv
                0x0000000010006544       0x50 CMakeFiles/pico_double_test.dir/__/__/src/rp2_common/pico_divider/divider.S.obj
                0x0000000010006544                __wrap___aeabi_idivmod
                0x0000000010006544                divmod_s32s32
                0x0000000010006544                div_s32s32
                0x0000000010006544                __wrap___aeabi_idiv
                0x000000001000654c                divmod_s32s32_unsafe
                0x0000000010006578                divmod_s32s32_savestate
 .text.__wrap___aeabi_uidiv
                0x0000000010006594       0x4c CMakeFiles/pico_double_test.dir/__/__/src/rp2_common/pico_divider/divider.S.obj
                0x0000000010006594                __wrap___aeabi_uidiv
                0x0000000010006594                __wrap___aeabi_uidivmod
                0x0000000010006594                div_u32u32
                0x0000000010006594                divmod_u32u32
                0x000000001000659c                divmod_u32u32_unsafe
                0x00000000100065c4                divmod_u32u32_savestate
 .text.__wrap___aeabi_ldiv
                0x00000000100065e0      0x434 CMakeFiles/pico_double_test.dir/__/__/src/rp2_common/pico_divider/divider.S.obj
                0x00000000100065e0                div_s64s64
                0x00000000100065e0                divmod_s64s64
                0x00000000100065e0                __wrap___aeabi_ldivmod
                0x0000000010006618                div_u64u64
                0x0000000010006618                divmod_u64u64
                0x0000000010006618                __wrap___aeabi_uldivmod
                0x0000000010006628                divmod_u64u64_savestate
                0x0000000010006650                divmod_s64s64_unsafe
                0x00000000100066d8                divmod_u64u64_unsafe
 .text.__aeabi_lmul
                0x0000000010006a14       0x32 CMakeFiles/pico_double_test.dir/__/__/src/rp2_common/pico_int64_ops/pico_int64_ops_aeabi.S.obj
                0x0000000010006a14                __wrap___aeabi_lmul
 *fill*         0x0000000010006a46        0x2 
 .text.__aeabi_float_init
                0x0000000010006a48       0x68 CMakeFiles/pico_double_test.dir/__/__/src/rp2_common/pico_float/float_init_rom.c.obj
                0x0000000010006a48                __aeabi_float_init
 .text.float_table_shim_on_use_helper
                0x0000000010006ab0       0x2c CMakeFiles/pico_double_test.dir/__/__/src/rp2_common/pico_float/float_v1_rom_shim.S.obj
                0x0000000010006ab0                float_table_shim_on_use_helper
 .text          0x0000000010006adc       0x10 CMakeFiles/pico_double_test.dir/__/__/src/rp2_common/pico_mem_ops/mem_ops_aeabi.S.obj
                0x0000000010006adc                __aeabi_mem_init
 .text.memset   0x0000000010006aec        0xc CMakeFiles/pico_double_test.dir/__/__/src/rp2_common/pico_mem_ops/mem_ops_aeabi.S.obj
                0x0000000010006aec                __wrap_memset
 .text.memcpy   0x0000000010006af8        0xc CMakeFiles/pico_double_test.dir/__/__/src/rp2_common/pico_mem_ops/mem_ops_aeabi.S.obj
                0x0000000010006af8                __wrap___aeabi_memcpy
                0x0000000010006af8                __wrap_memcpy
 .text.stdio_out_chars_crlf
                0x0000000010006b04       0xbc CMakeFiles/pico_double_test.dir/__/__/src/rp2_common/pico_stdio/stdio.c.obj
 .text.stdio_buffered_printer
                0x0000000010006bc0       0x64 CMakeFiles/pico_double_test.dir/__/__/src/rp2_common/pico_stdio/stdio.c.obj
 .text.__wrap_puts
                0x0000000010006c24       0xdc CMakeFiles/pico_double_test.dir/__/__/src/rp2_common/pico_stdio/stdio.c.obj
                0x0000000010006c24                __wrap_puts
 .text._read    0x0000000010006d00       0x90 CMakeFiles/pico_double_test.dir/__/__/src/rp2_common/pico_stdio/stdio.c.obj
                0x0000000010006d00                _read
 .text._write   0x0000000010006d90       0xac CMakeFiles/pico_double_test.dir/__/__/src/rp2_common/pico_stdio/stdio.c.obj
                0x0000000010006d90                _write
 .text.stdio_set_driver_enabled
                0x0000000010006e3c       0x30 CMakeFiles/pico_double_test.dir/__/__/src/rp2_common/pico_stdio/stdio.c.obj
                0x0000000010006e3c                stdio_set_driver_enabled
 .text.__wrap_vprintf
                0x0000000010006e6c       0xd0 CMakeFiles/pico_double_test.dir/__/__/src/rp2_common/pico_stdio/stdio.c.obj
                0x0000000010006e6c                __wrap_vprintf
 .text.__wrap_printf
                0x0000000010006f3c       0x18 CMakeFiles/pico_double_test.dir/__/__/src/rp2_common/pico_stdio/stdio.c.obj
                0x0000000010006f3c                __wrap_printf
 .text.stdio_uart_out_chars
                0x0000000010006f54       0x4c CMakeFiles/pico_double_test.dir/__/__/src/rp2_common/pico_stdio_uart/stdio_uart.c.obj
 .text.stdio_uart_in_chars
                0x0000000010006fa0       0x3c CMakeFiles/pico_double_test.dir/__/__/src/rp2_common/pico_stdio_uart/stdio_uart.c.obj
                0x0000000010006fa0                stdio_uart_in_chars
 .text.stdio_uart_init
                0x0000000010006fdc       0x48 CMakeFiles/pico_double_test.dir/__/__/src/rp2_common/pico_stdio_uart/stdio_uart.c.obj
                0x0000000010006fdc                stdio_uart_init
 .text          0x0000000010007024        0xc /usr/lib/gcc/arm-none-eabi/6.3.1/../../../arm-none-eabi/lib/thumb/v6-m/libc.a(lib_a-errno.o)
                0x0000000010007024                __errno
 .text          0x0000000010007030      0x558 /usr/lib/gcc/arm-none-eabi/6.3.1/../../../arm-none-eabi/lib/thumb/v6-m/libc.a(lib_a-mallocr.o)
                0x0000000010007030                _malloc_r
 .text          0x0000000010007588        0x8 /usr/lib/gcc/arm-none-eabi/6.3.1/../../../arm-none-eabi/lib/thumb/v6-m/libc.a(lib_a-mlock.o)
                0x0000000010007588                __malloc_lock
                0x000000001000758c                __malloc_unlock
 .text          0x0000000010007590       0x24 /usr/lib/gcc/arm-none-eabi/6.3.1/../../../arm-none-eabi/lib/thumb/v6-m/libc.a(lib_a-sbrkr.o)
                0x0000000010007590                _sbrk_r
 .text          0x00000000100075b4       0x64 /usr/lib/gcc/arm-none-eabi/6.3.1/../../../arm-none-eabi/lib/thumb/v6-m/libc.a(lib_a-strlen-stub.o)
                0x00000000100075b4                strlen
 .text          0x0000000010007618       0xd4 /usr/lib/gcc/arm-none-eabi/6.3.1/../../../arm-none-eabi/lib/thumb/v6-m/libc.a(lib_a-wbuf.o)
                0x0000000010007618                __swbuf_r
                0x00000000100076d4                __swbuf
 .text          0x00000000100076ec       0xd4 /usr/lib/gcc/arm-none-eabi/6.3.1/../../../arm-none-eabi/lib/thumb/v6-m/libc.a(lib_a-wsetup.o)
                0x00000000100076ec                __swsetup_r
 .text          0x00000000100077c0      0x1a4 /usr/lib/gcc/arm-none-eabi/6.3.1/../../../arm-none-eabi/lib/thumb/v6-m/libc.a(lib_a-fflush.o)
                0x00000000100077c0                __sflush_r
                0x0000000010007910                _fflush_r
                0x000000001000793c                fflush
 .text          0x0000000010007964      0x22c /usr/lib/gcc/arm-none-eabi/6.3.1/../../../arm-none-eabi/lib/thumb/v6-m/libc.a(lib_a-findfp.o)
                0x0000000010007968                _cleanup_r
                0x0000000010007a6c                __sfmoreglue
                0x0000000010007a9c                __sfp
                0x0000000010007b28                _cleanup
                0x0000000010007b40                __sinit
                0x0000000010007b50                __sfp_lock_acquire
                0x0000000010007b54                __sfp_lock_release
                0x0000000010007b58                __sinit_lock_acquire
                0x0000000010007b5c                __sinit_lock_release
                0x0000000010007b60                __fp_lock_all
                0x0000000010007b78                __fp_unlock_all
 .text          0x0000000010007b90      0x25c /usr/lib/gcc/arm-none-eabi/6.3.1/../../../arm-none-eabi/lib/thumb/v6-m/libc.a(lib_a-freer.o)
                0x0000000010007b90                _malloc_trim_r
                0x0000000010007c30                _free_r
 .text          0x0000000010007dec       0x90 /usr/lib/gcc/arm-none-eabi/6.3.1/../../../arm-none-eabi/lib/thumb/v6-m/libc.a(lib_a-fwalk.o)
                0x0000000010007dec                _fwalk
                0x0000000010007e30                _fwalk_reent
 .text          0x0000000010007e7c       0xe8 /usr/lib/gcc/arm-none-eabi/6.3.1/../../../arm-none-eabi/lib/thumb/v6-m/libc.a(lib_a-makebuf.o)
                0x0000000010007e7c                __swhatbuf_r
                0x0000000010007edc                __smakebuf_r
 .text          0x0000000010007f64       0xa0 /usr/lib/gcc/arm-none-eabi/6.3.1/../../../arm-none-eabi/lib/thumb/v6-m/libc.a(lib_a-stdio.o)
                0x0000000010007f64                __sread
                0x0000000010007f8c                __seofread
                0x0000000010007f90                __swrite
                0x0000000010007fcc                __sseek
                0x0000000010007ff8                __sclose
 .text          0x0000000010008004       0x28 /usr/lib/gcc/arm-none-eabi/6.3.1/../../../arm-none-eabi/lib/thumb/v6-m/libc.a(lib_a-writer.o)
                0x0000000010008004                _write_r
 .text          0x000000001000802c       0x24 /usr/lib/gcc/arm-none-eabi/6.3.1/../../../arm-none-eabi/lib/thumb/v6-m/libc.a(lib_a-closer.o)
                0x000000001000802c                _close_r
 .text          0x0000000010008050       0xa0 /usr/lib/gcc/arm-none-eabi/6.3.1/../../../arm-none-eabi/lib/thumb/v6-m/libc.a(lib_a-fclose.o)
                0x0000000010008050                _fclose_r
                0x00000000100080dc                fclose
 .text          0x00000000100080f0       0x28 /usr/lib/gcc/arm-none-eabi/6.3.1/../../../arm-none-eabi/lib/thumb/v6-m/libc.a(lib_a-fstatr.o)
                0x00000000100080f0                _fstat_r
 .text          0x0000000010008118       0x24 /usr/lib/gcc/arm-none-eabi/6.3.1/../../../arm-none-eabi/lib/thumb/v6-m/libc.a(lib_a-isattyr.o)
                0x0000000010008118                _isatty_r
 .text          0x000000001000813c       0x28 /usr/lib/gcc/arm-none-eabi/6.3.1/../../../arm-none-eabi/lib/thumb/v6-m/libc.a(lib_a-lseekr.o)
                0x000000001000813c                _lseek_r
 .text          0x0000000010008164       0x28 /usr/lib/gcc/arm-none-eabi/6.3.1/../../../arm-none-eabi/lib/thumb/v6-m/libc.a(lib_a-readr.o)
                0x0000000010008164                _read_r
 .text          0x000000001000818c       0x10 /usr/lib/gcc/arm-none-eabi/6.3.1/../../../arm-none-eabi/lib/thumb/v6-m/libnosys.a(close.o)
                0x000000001000818c                _close
 .text          0x000000001000819c       0x10 /usr/lib/gcc/arm-none-eabi/6.3.1/../../../arm-none-eabi/lib/thumb/v6-m/libnosys.a(fstat.o)
                0x000000001000819c                _fstat
 .text          0x00000000100081ac       0x10 /usr/lib/gcc/arm-none-eabi/6.3.1/../../../arm-none-eabi/lib/thumb/v6-m/libnosys.a(isatty.o)
                0x00000000100081ac                _isatty
 .text          0x00000000100081bc       0x10 /usr/lib/gcc/arm-none-eabi/6.3.1/../../../arm-none-eabi/lib/thumb/v6-m/libnosys.a(lseek.o)
                0x00000000100081bc                _lseek
 *(.fini)
 .fini          0x00000000100081cc        0x4 /usr/lib/gcc/arm-none-eabi/6.3.1/thumb/v6-m/crti.o
                0x00000000100081cc                _fini
 .fini.__stub   0x00000000100081d0      0x170 linker stubs
 *crtbegin.o(.ctors)
 *crtbegin?.o(.ctors)
 *(EXCLUDE_FILE(*crtend.o *crtend?.o) .ctors)
 *(SORT(.ctors.*))
 *(.ctors)
 *crtbegin.o(.dtors)
 *crtbegin?.o(.dtors)
 *(EXCLUDE_FILE(*crtend.o *crtend?.o) .dtors)
 *(SORT(.dtors.*))
 *(.dtors)
 *(.eh_frame*)
 .eh_frame      0x0000000010008340        0x0 /usr/lib/gcc/arm-none-eabi/6.3.1/thumb/v6-m/crtbegin.o
                0x0000000010008340                . = ALIGN (0x4)

.glue_7         0x0000000010008340        0x0
 .glue_7        0x0000000010008340        0x0 linker stubs

.glue_7t        0x0000000010008340        0x0
 .glue_7t       0x0000000010008340        0x0 linker stubs

.vfp11_veneer   0x0000000010008340        0x0
 .vfp11_veneer  0x0000000010008340        0x0 linker stubs

.v4_bx          0x0000000010008340        0x0
 .v4_bx         0x0000000010008340        0x0 linker stubs

.iplt           0x0000000010008340        0x0
 .iplt          0x0000000010008340        0x0 /usr/lib/gcc/arm-none-eabi/6.3.1/thumb/v6-m/crtbegin.o

.rodata         0x0000000010008340      0x6f8
 *(EXCLUDE_FILE(*libm.a: *libc.a:*lib_a-mem*.o *libgcc.a:) .rodata*)
 .rodata.check_dcmpun.str1.4
                0x0000000010008340       0x3c CMakeFiles/pico_double_test.dir/pico_double_test.c.obj
 .rodata.main.str1.4
                0x000000001000837c      0x19b CMakeFiles/pico_double_test.dir/pico_double_test.c.obj
                                        0x19f (size before relaxing)
 *fill*         0x0000000010008517        0x1 
 .rodata.test__aeabi_cdcmpeq.str1.4
                0x0000000010008518       0x3d CMakeFiles/pico_double_test.dir/pico_double_test.c.obj
 *fill*         0x0000000010008555        0x3 
 .rodata.test__aeabi_cdcmple.str1.4
                0x0000000010008558       0xe2 CMakeFiles/pico_double_test.dir/pico_double_test.c.obj
 *fill*         0x000000001000863a        0x2 
 .rodata.test_dcmple_gt.str1.4
                0x000000001000863c       0x58 CMakeFiles/pico_double_test.dir/pico_double_test.c.obj
 .rodata.test_dcmplt_ge.str1.4
                0x0000000010008694       0x58 CMakeFiles/pico_double_test.dir/pico_double_test.c.obj
 *fill*         0x00000000100086ec        0x4 
 .rodata.at_the_end_of_time
                0x00000000100086f0        0x8 CMakeFiles/pico_double_test.dir/__/__/src/common/pico_time/time.c.obj
                0x00000000100086f0                at_the_end_of_time
 .rodata.hardware_alarm_claim.str1.4
                0x00000000100086f8       0x22 CMakeFiles/pico_double_test.dir/__/__/src/rp2_common/hardware_timer/timer.c.obj
 *fill*         0x000000001000871a        0x2 
 .rodata.hard_assertion_failure.str1.4
                0x000000001000871c        0xc CMakeFiles/pico_double_test.dir/__/__/src/rp2_common/pico_runtime/runtime.c.obj
 .rodata.panic.str1.4
                0x0000000010008728       0x10 CMakeFiles/pico_double_test.dir/__/__/src/rp2_common/pico_runtime/runtime.c.obj
                                         0x12 (size before relaxing)
 .rodata._vsnprintf
                0x0000000010008738      0x1e0 CMakeFiles/pico_double_test.dir/__/__/src/rp2_common/pico_printf/printf.c.obj
 .rodata._ftoa.str1.4
                0x0000000010008918       0x15 CMakeFiles/pico_double_test.dir/__/__/src/rp2_common/pico_printf/printf.c.obj
 *fill*         0x000000001000892d        0x3 
 .rodata.pow10.5365
                0x0000000010008930       0x50 CMakeFiles/pico_double_test.dir/__/__/src/rp2_common/pico_printf/printf.c.obj
 .rodata.__bi_44
                0x0000000010008980        0xc CMakeFiles/pico_double_test.dir/__/__/src/rp2_common/pico_standard_link/binary_info.c.obj
 .rodata.__bi_75
                0x000000001000898c        0xc CMakeFiles/pico_double_test.dir/__/__/src/rp2_common/pico_standard_link/binary_info.c.obj
 .rodata.__bi_81
                0x0000000010008998        0xc CMakeFiles/pico_double_test.dir/__/__/src/rp2_common/pico_standard_link/binary_info.c.obj
 .rodata.str1.4
                0x00000000100089a4       0x48 CMakeFiles/pico_double_test.dir/__/__/src/rp2_common/pico_standard_link/binary_info.c.obj
 .rodata.crlf_str.5945
                0x00000000100089ec        0x2 CMakeFiles/pico_double_test.dir/__/__/src/rp2_common/pico_stdio/stdio.c.obj
 *fill*         0x00000000100089ee        0x2 
 .rodata.__bi_28.4831
                0x00000000100089f0        0xc CMakeFiles/pico_double_test.dir/__/__/src/rp2_common/pico_stdio_uart/stdio_uart.c.obj
 .rodata.__bi_29.4835
                0x00000000100089fc        0x8 CMakeFiles/pico_double_test.dir/__/__/src/rp2_common/pico_stdio_uart/stdio_uart.c.obj
 .rodata.str1.4
                0x0000000010008a04       0x2c CMakeFiles/pico_double_test.dir/__/__/src/rp2_common/pico_stdio_uart/stdio_uart.c.obj
 .rodata        0x0000000010008a30        0x4 /usr/lib/gcc/arm-none-eabi/6.3.1/../../../arm-none-eabi/lib/thumb/v6-m/libc.a(lib_a-impure.o)
                0x0000000010008a30                _global_impure_ptr
 .rodata.str1.4
                0x0000000010008a34        0x4 /usr/lib/gcc/arm-none-eabi/6.3.1/../../../arm-none-eabi/lib/thumb/v6-m/libc.a(lib_a-impure.o)
                                          0x2 (size before relaxing)
                0x0000000010008a38                . = ALIGN (0x4)
 *(SORT(.flashdata*))
                0x0000000010008a38                . = ALIGN (0x4)

.rel.dyn        0x0000000010008a38        0x0
 .rel.iplt      0x0000000010008a38        0x0 /usr/lib/gcc/arm-none-eabi/6.3.1/thumb/v6-m/crtbegin.o

.ARM.extab
 *(.ARM.extab* .gnu.linkonce.armextab.*)
                0x0000000010008a38                __exidx_start = .

.ARM.exidx
 *(.ARM.exidx* .gnu.linkonce.armexidx.*)
                0x0000000010008a38                __exidx_end = .
                0x0000000010008a38                . = ALIGN (0x4)
                0x0000000010008a38                __binary_info_start = .

.binary_info    0x0000000010008a38       0x24
 *(.binary_info.keep.*)
 .binary_info.keep.__bi_ptr22
                0x0000000010008a38        0x4 CMakeFiles/pico_double_test.dir/__/__/src/rp2_common/pico_standard_link/binary_info.c.obj
 .binary_info.keep.__bi_ptr30
                0x0000000010008a3c        0x4 CMakeFiles/pico_double_test.dir/__/__/src/rp2_common/pico_standard_link/binary_info.c.obj
 .binary_info.keep.__bi_ptr38
                0x0000000010008a40        0x4 CMakeFiles/pico_double_test.dir/__/__/src/rp2_common/pico_standard_link/binary_info.c.obj
 .binary_info.keep.__bi_ptr44
                0x0000000010008a44        0x4 CMakeFiles/pico_double_test.dir/__/__/src/rp2_common/pico_standard_link/binary_info.c.obj
 .binary_info.keep.__bi_ptr50
                0x0000000010008a48        0x4 CMakeFiles/pico_double_test.dir/__/__/src/rp2_common/pico_standard_link/binary_info.c.obj
 .binary_info.keep.__bi_ptr75
                0x0000000010008a4c        0x4 CMakeFiles/pico_double_test.dir/__/__/src/rp2_common/pico_standard_link/binary_info.c.obj
 .binary_info.keep.__bi_ptr81
                0x0000000010008a50        0x4 CMakeFiles/pico_double_test.dir/__/__/src/rp2_common/pico_standard_link/binary_info.c.obj
 *(.binary_info.*)
 .binary_info.__bi_ptr28
                0x0000000010008a54        0x4 CMakeFiles/pico_double_test.dir/__/__/src/rp2_common/pico_stdio_uart/stdio_uart.c.obj
 .binary_info.__bi_ptr29
                0x0000000010008a58        0x4 CMakeFiles/pico_double_test.dir/__/__/src/rp2_common/pico_stdio_uart/stdio_uart.c.obj
                0x0000000010008a5c                __binary_info_end = .
                0x0000000010008a5c                . = ALIGN (0x4)
                0x0000000010008a5c                __etext = .

.ram_vector_table
                0x0000000020000000       0xc0
 *(.ram_vector_table)
 .ram_vector_table
                0x0000000020000000       0xc0 CMakeFiles/pico_double_test.dir/__/__/src/rp2_common/pico_runtime/runtime.c.obj
                0x0000000020000000                ram_vector_table

.data           0x00000000200000c0     0x5214 load address 0x0000000010008a5c
                0x00000000200000c0                __data_start__ = .
 *(vtable)
 *(.time_critical*)
 .time_critical.mutex_enter_blocking
                0x00000000200000c0       0x48 CMakeFiles/pico_double_test.dir/__/__/src/common/pico_sync/mutex.c.obj
                0x00000000200000c0                mutex_enter_blocking
 .time_critical.mutex_try_enter
                0x0000000020000108       0x48 CMakeFiles/pico_double_test.dir/__/__/src/common/pico_sync/mutex.c.obj
                0x0000000020000108                mutex_try_enter
 .time_critical.mutex_exit
                0x0000000020000150       0x28 CMakeFiles/pico_double_test.dir/__/__/src/common/pico_sync/mutex.c.obj
                0x0000000020000150                mutex_exit
 *(.text*)
 .text          0x0000000020000178       0x8c /usr/lib/gcc/arm-none-eabi/6.3.1/../../../arm-none-eabi/lib/thumb/v6-m/libm.a(lib_a-s_cos.o)
                0x0000000020000178                cos
 .text          0x0000000020000204       0x58 /usr/lib/gcc/arm-none-eabi/6.3.1/../../../arm-none-eabi/lib/thumb/v6-m/libm.a(lib_a-s_ldexp.o)
                0x0000000020000204                ldexp
 .text          0x000000002000025c       0xd0 /usr/lib/gcc/arm-none-eabi/6.3.1/../../../arm-none-eabi/lib/thumb/v6-m/libm.a(lib_a-s_scalbn.o)
                0x000000002000025c                scalbn
 .text          0x000000002000032c       0x90 /usr/lib/gcc/arm-none-eabi/6.3.1/../../../arm-none-eabi/lib/thumb/v6-m/libm.a(lib_a-s_sin.o)
                0x000000002000032c                sin
 .text          0x00000000200003bc       0x5c /usr/lib/gcc/arm-none-eabi/6.3.1/../../../arm-none-eabi/lib/thumb/v6-m/libm.a(lib_a-s_tan.o)
                0x00000000200003bc                tan
 .text          0x0000000020000418       0x5c /usr/lib/gcc/arm-none-eabi/6.3.1/../../../arm-none-eabi/lib/thumb/v6-m/libm.a(lib_a-s_trunc.o)
                0x0000000020000418                trunc
 .text          0x0000000020000474        0x8 /usr/lib/gcc/arm-none-eabi/6.3.1/../../../arm-none-eabi/lib/thumb/v6-m/libm.a(lib_a-w_atan2.o)
                0x0000000020000474                atan2
 .text          0x000000002000047c      0x104 /usr/lib/gcc/arm-none-eabi/6.3.1/../../../arm-none-eabi/lib/thumb/v6-m/libm.a(lib_a-w_exp.o)
                0x000000002000047c                exp
 .text          0x0000000020000580       0xd8 /usr/lib/gcc/arm-none-eabi/6.3.1/../../../arm-none-eabi/lib/thumb/v6-m/libm.a(lib_a-w_fmod.o)
                0x0000000020000580                fmod
 .text          0x0000000020000658      0x110 /usr/lib/gcc/arm-none-eabi/6.3.1/../../../arm-none-eabi/lib/thumb/v6-m/libm.a(lib_a-w_log.o)
                0x0000000020000658                log
 .text          0x0000000020000768      0x358 /usr/lib/gcc/arm-none-eabi/6.3.1/../../../arm-none-eabi/lib/thumb/v6-m/libm.a(lib_a-w_pow.o)
                0x0000000020000768                pow
 .text          0x0000000020000ac0       0xc0 /usr/lib/gcc/arm-none-eabi/6.3.1/../../../arm-none-eabi/lib/thumb/v6-m/libm.a(lib_a-w_sqrt.o)
                0x0000000020000ac0                sqrt
 .text          0x0000000020000b80      0x178 /usr/lib/gcc/arm-none-eabi/6.3.1/../../../arm-none-eabi/lib/thumb/v6-m/libm.a(lib_a-e_atan2.o)
                0x0000000020000b80                __ieee754_atan2
 .text          0x0000000020000cf8      0x2d8 /usr/lib/gcc/arm-none-eabi/6.3.1/../../../arm-none-eabi/lib/thumb/v6-m/libm.a(lib_a-e_exp.o)
                0x0000000020000cf8                __ieee754_exp
 .text          0x0000000020000fd0      0x294 /usr/lib/gcc/arm-none-eabi/6.3.1/../../../arm-none-eabi/lib/thumb/v6-m/libm.a(lib_a-e_fmod.o)
                0x0000000020000fd0                __ieee754_fmod
 .text          0x0000000020001264      0x404 /usr/lib/gcc/arm-none-eabi/6.3.1/../../../arm-none-eabi/lib/thumb/v6-m/libm.a(lib_a-e_log.o)
                0x0000000020001264                __ieee754_log
 .text          0x0000000020001668      0xa6c /usr/lib/gcc/arm-none-eabi/6.3.1/../../../arm-none-eabi/lib/thumb/v6-m/libm.a(lib_a-e_pow.o)
                0x0000000020001668                __ieee754_pow
 .text          0x00000000200020d4      0x430 /usr/lib/gcc/arm-none-eabi/6.3.1/../../../arm-none-eabi/lib/thumb/v6-m/libm.a(lib_a-e_rem_pio2.o)
                0x00000000200020d4                __ieee754_rem_pio2
 .text          0x0000000020002504      0x1c0 /usr/lib/gcc/arm-none-eabi/6.3.1/../../../arm-none-eabi/lib/thumb/v6-m/libm.a(lib_a-e_sqrt.o)
                0x0000000020002504                __ieee754_sqrt
 .text          0x00000000200026c4      0x234 /usr/lib/gcc/arm-none-eabi/6.3.1/../../../arm-none-eabi/lib/thumb/v6-m/libm.a(lib_a-k_cos.o)
                0x00000000200026c4                __kernel_cos
 .text          0x00000000200028f8      0x8fc /usr/lib/gcc/arm-none-eabi/6.3.1/../../../arm-none-eabi/lib/thumb/v6-m/libm.a(lib_a-k_rem_pio2.o)
                0x00000000200028f8                __kernel_rem_pio2
 .text          0x00000000200031f4      0x160 /usr/lib/gcc/arm-none-eabi/6.3.1/../../../arm-none-eabi/lib/thumb/v6-m/libm.a(lib_a-k_sin.o)
                0x00000000200031f4                __kernel_sin
 .text          0x0000000020003354      0x3a0 /usr/lib/gcc/arm-none-eabi/6.3.1/../../../arm-none-eabi/lib/thumb/v6-m/libm.a(lib_a-k_tan.o)
                0x0000000020003354                __kernel_tan
 .text          0x00000000200036f4        0x8 /usr/lib/gcc/arm-none-eabi/6.3.1/../../../arm-none-eabi/lib/thumb/v6-m/libm.a(lib_a-s_fabs.o)
                0x00000000200036f4                fabs
 .text          0x00000000200036fc       0x14 /usr/lib/gcc/arm-none-eabi/6.3.1/../../../arm-none-eabi/lib/thumb/v6-m/libm.a(lib_a-s_finite.o)
                0x00000000200036fc                finite
 .text          0x0000000020003710        0x4 /usr/lib/gcc/arm-none-eabi/6.3.1/../../../arm-none-eabi/lib/thumb/v6-m/libm.a(lib_a-s_matherr.o)
                0x0000000020003710                matherr
 .text          0x0000000020003714        0xc /usr/lib/gcc/arm-none-eabi/6.3.1/../../../arm-none-eabi/lib/thumb/v6-m/libm.a(lib_a-s_nan.o)
                0x0000000020003714                nan
 .text          0x0000000020003720      0x144 /usr/lib/gcc/arm-none-eabi/6.3.1/../../../arm-none-eabi/lib/thumb/v6-m/libm.a(lib_a-s_rint.o)
                0x0000000020003720                rint
 .text          0x0000000020003864        0x4 /usr/lib/gcc/arm-none-eabi/6.3.1/thumb/v6-m/libgcc.a(_dvmd_tls.o)
                0x0000000020003864                __aeabi_ldiv0
                0x0000000020003864                __aeabi_idiv0
 .text          0x0000000020003868       0x34 /usr/lib/gcc/arm-none-eabi/6.3.1/thumb/v6-m/libgcc.a(_fixdfdi.o)
                0x0000000020003868                __aeabi_d2lz
                0x0000000020003868                __fixdfdi
 .text          0x000000002000389c       0x2c /usr/lib/gcc/arm-none-eabi/6.3.1/thumb/v6-m/libgcc.a(_floatdidf.o)
                0x000000002000389c                __floatdidf
                0x000000002000389c                __aeabi_l2d
 .text          0x00000000200038c8      0x668 /usr/lib/gcc/arm-none-eabi/6.3.1/thumb/v6-m/libgcc.a(divdf3.o)
                0x00000000200038c8                __aeabi_ddiv
 .text          0x0000000020003f30      0x500 /usr/lib/gcc/arm-none-eabi/6.3.1/thumb/v6-m/libgcc.a(muldf3.o)
                0x0000000020003f30                __aeabi_dmul
 .text          0x0000000020004430       0x68 /usr/lib/gcc/arm-none-eabi/6.3.1/thumb/v6-m/libgcc.a(fixdfsi.o)
                0x0000000020004430                __aeabi_d2iz
 .text          0x0000000020004498       0x84 /usr/lib/gcc/arm-none-eabi/6.3.1/thumb/v6-m/libgcc.a(floatsidf.o)
                0x0000000020004498                __aeabi_i2d
 .text          0x000000002000451c       0x70 /usr/lib/gcc/arm-none-eabi/6.3.1/thumb/v6-m/libgcc.a(floatunsidf.o)
                0x000000002000451c                __aeabi_ui2d
 *fill*         0x000000002000458c        0x4 
 .text.__stub   0x0000000020004590      0x160 linker stubs
                0x00000000200046f0                . = ALIGN (0x4)
 *(.rodata*)
 .rodata.str1.4
                0x00000000200046f0        0x4 /usr/lib/gcc/arm-none-eabi/6.3.1/../../../arm-none-eabi/lib/thumb/v6-m/libm.a(lib_a-w_exp.o)
 .rodata.str1.4
                0x00000000200046f4        0x5 /usr/lib/gcc/arm-none-eabi/6.3.1/../../../arm-none-eabi/lib/thumb/v6-m/libm.a(lib_a-w_fmod.o)
 *fill*         0x00000000200046f9        0x3 
 .rodata.str1.4
                0x00000000200046fc        0x4 /usr/lib/gcc/arm-none-eabi/6.3.1/../../../arm-none-eabi/lib/thumb/v6-m/libm.a(lib_a-w_log.o)
                                          0x5 (size before relaxing)
 .rodata.str1.4
                0x0000000020004700        0x4 /usr/lib/gcc/arm-none-eabi/6.3.1/../../../arm-none-eabi/lib/thumb/v6-m/libm.a(lib_a-w_pow.o)
 .rodata.str1.4
                0x0000000020004704        0x8 /usr/lib/gcc/arm-none-eabi/6.3.1/../../../arm-none-eabi/lib/thumb/v6-m/libm.a(lib_a-w_sqrt.o)
                                          0x5 (size before relaxing)
 *fill*         0x000000002000470c        0x4 
 .rodata        0x0000000020004710       0x30 /usr/lib/gcc/arm-none-eabi/6.3.1/../../../arm-none-eabi/lib/thumb/v6-m/libm.a(lib_a-e_exp.o)
 .rodata        0x0000000020004740       0x10 /usr/lib/gcc/arm-none-eabi/6.3.1/../../../arm-none-eabi/lib/thumb/v6-m/libm.a(lib_a-e_fmod.o)
 .rodata.str1.4
                0x0000000020004750        0x1 /usr/lib/gcc/arm-none-eabi/6.3.1/../../../arm-none-eabi/lib/thumb/v6-m/libm.a(lib_a-e_pow.o)
 .rodata        0x0000000020004750      0x188 /usr/lib/gcc/arm-none-eabi/6.3.1/../../../arm-none-eabi/lib/thumb/v6-m/libm.a(lib_a-e_rem_pio2.o)
 .rodata        0x00000000200048d8       0x50 /usr/lib/gcc/arm-none-eabi/6.3.1/../../../arm-none-eabi/lib/thumb/v6-m/libm.a(lib_a-k_rem_pio2.o)
 .rodata        0x0000000020004928       0x10 /usr/lib/gcc/arm-none-eabi/6.3.1/../../../arm-none-eabi/lib/thumb/v6-m/libm.a(lib_a-s_rint.o)
 .rodata        0x0000000020004938       0x40 /usr/lib/gcc/arm-none-eabi/6.3.1/thumb/v6-m/libgcc.a(divdf3.o)
 .rodata        0x0000000020004978       0x40 /usr/lib/gcc/arm-none-eabi/6.3.1/thumb/v6-m/libgcc.a(muldf3.o)
                0x00000000200049b8                . = ALIGN (0x4)
 *(.data*)
 .data.aa       0x00000000200049b8        0x8 CMakeFiles/pico_double_test.dir/pico_double_test.c.obj
                0x00000000200049b8                aa
 .data.bb       0x00000000200049c0        0x8 CMakeFiles/pico_double_test.dir/pico_double_test.c.obj
                0x00000000200049c0                bb
 .data.striped_spin_lock_num
                0x00000000200049c8        0x1 CMakeFiles/pico_double_test.dir/__/__/src/rp2_common/hardware_sync/sync.c.obj
 *fill*         0x00000000200049c9        0x3 
 .data          0x00000000200049cc       0x48 CMakeFiles/pico_double_test.dir/__/__/src/rp2_common/hardware_irq/irq_handler_chain.S.obj
                0x00000000200049cc                irq_handler_chain_slots
                0x00000000200049fc                irq_handler_chain_first_slot
                0x0000000020004a06                irq_handler_chain_remove_tail
 .data.default_alarm_pool
                0x0000000020004a14       0x18 CMakeFiles/pico_double_test.dir/__/__/src/common/pico_time/time.c.obj
 .data.default_alarm_pool_heap
                0x0000000020004a2c       0x10 CMakeFiles/pico_double_test.dir/__/__/src/common/pico_time/time.c.obj
 *fill*         0x0000000020004a3c        0x4 
 .data.aeabi_bits_funcs
                0x0000000020004a40       0x10 CMakeFiles/pico_double_test.dir/__/__/src/rp2_common/pico_bit_ops/bit_ops_aeabi.S.obj
                0x0000000020004a40                aeabi_bits_funcs
                0x0000000020004a50                aeabi_bits_funcs_end
 .data.aeabi_mem_funcs
                0x0000000020004a50       0x10 CMakeFiles/pico_double_test.dir/__/__/src/rp2_common/pico_mem_ops/mem_ops_aeabi.S.obj
                0x0000000020004a50                aeabi_mem_funcs
                0x0000000020004a60                aeabi_mem_funcs_end
 .data.stdio_uart
                0x0000000020004a60       0x14 CMakeFiles/pico_double_test.dir/__/__/src/rp2_common/pico_stdio_uart/stdio_uart.c.obj
                0x0000000020004a60                stdio_uart
 .data          0x0000000020004a74        0x1 /usr/lib/gcc/arm-none-eabi/6.3.1/../../../arm-none-eabi/lib/thumb/v6-m/libm.a(lib_a-s_lib_ver.o)
                0x0000000020004a74                __fdlib_version
 *fill*         0x0000000020004a75        0x3 
 .data          0x0000000020004a78      0x430 /usr/lib/gcc/arm-none-eabi/6.3.1/../../../arm-none-eabi/lib/thumb/v6-m/libc.a(lib_a-impure.o)
                0x0000000020004a78                _impure_ptr
 .data          0x0000000020004ea8      0x410 /usr/lib/gcc/arm-none-eabi/6.3.1/../../../arm-none-eabi/lib/thumb/v6-m/libc.a(lib_a-mallocr.o)
                0x0000000020004ea8                __malloc_av_
                0x00000000200052b0                __malloc_sbrk_base
                0x00000000200052b4                __malloc_trim_threshold
                0x00000000200052b8                . = ALIGN (0x4)
 *(.after_data.*)
                0x00000000200052b8                . = ALIGN (0x4)
                0x00000000200052b8                PROVIDE (__mutex_array_start, .)
 *(SORT(.mutex_array.*))
 *(.mutex_array)
 .mutex_array   0x00000000200052b8        0x8 CMakeFiles/pico_double_test.dir/__/__/src/rp2_common/pico_stdio/stdio.c.obj
                0x00000000200052c0                PROVIDE (__mutex_array_end, .)
                0x00000000200052c0                . = ALIGN (0x4)
                0x00000000200052c0                PROVIDE (__preinit_array_start, .)
 *(SORT(.preinit_array.*))
 .preinit_array.00001
                0x00000000200052c0        0x4 CMakeFiles/pico_double_test.dir/__/__/src/rp2_common/pico_mem_ops/mem_ops_aeabi.S.obj
 .preinit_array.00010
                0x00000000200052c4        0x4 CMakeFiles/pico_double_test.dir/__/__/src/rp2_common/pico_bit_ops/bit_ops_aeabi.S.obj
 .preinit_array.00020
                0x00000000200052c8        0x4 CMakeFiles/pico_double_test.dir/__/__/src/rp2_common/pico_double/double_aeabi.S.obj
 .preinit_array.00020
                0x00000000200052cc        0x4 CMakeFiles/pico_double_test.dir/__/__/src/rp2_common/pico_float/float_aeabi.S.obj
 *(.preinit_array)
                0x00000000200052d0                PROVIDE (__preinit_array_end, .)
                0x00000000200052d0                . = ALIGN (0x4)
                0x00000000200052d0                PROVIDE (__init_array_start, .)
 *(SORT(.init_array.*))
 *(.init_array)
 .init_array    0x00000000200052d0        0x4 /usr/lib/gcc/arm-none-eabi/6.3.1/thumb/v6-m/crtbegin.o
                0x00000000200052d4                PROVIDE (__init_array_end, .)
                0x00000000200052d4                . = ALIGN (0x4)
                0x00000000200052d4                PROVIDE (__fini_array_start, .)
 *(SORT(.fini_array.*))
 *(.fini_array)
                0x00000000200052d4                PROVIDE (__fini_array_end, .)
 *(.jcr)
 .jcr           0x00000000200052d4        0x0 /usr/lib/gcc/arm-none-eabi/6.3.1/thumb/v6-m/crtbegin.o
                0x00000000200052d4                . = ALIGN (0x4)
                0x00000000200052d4                __data_end__ = .

.tm_clone_table
                0x00000000200052d4        0x0 load address 0x000000001000dc70
 .tm_clone_table
                0x00000000200052d4        0x0 /usr/lib/gcc/arm-none-eabi/6.3.1/thumb/v6-m/crtbegin.o
 .tm_clone_table
                0x00000000200052d4        0x0 /usr/lib/gcc/arm-none-eabi/6.3.1/thumb/v6-m/crtend.o

.igot.plt       0x00000000200052d4        0x0 load address 0x000000001000dc70
 .igot.plt      0x00000000200052d4        0x0 /usr/lib/gcc/arm-none-eabi/6.3.1/thumb/v6-m/crtbegin.o

.uninitialized_data
                0x00000000200052d4        0x0 load address 0x000000001000dc70
                0x00000000200052d4                . = ALIGN (0x4)
 *(.uninitialized_data*)

.scratch_x      0x0000000020040000        0x0 load address 0x000000001000dc70
                0x0000000020040000                __scratch_x_start__ = .
 *(.scratch_x.*)
                0x0000000020040000                . = ALIGN (0x4)
                0x0000000020040000                __scratch_x_end__ = .
                0x000000001000dc70                __scratch_x_source__ = LOADADDR (.scratch_x)

.scratch_y      0x0000000020041000        0x0 load address 0x000000001000dc70
                0x0000000020041000                __scratch_y_start__ = .
 *(.scratch_y.*)
                0x0000000020041000                . = ALIGN (0x4)
                0x0000000020041000                __scratch_y_end__ = .
                0x000000001000dc70                __scratch_y_source__ = LOADADDR (.scratch_y)

.bss            0x00000000200052d8      0x410
                0x00000000200052d8                . = ALIGN (0x4)
                0x00000000200052d8                __bss_start__ = .
 *(SORT(.bss*))
 .bss.default_alarm_pool_entries
                0x00000000200052d8      0x100 CMakeFiles/pico_double_test.dir/__/__/src/common/pico_time/time.c.obj
 .bss           0x00000000200053d8       0x1c /usr/lib/gcc/arm-none-eabi/6.3.1/thumb/v6-m/crtbegin.o
 .bss           0x00000000200053f4       0x34 /usr/lib/gcc/arm-none-eabi/6.3.1/../../../arm-none-eabi/lib/thumb/v6-m/libc.a(lib_a-mallocr.o)
                0x00000000200053f4                __malloc_top_pad
                0x00000000200053f8                __malloc_current_mallinfo
                0x0000000020005420                __malloc_max_sbrked_mem
                0x0000000020005424                __malloc_max_total_mem
 .bss.alarm_callbacks
                0x0000000020005428       0x10 CMakeFiles/pico_double_test.dir/__/__/src/rp2_common/hardware_timer/timer.c.obj
 .bss.configured_freq
                0x0000000020005438       0x28 CMakeFiles/pico_double_test.dir/__/__/src/rp2_common/hardware_clocks/clocks.c.obj
 .bss.default_alarm_pool_entry_ids_high
                0x0000000020005460       0x10 CMakeFiles/pico_double_test.dir/__/__/src/common/pico_time/time.c.obj
 .bss.default_alarm_pool_heap_nodes
                0x0000000020005470       0x30 CMakeFiles/pico_double_test.dir/__/__/src/common/pico_time/time.c.obj
 .bss.drivers   0x00000000200054a0        0x4 CMakeFiles/pico_double_test.dir/__/__/src/rp2_common/pico_stdio/stdio.c.obj
 .bss.filter    0x00000000200054a4        0x4 CMakeFiles/pico_double_test.dir/__/__/src/rp2_common/pico_stdio/stdio.c.obj
 .bss.heap_end.5786
                0x00000000200054a8        0x4 CMakeFiles/pico_double_test.dir/__/__/src/rp2_common/pico_runtime/runtime.c.obj
 .bss.lazy_vsnprintf
                0x00000000200054ac        0x4 CMakeFiles/pico_double_test.dir/__/__/src/rp2_common/pico_printf/printf.c.obj
 .bss.pools     0x00000000200054b0       0x10 CMakeFiles/pico_double_test.dir/__/__/src/common/pico_time/time.c.obj
 .bss.sf_clz_func
                0x00000000200054c0        0x4 CMakeFiles/pico_double_test.dir/__/__/src/rp2_common/pico_double/double_init_rom.c.obj
                0x00000000200054c0                sf_clz_func
 .bss.sleep_notifier
                0x00000000200054c4        0x4 CMakeFiles/pico_double_test.dir/__/__/src/common/pico_time/time.c.obj
 .bss.target_hi
                0x00000000200054c8       0x10 CMakeFiles/pico_double_test.dir/__/__/src/rp2_common/hardware_timer/timer.c.obj
 .bss.uart_instance
                0x00000000200054d8        0x4 CMakeFiles/pico_double_test.dir/__/__/src/rp2_common/pico_stdio_uart/stdio_uart.c.obj
 .bss.claimed   0x00000000200054dc        0x1 CMakeFiles/pico_double_test.dir/__/__/src/rp2_common/hardware_timer/timer.c.obj
 .bss.irq_hander_chain_free_slot_head
                0x00000000200054dd        0x1 CMakeFiles/pico_double_test.dir/__/__/src/rp2_common/hardware_irq/irq.c.obj
 .bss.timer_callbacks_pending
                0x00000000200054de        0x1 CMakeFiles/pico_double_test.dir/__/__/src/rp2_common/hardware_timer/timer.c.obj
 *(COMMON)
 *fill*         0x00000000200054df        0x1 
 COMMON         0x00000000200054e0      0x100 CMakeFiles/pico_double_test.dir/__/__/src/rp2_common/pico_double/double_init_rom.c.obj
                0x00000000200054e0                sd_table
 COMMON         0x00000000200055e0        0x4 CMakeFiles/pico_double_test.dir/__/__/src/rp2_common/hardware_uart/uart.c.obj
                0x00000000200055e0                uart_char_to_line_feed
 COMMON         0x00000000200055e4      0x100 CMakeFiles/pico_double_test.dir/__/__/src/rp2_common/pico_float/float_init_rom.c.obj
                0x00000000200055e4                sf_table
 COMMON         0x00000000200056e4        0x4 /usr/lib/gcc/arm-none-eabi/6.3.1/../../../arm-none-eabi/lib/thumb/v6-m/libc.a(lib_a-reent.o)
                0x00000000200056e4                errno
                0x00000000200056e8                . = ALIGN (0x4)
                0x00000000200056e8                __bss_end__ = .

.heap           0x00000000200056e8      0x800
                0x00000000200056e8                __end__ = .
                0x00000000200056e8                end = __end__
 *(.heap*)
 .heap          0x00000000200056e8      0x800 CMakeFiles/pico_double_test.dir/__/__/src/rp2_common/pico_standard_link/crt0.S.obj
                0x0000000020005ee8                __HeapLimit = .

.stack1_dummy   0x0000000020040000        0x0
 *(.stack1*)

.stack_dummy    0x0000000020041000      0x800
 *(.stack*)
 .stack         0x0000000020041000      0x800 CMakeFiles/pico_double_test.dir/__/__/src/rp2_common/pico_standard_link/crt0.S.obj

.flash_end      0x000000001000dc70        0x0
                0x000000001000dc70                __flash_binary_end = .
                0x0000000020040000                __StackLimit = (ORIGIN (RAM) + LENGTH (RAM))
                0x0000000020041000                __StackOneTop = (ORIGIN (SCRATCH_X) + LENGTH (SCRATCH_X))
                0x0000000020042000                __StackTop = (ORIGIN (SCRATCH_Y) + LENGTH (SCRATCH_Y))
                0x0000000020041000                __StackOneBottom = (__StackOneTop - SIZEOF (.stack1_dummy))
                0x0000000020041800                __StackBottom = (__StackTop - SIZEOF (.stack_dummy))
                0x0000000020042000                PROVIDE (__stack, __StackTop)
                0x0000000000000001                ASSERT ((__StackLimit >= __HeapLimit), region RAM overflowed)
                0x0000000000000001                ASSERT (((__binary_info_header_end - __logical_binary_start) <= 0x100), Binary info must be in first 256 bytes of the binary)
LOAD CMakeFiles/pico_double_test.dir/pico_double_test.c.obj
LOAD CMakeFiles/pico_double_test.dir/llvm/call_apsr.S.obj
LOAD CMakeFiles/pico_double_test.dir/__/__/src/rp2_common/pico_double/double_aeabi.S.obj
LOAD CMakeFiles/pico_double_test.dir/__/__/src/rp2_common/pico_double/double_init_rom.c.obj
LOAD CMakeFiles/pico_double_test.dir/__/__/src/rp2_common/pico_double/double_math.c.obj
LOAD CMakeFiles/pico_double_test.dir/__/__/src/rp2_common/pico_double/double_v1_rom_shim.S.obj
LOAD CMakeFiles/pico_double_test.dir/__/__/src/rp2_common/pico_bootrom/bootrom.c.obj
LOAD CMakeFiles/pico_double_test.dir/__/__/src/rp2_common/pico_stdlib/stdlib.c.obj
LOAD CMakeFiles/pico_double_test.dir/__/__/src/rp2_common/hardware_gpio/gpio.c.obj
LOAD CMakeFiles/pico_double_test.dir/__/__/src/rp2_common/hardware_claim/claim.c.obj
LOAD CMakeFiles/pico_double_test.dir/__/__/src/rp2_common/pico_platform/platform.c.obj
LOAD CMakeFiles/pico_double_test.dir/__/__/src/rp2_common/hardware_sync/sync.c.obj
LOAD CMakeFiles/pico_double_test.dir/__/__/src/rp2_common/hardware_irq/irq.c.obj
LOAD CMakeFiles/pico_double_test.dir/__/__/src/rp2_common/hardware_irq/irq_handler_chain.S.obj
LOAD CMakeFiles/pico_double_test.dir/__/__/src/common/pico_sync/sem.c.obj
LOAD CMakeFiles/pico_double_test.dir/__/__/src/common/pico_sync/lock_core.c.obj
LOAD CMakeFiles/pico_double_test.dir/__/__/src/common/pico_time/time.c.obj
LOAD CMakeFiles/pico_double_test.dir/__/__/src/common/pico_time/timeout_helper.c.obj
LOAD CMakeFiles/pico_double_test.dir/__/__/src/rp2_common/hardware_timer/timer.c.obj
LOAD CMakeFiles/pico_double_test.dir/__/__/src/common/pico_util/datetime.c.obj
LOAD CMakeFiles/pico_double_test.dir/__/__/src/common/pico_util/pheap.c.obj
LOAD CMakeFiles/pico_double_test.dir/__/__/src/common/pico_util/queue.c.obj
LOAD CMakeFiles/pico_double_test.dir/__/__/src/common/pico_sync/mutex.c.obj
LOAD CMakeFiles/pico_double_test.dir/__/__/src/common/pico_sync/critical_section.c.obj
LOAD CMakeFiles/pico_double_test.dir/__/__/src/rp2_common/hardware_uart/uart.c.obj
LOAD CMakeFiles/pico_double_test.dir/__/__/src/rp2_common/hardware_divider/divider.S.obj
LOAD CMakeFiles/pico_double_test.dir/__/__/src/rp2_common/pico_runtime/runtime.c.obj
LOAD CMakeFiles/pico_double_test.dir/__/__/src/rp2_common/hardware_clocks/clocks.c.obj
LOAD CMakeFiles/pico_double_test.dir/__/__/src/rp2_common/hardware_pll/pll.c.obj
LOAD CMakeFiles/pico_double_test.dir/__/__/src/rp2_common/hardware_vreg/vreg.c.obj
LOAD CMakeFiles/pico_double_test.dir/__/__/src/rp2_common/hardware_watchdog/watchdog.c.obj
LOAD CMakeFiles/pico_double_test.dir/__/__/src/rp2_common/hardware_xosc/xosc.c.obj
LOAD CMakeFiles/pico_double_test.dir/__/__/src/rp2_common/pico_printf/printf.c.obj
LOAD CMakeFiles/pico_double_test.dir/__/__/src/rp2_common/pico_bit_ops/bit_ops_aeabi.S.obj
LOAD CMakeFiles/pico_double_test.dir/__/__/src/rp2_common/pico_divider/divider.S.obj
LOAD CMakeFiles/pico_double_test.dir/__/__/src/rp2_common/pico_int64_ops/pico_int64_ops_aeabi.S.obj
LOAD CMakeFiles/pico_double_test.dir/__/__/src/rp2_common/pico_float/float_aeabi.S.obj
LOAD CMakeFiles/pico_double_test.dir/__/__/src/rp2_common/pico_float/float_init_rom.c.obj
LOAD CMakeFiles/pico_double_test.dir/__/__/src/rp2_common/pico_float/float_math.c.obj
LOAD CMakeFiles/pico_double_test.dir/__/__/src/rp2_common/pico_float/float_v1_rom_shim.S.obj
LOAD CMakeFiles/pico_double_test.dir/__/__/src/rp2_common/pico_malloc/pico_malloc.c.obj
LOAD CMakeFiles/pico_double_test.dir/__/__/src/rp2_common/pico_mem_ops/mem_ops_aeabi.S.obj
LOAD CMakeFiles/pico_double_test.dir/__/__/src/rp2_common/pico_standard_link/crt0.S.obj
LOAD CMakeFiles/pico_double_test.dir/__/__/src/rp2_common/pico_standard_link/new_delete.cpp.obj
LOAD CMakeFiles/pico_double_test.dir/__/__/src/rp2_common/pico_standard_link/binary_info.c.obj
LOAD CMakeFiles/pico_double_test.dir/__/__/src/rp2_common/pico_stdio/stdio.c.obj
LOAD CMakeFiles/pico_double_test.dir/__/__/src/rp2_common/pico_stdio_uart/stdio_uart.c.obj
LOAD /tmp/ccNGgF0w.o
LOAD /usr/lib/gcc/arm-none-eabi/6.3.1/../../../arm-none-eabi/lib/thumb/v6-m/libstdc++.a
LOAD /usr/lib/gcc/arm-none-eabi/6.3.1/../../../arm-none-eabi/lib/thumb/v6-m/libm.a
START GROUP
LOAD /usr/lib/gcc/arm-none-eabi/6.3.1/thumb/v6-m/libgcc.a
LOAD /usr/lib/gcc/arm-none-eabi/6.3.1/../../../arm-none-eabi/lib/thumb/v6-m/libc.a
END GROUP
START GROUP
LOAD /usr/lib/gcc/arm-none-eabi/6.3.1/thumb/v6-m/libgcc.a
LOAD /usr/lib/gcc/arm-none-eabi/6.3.1/../../../arm-none-eabi/lib/thumb/v6-m/libc.a
LOAD /usr/lib/gcc/arm-none-eabi/6.3.1/../../../arm-none-eabi/lib/thumb/v6-m/libnosys.a
END GROUP
LOAD /usr/lib/gcc/arm-none-eabi/6.3.1/thumb/v6-m/crtend.o
LOAD /usr/lib/gcc/arm-none-eabi/6.3.1/thumb/v6-m/crtn.o
OUTPUT(pico_double_test.elf elf32-littlearm)

.ARM.attributes
                0x0000000000000000       0x28
 .ARM.attributes
                0x0000000000000000       0x1e /usr/lib/gcc/arm-none-eabi/6.3.1/thumb/v6-m/crti.o
 .ARM.attributes
                0x000000000000001e       0x2c /usr/lib/gcc/arm-none-eabi/6.3.1/thumb/v6-m/crtbegin.o
 .ARM.attributes
                0x000000000000004a       0x32 CMakeFiles/pico_double_test.dir/pico_double_test.c.obj
 .ARM.attributes
                0x000000000000007c       0x22 CMakeFiles/pico_double_test.dir/llvm/call_apsr.S.obj
 .ARM.attributes
                0x000000000000009e       0x22 CMakeFiles/pico_double_test.dir/__/__/src/rp2_common/pico_double/double_aeabi.S.obj
 .ARM.attributes
                0x00000000000000c0       0x32 CMakeFiles/pico_double_test.dir/__/__/src/rp2_common/pico_double/double_init_rom.c.obj
 .ARM.attributes
                0x00000000000000f2       0x32 CMakeFiles/pico_double_test.dir/__/__/src/rp2_common/pico_double/double_math.c.obj
 .ARM.attributes
                0x0000000000000124       0x22 CMakeFiles/pico_double_test.dir/__/__/src/rp2_common/pico_double/double_v1_rom_shim.S.obj
 .ARM.attributes
                0x0000000000000146       0x32 CMakeFiles/pico_double_test.dir/__/__/src/rp2_common/pico_bootrom/bootrom.c.obj
 .ARM.attributes
                0x0000000000000178       0x32 CMakeFiles/pico_double_test.dir/__/__/src/rp2_common/pico_stdlib/stdlib.c.obj
 .ARM.attributes
                0x00000000000001aa       0x32 CMakeFiles/pico_double_test.dir/__/__/src/rp2_common/hardware_gpio/gpio.c.obj
 .ARM.attributes
                0x00000000000001dc       0x32 CMakeFiles/pico_double_test.dir/__/__/src/rp2_common/hardware_claim/claim.c.obj
 .ARM.attributes
                0x000000000000020e       0x32 CMakeFiles/pico_double_test.dir/__/__/src/rp2_common/pico_platform/platform.c.obj
 .ARM.attributes
                0x0000000000000240       0x32 CMakeFiles/pico_double_test.dir/__/__/src/rp2_common/hardware_sync/sync.c.obj
 .ARM.attributes
                0x0000000000000272       0x32 CMakeFiles/pico_double_test.dir/__/__/src/rp2_common/hardware_irq/irq.c.obj
 .ARM.attributes
                0x00000000000002a4       0x22 CMakeFiles/pico_double_test.dir/__/__/src/rp2_common/hardware_irq/irq_handler_chain.S.obj
 .ARM.attributes
                0x00000000000002c6       0x32 CMakeFiles/pico_double_test.dir/__/__/src/common/pico_sync/lock_core.c.obj
 .ARM.attributes
                0x00000000000002f8       0x32 CMakeFiles/pico_double_test.dir/__/__/src/common/pico_time/time.c.obj
 .ARM.attributes
                0x000000000000032a       0x32 CMakeFiles/pico_double_test.dir/__/__/src/rp2_common/hardware_timer/timer.c.obj
 .ARM.attributes
                0x000000000000035c       0x32 CMakeFiles/pico_double_test.dir/__/__/src/common/pico_util/pheap.c.obj
 .ARM.attributes
                0x000000000000038e       0x32 CMakeFiles/pico_double_test.dir/__/__/src/common/pico_sync/mutex.c.obj
 .ARM.attributes
                0x00000000000003c0       0x32 CMakeFiles/pico_double_test.dir/__/__/src/rp2_common/hardware_uart/uart.c.obj
 .ARM.attributes
                0x00000000000003f2       0x32 CMakeFiles/pico_double_test.dir/__/__/src/rp2_common/pico_runtime/runtime.c.obj
 .ARM.attributes
                0x0000000000000424       0x32 CMakeFiles/pico_double_test.dir/__/__/src/rp2_common/hardware_clocks/clocks.c.obj
 .ARM.attributes
                0x0000000000000456       0x32 CMakeFiles/pico_double_test.dir/__/__/src/rp2_common/hardware_pll/pll.c.obj
 .ARM.attributes
                0x0000000000000488       0x32 CMakeFiles/pico_double_test.dir/__/__/src/rp2_common/hardware_watchdog/watchdog.c.obj
 .ARM.attributes
                0x00000000000004ba       0x32 CMakeFiles/pico_double_test.dir/__/__/src/rp2_common/hardware_xosc/xosc.c.obj
 .ARM.attributes
                0x00000000000004ec       0x32 CMakeFiles/pico_double_test.dir/__/__/src/rp2_common/pico_printf/printf.c.obj
 .ARM.attributes
                0x000000000000051e       0x22 CMakeFiles/pico_double_test.dir/__/__/src/rp2_common/pico_bit_ops/bit_ops_aeabi.S.obj
 .ARM.attributes
                0x0000000000000540       0x22 CMakeFiles/pico_double_test.dir/__/__/src/rp2_common/pico_divider/divider.S.obj
 .ARM.attributes
                0x0000000000000562       0x22 CMakeFiles/pico_double_test.dir/__/__/src/rp2_common/pico_int64_ops/pico_int64_ops_aeabi.S.obj
 .ARM.attributes
                0x0000000000000584       0x22 CMakeFiles/pico_double_test.dir/__/__/src/rp2_common/pico_float/float_aeabi.S.obj
 .ARM.attributes
                0x00000000000005a6       0x32 CMakeFiles/pico_double_test.dir/__/__/src/rp2_common/pico_float/float_init_rom.c.obj
 .ARM.attributes
                0x00000000000005d8       0x22 CMakeFiles/pico_double_test.dir/__/__/src/rp2_common/pico_float/float_v1_rom_shim.S.obj
 .ARM.attributes
                0x00000000000005fa       0x22 CMakeFiles/pico_double_test.dir/__/__/src/rp2_common/pico_mem_ops/mem_ops_aeabi.S.obj
 .ARM.attributes
                0x000000000000061c       0x22 CMakeFiles/pico_double_test.dir/__/__/src/rp2_common/pico_standard_link/crt0.S.obj
 .ARM.attributes
                0x000000000000063e       0x32 CMakeFiles/pico_double_test.dir/__/__/src/rp2_common/pico_standard_link/binary_info.c.obj
 .ARM.attributes
                0x0000000000000670       0x32 CMakeFiles/pico_double_test.dir/__/__/src/rp2_common/pico_stdio/stdio.c.obj
 .ARM.attributes
                0x00000000000006a2       0x32 CMakeFiles/pico_double_test.dir/__/__/src/rp2_common/pico_stdio_uart/stdio_uart.c.obj
 .ARM.attributes
                0x00000000000006d4       0x22 /tmp/ccNGgF0w.o
 .ARM.attributes
                0x00000000000006f6       0x2c /usr/lib/gcc/arm-none-eabi/6.3.1/../../../arm-none-eabi/lib/thumb/v6-m/libm.a(lib_a-s_cos.o)
 .ARM.attributes
                0x0000000000000722       0x2c /usr/lib/gcc/arm-none-eabi/6.3.1/../../../arm-none-eabi/lib/thumb/v6-m/libm.a(lib_a-s_ldexp.o)
 .ARM.attributes
                0x000000000000074e       0x2c /usr/lib/gcc/arm-none-eabi/6.3.1/../../../arm-none-eabi/lib/thumb/v6-m/libm.a(lib_a-s_scalbn.o)
 .ARM.attributes
                0x000000000000077a       0x2c /usr/lib/gcc/arm-none-eabi/6.3.1/../../../arm-none-eabi/lib/thumb/v6-m/libm.a(lib_a-s_sin.o)
 .ARM.attributes
                0x00000000000007a6       0x2c /usr/lib/gcc/arm-none-eabi/6.3.1/../../../arm-none-eabi/lib/thumb/v6-m/libm.a(lib_a-s_tan.o)
 .ARM.attributes
                0x00000000000007d2       0x2c /usr/lib/gcc/arm-none-eabi/6.3.1/../../../arm-none-eabi/lib/thumb/v6-m/libm.a(lib_a-s_trunc.o)
 .ARM.attributes
                0x00000000000007fe       0x2c /usr/lib/gcc/arm-none-eabi/6.3.1/../../../arm-none-eabi/lib/thumb/v6-m/libm.a(lib_a-w_atan2.o)
 .ARM.attributes
                0x000000000000082a       0x2c /usr/lib/gcc/arm-none-eabi/6.3.1/../../../arm-none-eabi/lib/thumb/v6-m/libm.a(lib_a-w_exp.o)
 .ARM.attributes
                0x0000000000000856       0x2c /usr/lib/gcc/arm-none-eabi/6.3.1/../../../arm-none-eabi/lib/thumb/v6-m/libm.a(lib_a-w_fmod.o)
 .ARM.attributes
                0x0000000000000882       0x2c /usr/lib/gcc/arm-none-eabi/6.3.1/../../../arm-none-eabi/lib/thumb/v6-m/libm.a(lib_a-w_log.o)
 .ARM.attributes
                0x00000000000008ae       0x2c /usr/lib/gcc/arm-none-eabi/6.3.1/../../../arm-none-eabi/lib/thumb/v6-m/libm.a(lib_a-w_pow.o)
 .ARM.attributes
                0x00000000000008da       0x2c /usr/lib/gcc/arm-none-eabi/6.3.1/../../../arm-none-eabi/lib/thumb/v6-m/libm.a(lib_a-w_sqrt.o)
 .ARM.attributes
                0x0000000000000906       0x2c /usr/lib/gcc/arm-none-eabi/6.3.1/../../../arm-none-eabi/lib/thumb/v6-m/libm.a(lib_a-e_atan2.o)
 .ARM.attributes
                0x0000000000000932       0x2c /usr/lib/gcc/arm-none-eabi/6.3.1/../../../arm-none-eabi/lib/thumb/v6-m/libm.a(lib_a-e_exp.o)
 .ARM.attributes
                0x000000000000095e       0x2c /usr/lib/gcc/arm-none-eabi/6.3.1/../../../arm-none-eabi/lib/thumb/v6-m/libm.a(lib_a-e_fmod.o)
 .ARM.attributes
                0x000000000000098a       0x2c /usr/lib/gcc/arm-none-eabi/6.3.1/../../../arm-none-eabi/lib/thumb/v6-m/libm.a(lib_a-e_log.o)
 .ARM.attributes
                0x00000000000009b6       0x2c /usr/lib/gcc/arm-none-eabi/6.3.1/../../../arm-none-eabi/lib/thumb/v6-m/libm.a(lib_a-e_pow.o)
 .ARM.attributes
                0x00000000000009e2       0x2c /usr/lib/gcc/arm-none-eabi/6.3.1/../../../arm-none-eabi/lib/thumb/v6-m/libm.a(lib_a-e_rem_pio2.o)
 .ARM.attributes
                0x0000000000000a0e       0x2c /usr/lib/gcc/arm-none-eabi/6.3.1/../../../arm-none-eabi/lib/thumb/v6-m/libm.a(lib_a-e_sqrt.o)
 .ARM.attributes
                0x0000000000000a3a       0x2c /usr/lib/gcc/arm-none-eabi/6.3.1/../../../arm-none-eabi/lib/thumb/v6-m/libm.a(lib_a-k_cos.o)
 .ARM.attributes
                0x0000000000000a66       0x2c /usr/lib/gcc/arm-none-eabi/6.3.1/../../../arm-none-eabi/lib/thumb/v6-m/libm.a(lib_a-k_rem_pio2.o)
 .ARM.attributes
                0x0000000000000a92       0x2c /usr/lib/gcc/arm-none-eabi/6.3.1/../../../arm-none-eabi/lib/thumb/v6-m/libm.a(lib_a-k_sin.o)
 .ARM.attributes
                0x0000000000000abe       0x2c /usr/lib/gcc/arm-none-eabi/6.3.1/../../../arm-none-eabi/lib/thumb/v6-m/libm.a(lib_a-k_tan.o)
 .ARM.attributes
                0x0000000000000aea       0x2c /usr/lib/gcc/arm-none-eabi/6.3.1/../../../arm-none-eabi/lib/thumb/v6-m/libm.a(lib_a-s_fabs.o)
 .ARM.attributes
                0x0000000000000b16       0x2c /usr/lib/gcc/arm-none-eabi/6.3.1/../../../arm-none-eabi/lib/thumb/v6-m/libm.a(lib_a-s_finite.o)
 .ARM.attributes
                0x0000000000000b42       0x2c /usr/lib/gcc/arm-none-eabi/6.3.1/../../../arm-none-eabi/lib/thumb/v6-m/libm.a(lib_a-s_lib_ver.o)
 .ARM.attributes
                0x0000000000000b6e       0x2c /usr/lib/gcc/arm-none-eabi/6.3.1/../../../arm-none-eabi/lib/thumb/v6-m/libm.a(lib_a-s_matherr.o)
 .ARM.attributes
                0x0000000000000b9a       0x2c /usr/lib/gcc/arm-none-eabi/6.3.1/../../../arm-none-eabi/lib/thumb/v6-m/libm.a(lib_a-s_nan.o)
 .ARM.attributes
                0x0000000000000bc6       0x2c /usr/lib/gcc/arm-none-eabi/6.3.1/../../../arm-none-eabi/lib/thumb/v6-m/libm.a(lib_a-s_rint.o)
 .ARM.attributes
                0x0000000000000bf2       0x1e /usr/lib/gcc/arm-none-eabi/6.3.1/thumb/v6-m/libgcc.a(_dvmd_tls.o)
 .ARM.attributes
                0x0000000000000c10       0x2c /usr/lib/gcc/arm-none-eabi/6.3.1/thumb/v6-m/libgcc.a(_fixdfdi.o)
 .ARM.attributes
                0x0000000000000c3c       0x2c /usr/lib/gcc/arm-none-eabi/6.3.1/thumb/v6-m/libgcc.a(_floatdidf.o)
 .ARM.attributes
                0x0000000000000c68       0x2c /usr/lib/gcc/arm-none-eabi/6.3.1/thumb/v6-m/libgcc.a(divdf3.o)
 .ARM.attributes
                0x0000000000000c94       0x2c /usr/lib/gcc/arm-none-eabi/6.3.1/thumb/v6-m/libgcc.a(muldf3.o)
 .ARM.attributes
                0x0000000000000cc0       0x2c /usr/lib/gcc/arm-none-eabi/6.3.1/thumb/v6-m/libgcc.a(fixdfsi.o)
 .ARM.attributes
                0x0000000000000cec       0x2c /usr/lib/gcc/arm-none-eabi/6.3.1/thumb/v6-m/libgcc.a(floatsidf.o)
 .ARM.attributes
                0x0000000000000d18       0x2c /usr/lib/gcc/arm-none-eabi/6.3.1/thumb/v6-m/libgcc.a(floatunsidf.o)
 .ARM.attributes
                0x0000000000000d44       0x2c /usr/lib/gcc/arm-none-eabi/6.3.1/../../../arm-none-eabi/lib/thumb/v6-m/libc.a(lib_a-errno.o)
 .ARM.attributes
                0x0000000000000d70       0x2c /usr/lib/gcc/arm-none-eabi/6.3.1/../../../arm-none-eabi/lib/thumb/v6-m/libc.a(lib_a-impure.o)
 .ARM.attributes
                0x0000000000000d9c       0x2c /usr/lib/gcc/arm-none-eabi/6.3.1/../../../arm-none-eabi/lib/thumb/v6-m/libc.a(lib_a-mallocr.o)
 .ARM.attributes
                0x0000000000000dc8       0x2c /usr/lib/gcc/arm-none-eabi/6.3.1/../../../arm-none-eabi/lib/thumb/v6-m/libc.a(lib_a-mlock.o)
 .ARM.attributes
                0x0000000000000df4       0x2c /usr/lib/gcc/arm-none-eabi/6.3.1/../../../arm-none-eabi/lib/thumb/v6-m/libc.a(lib_a-sbrkr.o)
 .ARM.attributes
                0x0000000000000e20       0x2c /usr/lib/gcc/arm-none-eabi/6.3.1/../../../arm-none-eabi/lib/thumb/v6-m/libc.a(lib_a-strlen-stub.o)
 .ARM.attributes
                0x0000000000000e4c       0x2c /usr/lib/gcc/arm-none-eabi/6.3.1/../../../arm-none-eabi/lib/thumb/v6-m/libc.a(lib_a-wbuf.o)
 .ARM.attributes
                0x0000000000000e78       0x2c /usr/lib/gcc/arm-none-eabi/6.3.1/../../../arm-none-eabi/lib/thumb/v6-m/libc.a(lib_a-wsetup.o)
 .ARM.attributes
                0x0000000000000ea4       0x2c /usr/lib/gcc/arm-none-eabi/6.3.1/../../../arm-none-eabi/lib/thumb/v6-m/libc.a(lib_a-fflush.o)
 .ARM.attributes
                0x0000000000000ed0       0x2c /usr/lib/gcc/arm-none-eabi/6.3.1/../../../arm-none-eabi/lib/thumb/v6-m/libc.a(lib_a-findfp.o)
 .ARM.attributes
                0x0000000000000efc       0x2c /usr/lib/gcc/arm-none-eabi/6.3.1/../../../arm-none-eabi/lib/thumb/v6-m/libc.a(lib_a-freer.o)
 .ARM.attributes
                0x0000000000000f28       0x2c /usr/lib/gcc/arm-none-eabi/6.3.1/../../../arm-none-eabi/lib/thumb/v6-m/libc.a(lib_a-fwalk.o)
 .ARM.attributes
                0x0000000000000f54       0x2c /usr/lib/gcc/arm-none-eabi/6.3.1/../../../arm-none-eabi/lib/thumb/v6-m/libc.a(lib_a-makebuf.o)
 .ARM.attributes
                0x0000000000000f80       0x2c /usr/lib/gcc/arm-none-eabi/6.3.1/../../../arm-none-eabi/lib/thumb/v6-m/libc.a(lib_a-reent.o)
 .ARM.attributes
                0x0000000000000fac       0x2c /usr/lib/gcc/arm-none-eabi/6.3.1/../../../arm-none-eabi/lib/thumb/v6-m/libc.a(lib_a-stdio.o)
 .ARM.attributes
                0x0000000000000fd8       0x2c /usr/lib/gcc/arm-none-eabi/6.3.1/../../../arm-none-eabi/lib/thumb/v6-m/libc.a(lib_a-writer.o)
 .ARM.attributes
                0x0000000000001004       0x2c /usr/lib/gcc/arm-none-eabi/6.3.1/../../../arm-none-eabi/lib/thumb/v6-m/libc.a(lib_a-closer.o)
 .ARM.attributes
                0x0000000000001030       0x2c /usr/lib/gcc/arm-none-eabi/6.3.1/../../../arm-none-eabi/lib/thumb/v6-m/libc.a(lib_a-fclose.o)
 .ARM.attributes
                0x000000000000105c       0x2c /usr/lib/gcc/arm-none-eabi/6.3.1/../../../arm-none-eabi/lib/thumb/v6-m/libc.a(lib_a-fstatr.o)
 .ARM.attributes