Archive member included to satisfy reference by file (symbol)

/usr/lib/gcc/arm-none-eabi/6.3.1/thumb/v6-m/libgcc.a(_udivsi3.o)
                              CMakeFiles/pico_divider_test.dir/pico_divider_test.c.obj (__aeabi_uidiv)
/usr/lib/gcc/arm-none-eabi/6.3.1/thumb/v6-m/libgcc.a(_divsi3.o)
                              CMakeFiles/pico_divider_test.dir/pico_divider_test.c.obj (__aeabi_idiv)
/usr/lib/gcc/arm-none-eabi/6.3.1/thumb/v6-m/libgcc.a(_dvmd_tls.o)
                              CMakeFiles/pico_divider_test.dir/__/__/src/rp2_common/pico_divider/divider.S.obj (__aeabi_idiv0)
/usr/lib/gcc/arm-none-eabi/6.3.1/thumb/v6-m/libgcc.a(_aeabi_ldivmod.o)
                              CMakeFiles/pico_divider_test.dir/pico_divider_test.c.obj (__aeabi_ldivmod)
/usr/lib/gcc/arm-none-eabi/6.3.1/thumb/v6-m/libgcc.a(_aeabi_uldivmod.o)
                              CMakeFiles/pico_divider_test.dir/pico_divider_test.c.obj (__aeabi_uldivmod)
/usr/lib/gcc/arm-none-eabi/6.3.1/thumb/v6-m/libgcc.a(_udivmoddi4.o)
                              /usr/lib/gcc/arm-none-eabi/6.3.1/thumb/v6-m/libgcc.a(_aeabi_uldivmod.o) (__udivmoddi4)
/usr/lib/gcc/arm-none-eabi/6.3.1/thumb/v6-m/libgcc.a(bpabi.o)
                              /usr/lib/gcc/arm-none-eabi/6.3.1/thumb/v6-m/libgcc.a(_aeabi_ldivmod.o) (__gnu_ldivmod_helper)
/usr/lib/gcc/arm-none-eabi/6.3.1/thumb/v6-m/libgcc.a(_divdi3.o)
                              /usr/lib/gcc/arm-none-eabi/6.3.1/thumb/v6-m/libgcc.a(bpabi.o) (__divdi3)
/usr/lib/gcc/arm-none-eabi/6.3.1/../../../arm-none-eabi/lib/thumb/v6-m/libc.a(lib_a-atexit.o)
                              /usr/lib/gcc/arm-none-eabi/6.3.1/../../../arm-none-eabi/lib/thumb/v6-m/crt0.o (atexit)
/usr/lib/gcc/arm-none-eabi/6.3.1/../../../arm-none-eabi/lib/thumb/v6-m/libc.a(lib_a-calloc.o)
                              CMakeFiles/pico_divider_test.dir/__/__/src/rp2_common/pico_malloc/pico_malloc.c.obj (calloc)
/usr/lib/gcc/arm-none-eabi/6.3.1/../../../arm-none-eabi/lib/thumb/v6-m/libc.a(lib_a-callocr.o)
                              /usr/lib/gcc/arm-none-eabi/6.3.1/../../../arm-none-eabi/lib/thumb/v6-m/libc.a(lib_a-calloc.o) (_calloc_r)
/usr/lib/gcc/arm-none-eabi/6.3.1/../../../arm-none-eabi/lib/thumb/v6-m/libc.a(lib_a-fini.o)
                              /usr/lib/gcc/arm-none-eabi/6.3.1/../../../arm-none-eabi/lib/thumb/v6-m/crt0.o (__libc_fini_array)
/usr/lib/gcc/arm-none-eabi/6.3.1/../../../arm-none-eabi/lib/thumb/v6-m/libc.a(lib_a-impure.o)
                              CMakeFiles/pico_divider_test.dir/__/__/src/common/pico_util/pheap.c.obj (_impure_ptr)
/usr/lib/gcc/arm-none-eabi/6.3.1/../../../arm-none-eabi/lib/thumb/v6-m/libc.a(lib_a-init.o)
                              /usr/lib/gcc/arm-none-eabi/6.3.1/../../../arm-none-eabi/lib/thumb/v6-m/crt0.o (__libc_init_array)
/usr/lib/gcc/arm-none-eabi/6.3.1/../../../arm-none-eabi/lib/thumb/v6-m/libc.a(lib_a-malloc.o)
                              CMakeFiles/pico_divider_test.dir/__/__/src/rp2_common/pico_malloc/pico_malloc.c.obj (malloc)
/usr/lib/gcc/arm-none-eabi/6.3.1/../../../arm-none-eabi/lib/thumb/v6-m/libc.a(lib_a-mallocr.o)
                              /usr/lib/gcc/arm-none-eabi/6.3.1/../../../arm-none-eabi/lib/thumb/v6-m/libc.a(lib_a-callocr.o) (_malloc_r)
/usr/lib/gcc/arm-none-eabi/6.3.1/../../../arm-none-eabi/lib/thumb/v6-m/libc.a(lib_a-mlock.o)
                              /usr/lib/gcc/arm-none-eabi/6.3.1/../../../arm-none-eabi/lib/thumb/v6-m/libc.a(lib_a-mallocr.o) (__malloc_lock)
/usr/lib/gcc/arm-none-eabi/6.3.1/../../../arm-none-eabi/lib/thumb/v6-m/libc.a(lib_a-realloc.o)
                              CMakeFiles/pico_divider_test.dir/__/__/src/rp2_common/pico_malloc/pico_malloc.c.obj (realloc)
/usr/lib/gcc/arm-none-eabi/6.3.1/../../../arm-none-eabi/lib/thumb/v6-m/libc.a(lib_a-reallocr.o)
                              /usr/lib/gcc/arm-none-eabi/6.3.1/../../../arm-none-eabi/lib/thumb/v6-m/libc.a(lib_a-realloc.o) (_realloc_r)
/usr/lib/gcc/arm-none-eabi/6.3.1/../../../arm-none-eabi/lib/thumb/v6-m/libc.a(lib_a-sbrkr.o)
                              /usr/lib/gcc/arm-none-eabi/6.3.1/../../../arm-none-eabi/lib/thumb/v6-m/libc.a(lib_a-mallocr.o) (_sbrk_r)
/usr/lib/gcc/arm-none-eabi/6.3.1/../../../arm-none-eabi/lib/thumb/v6-m/libc.a(lib_a-strlen-stub.o)
                              CMakeFiles/pico_divider_test.dir/__/__/src/rp2_common/pico_stdio/stdio.c.obj (strlen)
/usr/lib/gcc/arm-none-eabi/6.3.1/../../../arm-none-eabi/lib/thumb/v6-m/libc.a(lib_a-wbuf.o)
                              CMakeFiles/pico_divider_test.dir/__/__/src/common/pico_util/pheap.c.obj (__swbuf_r)
/usr/lib/gcc/arm-none-eabi/6.3.1/../../../arm-none-eabi/lib/thumb/v6-m/libc.a(lib_a-wsetup.o)
                              /usr/lib/gcc/arm-none-eabi/6.3.1/../../../arm-none-eabi/lib/thumb/v6-m/libc.a(lib_a-wbuf.o) (__swsetup_r)
/usr/lib/gcc/arm-none-eabi/6.3.1/../../../arm-none-eabi/lib/thumb/v6-m/libc.a(lib_a-__atexit.o)
[...]
Memory Configuration

Name             Origin             Length             Attributes
FLASH            0x0000000010000000 0x0000000000200000 xr
RAM              0x0000000020000000 0x0000000000040000 xrw
SCRATCH_X        0x0000000020040000 0x0000000000001000 xrw
SCRATCH_Y        0x0000000020041000 0x0000000000001000 xrw
*default*        0x0000000000000000 0xffffffffffffffff

Linker script and memory map

LOAD /usr/lib/gcc/arm-none-eabi/6.3.1/thumb/v6-m/crti.o
LOAD /usr/lib/gcc/arm-none-eabi/6.3.1/thumb/v6-m/crtbegin.o
LOAD /usr/lib/gcc/arm-none-eabi/6.3.1/../../../arm-none-eabi/lib/thumb/v6-m/crt0.o

.flash_begin    0x0000000010000000        0x0
                0x0000000010000000                __flash_binary_start = .

.boot2          0x0000000010000000      0x100
                0x0000000010000000                __boot2_start__ = .
 *(.boot2)
 .boot2         0x0000000010000000      0x100 /tmp/ccjyrnxj.o
                0x0000000010000100                __boot2_end__ = .
                0x0000000000000001                ASSERT (((__boot2_end__ - __boot2_start__) == 0x100), ERROR: Pico second stage bootloader must be 256 bytes in size)

.text           0x0000000010000100     0x72a8
                0x0000000010000100                __logical_binary_start = .
 *(.vectors)
 .vectors       0x0000000010000100       0xd4 CMakeFiles/pico_divider_test.dir/__/__/src/rp2_common/pico_standard_link/crt0.S.obj
                0x0000000010000100                __vectors
                0x0000000010000100                __VECTOR_TABLE
                0x00000000100001c0                isr_invalid
                0x00000000100001c0                __default_isrs_start
                0x00000000100001c2                isr_nmi
                0x00000000100001c4                isr_hardfault
                0x00000000100001c6                isr_svcall
                0x00000000100001c8                isr_pendsv
                0x00000000100001ca                isr_systick
                0x00000000100001cc                isr_irq30
                0x00000000100001cc                __unhandled_user_irq
                0x00000000100001cc                isr_irq13
                0x00000000100001cc                isr_irq27
                0x00000000100001cc                isr_irq31
                0x00000000100001cc                isr_irq5
                0x00000000100001cc                isr_irq11
                0x00000000100001cc                isr_irq23
                0x00000000100001cc                isr_irq18
                0x00000000100001cc                isr_irq28
                0x00000000100001cc                isr_irq19
                0x00000000100001cc                isr_irq0
                0x00000000100001cc                isr_irq6
                0x00000000100001cc                isr_irq22
                0x00000000100001cc                isr_irq17
                0x00000000100001cc                isr_irq14
                0x00000000100001cc                isr_irq2
                0x00000000100001cc                isr_irq10
                0x00000000100001cc                isr_irq8
                0x00000000100001cc                isr_irq24
                0x00000000100001cc                isr_irq1
                0x00000000100001cc                isr_irq7
                0x00000000100001cc                isr_irq21
                0x00000000100001cc                isr_irq20
                0x00000000100001cc                isr_irq15
                0x00000000100001cc                isr_irq25
                0x00000000100001cc                isr_irq4
                0x00000000100001cc                isr_irq16
                0x00000000100001cc                isr_irq29
                0x00000000100001cc                isr_irq26
                0x00000000100001cc                __default_isrs_end
                0x00000000100001cc                isr_irq3
                0x00000000100001cc                isr_irq12
                0x00000000100001cc                isr_irq9
                0x00000000100001d2                unhandled_user_irq_num_in_r0
 *(.binary_info_header)
 .binary_info_header
                0x00000000100001d4       0x14 CMakeFiles/pico_divider_test.dir/__/__/src/rp2_common/pico_standard_link/crt0.S.obj
                0x00000000100001e8                __binary_info_header_end = .
 *(.reset)
 .reset         0x00000000100001e8       0xa8 CMakeFiles/pico_divider_test.dir/__/__/src/rp2_common/pico_standard_link/crt0.S.obj
                0x00000000100001e8                _entry_point
                0x0000000010000266                __get_current_exception
 .reset         0x0000000010000290       0x30 CMakeFiles/pico_divider_test.dir/__/__/src/rp2_common/pico_standard_link/binary_info.c.obj
 *(.init)
 .init          0x00000000100002c0        0x4 /usr/lib/gcc/arm-none-eabi/6.3.1/thumb/v6-m/crti.o
                0x00000000100002c0                _init
 *(EXCLUDE_FILE(*libm.a: *libc.a:*lib_a-mem*.o *libgcc.a:) .text*)
 .text          0x00000000100002c4       0xb4 /usr/lib/gcc/arm-none-eabi/6.3.1/thumb/v6-m/crtbegin.o
 .text.compiler_div_s32
                0x0000000010000378        0x8 CMakeFiles/pico_divider_test.dir/pico_divider_test.c.obj
                0x0000000010000378                compiler_div_s32
 .text.compiler_div_u32
                0x0000000010000380        0x8 CMakeFiles/pico_divider_test.dir/pico_divider_test.c.obj
                0x0000000010000380                compiler_div_u32
 .text.compiler_div_s64
                0x0000000010000388        0x8 CMakeFiles/pico_divider_test.dir/pico_divider_test.c.obj
                0x0000000010000388                compiler_div_s64
 .text.compiler_div_u64
                0x0000000010000390        0x8 CMakeFiles/pico_divider_test.dir/pico_divider_test.c.obj
                0x0000000010000390                compiler_div_u64
 .text.pico_div_s32
                0x0000000010000398        0x8 CMakeFiles/pico_divider_test.dir/pico_divider_test.c.obj
                0x0000000010000398                pico_div_s32
 .text.pico_div_u32
                0x00000000100003a0        0x8 CMakeFiles/pico_divider_test.dir/pico_divider_test.c.obj
                0x00000000100003a0                pico_div_u32
 .text.pico_div_s64
                0x00000000100003a8        0x8 CMakeFiles/pico_divider_test.dir/pico_divider_test.c.obj
                0x00000000100003a8                pico_div_s64
 .text.pico_div_u64
                0x00000000100003b0        0x8 CMakeFiles/pico_divider_test.dir/pico_divider_test.c.obj
                0x00000000100003b0                pico_div_u64
 .text.o4hex    0x00000000100003b8      0x168 CMakeFiles/pico_divider_test.dir/pico_divider_test.c.obj
                0x00000000100003b8                o4hex
 .text.o16hex   0x0000000010000520      0x188 CMakeFiles/pico_divider_test.dir/pico_divider_test.c.obj
                0x0000000010000520                o16hex
 .text.odec     0x00000000100006a8      0x95c CMakeFiles/pico_divider_test.dir/pico_divider_test.c.obj
                0x00000000100006a8                odec
 .text.test_divu64u64
                0x0000000010001004      0x21c CMakeFiles/pico_divider_test.dir/pico_divider_test.c.obj
                0x0000000010001004                test_divu64u64
 .text.test_divs64s64
                0x0000000010001220      0x21c CMakeFiles/pico_divider_test.dir/pico_divider_test.c.obj
                0x0000000010001220                test_divs64s64
 .text.test_special
                0x000000001000143c      0x218 CMakeFiles/pico_divider_test.dir/pico_divider_test.c.obj
                0x000000001000143c                test_special
 .text.test_random
                0x0000000010001654      0x234 CMakeFiles/pico_divider_test.dir/pico_divider_test.c.obj
                0x0000000010001654                test_random
 .text.time_32  0x0000000010001888       0x18 CMakeFiles/pico_divider_test.dir/pico_divider_test.c.obj
                0x0000000010001888                time_32
 .text.time_64  0x00000000100018a0       0x18 CMakeFiles/pico_divider_test.dir/pico_divider_test.c.obj
                0x00000000100018a0                time_64
 .text.perf_test
                0x00000000100018b8      0x4cc CMakeFiles/pico_divider_test.dir/pico_divider_test.c.obj
                0x00000000100018b8                perf_test
 .text.startup.main
                0x0000000010001d84      0x228 CMakeFiles/pico_divider_test.dir/pico_divider_test.c.obj
                0x0000000010001d84                main
 .text.setup_default_uart
                0x0000000010001fac        0x8 CMakeFiles/pico_divider_test.dir/__/__/src/rp2_common/pico_stdlib/stdlib.c.obj
                0x0000000010001fac                setup_default_uart
 .text.gpio_set_function
                0x0000000010001fb4       0x30 CMakeFiles/pico_divider_test.dir/__/__/src/rp2_common/hardware_gpio/gpio.c.obj
                0x0000000010001fb4                gpio_set_function
 .text.hw_claim_or_assert
                0x0000000010001fe4       0x44 CMakeFiles/pico_divider_test.dir/__/__/src/rp2_common/hardware_claim/claim.c.obj
                0x0000000010001fe4                hw_claim_or_assert
 .text.running_on_fpga
                0x0000000010002028       0x10 CMakeFiles/pico_divider_test.dir/__/__/src/rp2_common/pico_platform/platform.c.obj
                0x0000000010002028                running_on_fpga
 .text.spin_locks_reset
                0x0000000010002038       0x1c CMakeFiles/pico_divider_test.dir/__/__/src/rp2_common/hardware_sync/sync.c.obj
                0x0000000010002038                spin_locks_reset
 .text.next_striped_spin_lock_num
                0x0000000010002054       0x18 CMakeFiles/pico_divider_test.dir/__/__/src/rp2_common/hardware_sync/sync.c.obj
                0x0000000010002054                next_striped_spin_lock_num
 .text.irq_set_enabled
                0x000000001000206c       0x24 CMakeFiles/pico_divider_test.dir/__/__/src/rp2_common/hardware_irq/irq.c.obj
                0x000000001000206c                irq_set_enabled
 .text.irq_get_vtable_handler
                0x0000000010002090       0x10 CMakeFiles/pico_divider_test.dir/__/__/src/rp2_common/hardware_irq/irq.c.obj
                0x0000000010002090                irq_get_vtable_handler
 .text.irq_set_exclusive_handler
                0x00000000100020a0       0x54 CMakeFiles/pico_divider_test.dir/__/__/src/rp2_common/hardware_irq/irq.c.obj
                0x00000000100020a0                irq_set_exclusive_handler
 .text.irq_remove_handler
                0x00000000100020f4      0x1b8 CMakeFiles/pico_divider_test.dir/__/__/src/rp2_common/hardware_irq/irq.c.obj
                0x00000000100020f4                irq_remove_handler
 .text.irq_add_tail_to_free_list
                0x00000000100022ac       0xb4 CMakeFiles/pico_divider_test.dir/__/__/src/rp2_common/hardware_irq/irq.c.obj
                0x00000000100022ac                irq_add_tail_to_free_list
 .text.irq_init_priorities
                0x0000000010002360       0x48 CMakeFiles/pico_divider_test.dir/__/__/src/rp2_common/hardware_irq/irq.c.obj
                0x0000000010002360                irq_init_priorities
 .text.lock_init
                0x00000000100023a8       0x10 CMakeFiles/pico_divider_test.dir/__/__/src/common/pico_sync/lock_core.c.obj
                0x00000000100023a8                lock_init
 .text.timer_pool_entry_comparator
                0x00000000100023b8       0x34 CMakeFiles/pico_divider_test.dir/__/__/src/common/pico_time/time.c.obj
                0x00000000100023b8                timer_pool_entry_comparator
 .text.add_alarm_under_lock
                0x00000000100023ec      0x124 CMakeFiles/pico_divider_test.dir/__/__/src/common/pico_time/time.c.obj
 .text.alarm_pool_alarm_callback
                0x0000000010002510      0x1dc CMakeFiles/pico_divider_test.dir/__/__/src/common/pico_time/time.c.obj
 .text.alarm_pool_init_default
                0x00000000100026ec       0x64 CMakeFiles/pico_divider_test.dir/__/__/src/common/pico_time/time.c.obj
                0x00000000100026ec                alarm_pool_init_default
 .text.hardware_alarm_irq_handler
                0x0000000010002750       0xa0 CMakeFiles/pico_divider_test.dir/__/__/src/rp2_common/hardware_timer/timer.c.obj
 .text.hardware_alarm_claim
                0x00000000100027f0       0x18 CMakeFiles/pico_divider_test.dir/__/__/src/rp2_common/hardware_timer/timer.c.obj
                0x00000000100027f0                hardware_alarm_claim
 .text.time_us_64
                0x0000000010002808       0x18 CMakeFiles/pico_divider_test.dir/__/__/src/rp2_common/hardware_timer/timer.c.obj
                0x0000000010002808                time_us_64
 .text.busy_wait_us
                0x0000000010002820       0x54 CMakeFiles/pico_divider_test.dir/__/__/src/rp2_common/hardware_timer/timer.c.obj
                0x0000000010002820                busy_wait_us
 .text.hardware_alarm_set_callback
                0x0000000010002874       0x8c CMakeFiles/pico_divider_test.dir/__/__/src/rp2_common/hardware_timer/timer.c.obj
                0x0000000010002874                hardware_alarm_set_callback
 .text.hardware_alarm_set_target
                0x0000000010002900       0xdc CMakeFiles/pico_divider_test.dir/__/__/src/rp2_common/hardware_timer/timer.c.obj
                0x0000000010002900                hardware_alarm_set_target
 .text.hardware_alarm_cancel
                0x00000000100029dc       0x40 CMakeFiles/pico_divider_test.dir/__/__/src/rp2_common/hardware_timer/timer.c.obj
                0x00000000100029dc                hardware_alarm_cancel
 .text.ph_merge_two_pass.part.3
                0x0000000010002a1c      0x18c CMakeFiles/pico_divider_test.dir/__/__/src/common/pico_util/pheap.c.obj
 .text.ph_post_alloc_init
                0x0000000010002ba8       0x3c CMakeFiles/pico_divider_test.dir/__/__/src/common/pico_util/pheap.c.obj
                0x0000000010002ba8                ph_post_alloc_init
 .text.ph_remove_head
                0x0000000010002be4      0x158 CMakeFiles/pico_divider_test.dir/__/__/src/common/pico_util/pheap.c.obj
                0x0000000010002be4                ph_remove_head
 .text.ph_remove_and_free_node
                0x0000000010002d3c      0x254 CMakeFiles/pico_divider_test.dir/__/__/src/common/pico_util/pheap.c.obj
                0x0000000010002d3c                ph_remove_and_free_node
 .text.mutex_init
                0x0000000010002f90       0x1c CMakeFiles/pico_divider_test.dir/__/__/src/common/pico_sync/mutex.c.obj
                0x0000000010002f90                mutex_init
 .text.recursive_mutex_init
                0x0000000010002fac       0x20 CMakeFiles/pico_divider_test.dir/__/__/src/common/pico_sync/mutex.c.obj
                0x0000000010002fac                recursive_mutex_init
 .text.uart_init
                0x0000000010002fcc       0xe4 CMakeFiles/pico_divider_test.dir/__/__/src/rp2_common/hardware_uart/uart.c.obj
                0x0000000010002fcc                uart_init
 .text.runtime_init
                0x00000000100030b0       0xf4 CMakeFiles/pico_divider_test.dir/__/__/src/rp2_common/pico_runtime/runtime.c.obj
                0x00000000100030b0                runtime_init
 .text._sbrk    0x00000000100031a4       0x34 CMakeFiles/pico_divider_test.dir/__/__/src/rp2_common/pico_runtime/runtime.c.obj
                0x00000000100031a4                _sbrk
 .text.exit     0x00000000100031d8        0x4 CMakeFiles/pico_divider_test.dir/__/__/src/rp2_common/pico_runtime/runtime.c.obj
                0x00000000100031d8                exit
 .text.panic    0x00000000100031dc       0x30 CMakeFiles/pico_divider_test.dir/__/__/src/rp2_common/pico_runtime/runtime.c.obj
                0x00000000100031dc                panic
 .text.hard_assertion_failure
                0x000000001000320c        0xc CMakeFiles/pico_divider_test.dir/__/__/src/rp2_common/pico_runtime/runtime.c.obj
                0x000000001000320c                hard_assertion_failure
 .text.clocks_init
                0x0000000010003218      0x2c8 CMakeFiles/pico_divider_test.dir/__/__/src/rp2_common/hardware_clocks/clocks.c.obj
                0x0000000010003218                clocks_init
 .text.clock_get_hz
                0x00000000100034e0        0xc CMakeFiles/pico_divider_test.dir/__/__/src/rp2_common/hardware_clocks/clocks.c.obj
                0x00000000100034e0                clock_get_hz
 .text.pll_init
                0x00000000100034ec       0x9c CMakeFiles/pico_divider_test.dir/__/__/src/rp2_common/hardware_pll/pll.c.obj
                0x00000000100034ec                pll_init
 .text.watchdog_start_tick
                0x0000000010003588       0x10 CMakeFiles/pico_divider_test.dir/__/__/src/rp2_common/hardware_watchdog/watchdog.c.obj
                0x0000000010003588                watchdog_start_tick
 .text.xosc_init
                0x0000000010003598       0x28 CMakeFiles/pico_divider_test.dir/__/__/src/rp2_common/hardware_xosc/xosc.c.obj
                0x0000000010003598                xosc_init
 .text._out_null
                0x00000000100035c0        0x4 CMakeFiles/pico_divider_test.dir/__/__/src/rp2_common/pico_printf/printf.c.obj
 .text._out_fct
                0x00000000100035c4       0x10 CMakeFiles/pico_divider_test.dir/__/__/src/rp2_common/pico_printf/printf.c.obj
 .text._out_char
                0x00000000100035d4       0x3c CMakeFiles/pico_divider_test.dir/__/__/src/rp2_common/pico_printf/printf.c.obj
 .text._ntoa_format
                0x0000000010003610      0x214 CMakeFiles/pico_divider_test.dir/__/__/src/rp2_common/pico_printf/printf.c.obj
 .text._ftoa    0x0000000010003824      0x6c4 CMakeFiles/pico_divider_test.dir/__/__/src/rp2_common/pico_printf/printf.c.obj
 .text._etoa.part.1
                0x0000000010003ee8      0x3e0 CMakeFiles/pico_divider_test.dir/__/__/src/rp2_common/pico_printf/printf.c.obj
 .text._vsnprintf
                0x00000000100042c8      0xb30 CMakeFiles/pico_divider_test.dir/__/__/src/rp2_common/pico_printf/printf.c.obj
 .text.vfctprintf
                0x0000000010004df8       0x20 CMakeFiles/pico_divider_test.dir/__/__/src/rp2_common/pico_printf/printf.c.obj
                0x0000000010004df8                vfctprintf
 .text.weak_raw_vprintf
                0x0000000010004e18       0x30 CMakeFiles/pico_divider_test.dir/__/__/src/rp2_common/pico_printf/printf.c.obj
                0x0000000010004e18                weak_raw_vprintf
 .text          0x0000000010004e48       0x10 CMakeFiles/pico_divider_test.dir/__/__/src/rp2_common/pico_bit_ops/bit_ops_aeabi.S.obj
 .text.clzdi    0x0000000010004e58       0x18 CMakeFiles/pico_divider_test.dir/__/__/src/rp2_common/pico_bit_ops/bit_ops_aeabi.S.obj
                0x0000000010004e58                __wrap___clzll
                0x0000000010004e58                __wrap___clzdi2
 .text.rom_func_lookup
                0x0000000010004e70       0x10 CMakeFiles/pico_divider_test.dir/__/__/src/rp2_common/pico_bootrom/bootrom.c.obj
                0x0000000010004e70                rom_func_lookup
 .text.rom_data_lookup
                0x0000000010004e80       0x10 CMakeFiles/pico_divider_test.dir/__/__/src/rp2_common/pico_bootrom/bootrom.c.obj
                0x0000000010004e80                rom_data_lookup
 .text.rom_funcs_lookup
                0x0000000010004e90       0x44 CMakeFiles/pico_divider_test.dir/__/__/src/rp2_common/pico_bootrom/bootrom.c.obj
                0x0000000010004e90                rom_funcs_lookup
 .text.__wrap___aeabi_idiv
                0x0000000010004ed4       0x50 CMakeFiles/pico_divider_test.dir/__/__/src/rp2_common/pico_divider/divider.S.obj
                0x0000000010004ed4                __wrap___aeabi_idivmod
                0x0000000010004ed4                divmod_s32s32
                0x0000000010004ed4                div_s32s32
                0x0000000010004ed4                __wrap___aeabi_idiv
                0x0000000010004edc                divmod_s32s32_unsafe
                0x0000000010004f08                divmod_s32s32_savestate
 .text.__wrap___aeabi_uidiv
                0x0000000010004f24       0x4c CMakeFiles/pico_divider_test.dir/__/__/src/rp2_common/pico_divider/divider.S.obj
                0x0000000010004f24                __wrap___aeabi_uidiv
                0x0000000010004f24                __wrap___aeabi_uidivmod
                0x0000000010004f24                div_u32u32
                0x0000000010004f24                divmod_u32u32
                0x0000000010004f2c                divmod_u32u32_unsafe
                0x0000000010004f54                divmod_u32u32_savestate
 .text.__wrap___aeabi_ldiv
                0x0000000010004f70      0x434 CMakeFiles/pico_divider_test.dir/__/__/src/rp2_common/pico_divider/divider.S.obj
                0x0000000010004f70                div_s64s64
                0x0000000010004f70                divmod_s64s64
                0x0000000010004f70                __wrap___aeabi_ldivmod
                0x0000000010004fa8                div_u64u64
                0x0000000010004fa8                divmod_u64u64
                0x0000000010004fa8                __wrap___aeabi_uldivmod
                0x0000000010004fb8                divmod_u64u64_savestate
                0x0000000010004fe0                divmod_s64s64_unsafe
                0x0000000010005068                divmod_u64u64_unsafe
 .text.divmod_s64s64_rem
                0x00000000100053a4        0xc CMakeFiles/pico_divider_test.dir/__/__/src/rp2_common/pico_divider/divider.S.obj
                0x00000000100053a4                divmod_s64s64_rem
 .text.divmod_u64u64_rem
                0x00000000100053b0        0xc CMakeFiles/pico_divider_test.dir/__/__/src/rp2_common/pico_divider/divider.S.obj
                0x00000000100053b0                divmod_u64u64_rem
 .text.__wrap___aeabi_darithmetic
                0x00000000100053bc       0x80 CMakeFiles/pico_divider_test.dir/__/__/src/rp2_common/pico_double/double_aeabi.S.obj
                0x00000000100053bc                __wrap___aeabi_drsub
                0x00000000100053c2                __wrap___aeabi_dsub
                0x00000000100053d4                __wrap___aeabi_dadd
                0x00000000100053e6                __wrap___aeabi_ddiv
                0x0000000010005422                __wrap___aeabi_dmul
 .text.__wrap___aeabi_cdcmple
                0x000000001000543c       0x6c CMakeFiles/pico_divider_test.dir/__/__/src/rp2_common/pico_double/double_aeabi.S.obj
                0x000000001000543c                __wrap___aeabi_cdrcmple
                0x000000001000544c                __wrap___aeabi_cdcmple
                0x000000001000544c                __wrap___aeabi_cdcmpeq
 .text.__wrap___aeabi_dcmplt
                0x00000000100054a8        0xc CMakeFiles/pico_divider_test.dir/__/__/src/rp2_common/pico_double/double_aeabi.S.obj
                0x00000000100054a8                __wrap___aeabi_dcmplt
 .text.__wrap___aeabi_dcmpge
                0x00000000100054b4       0x10 CMakeFiles/pico_divider_test.dir/__/__/src/rp2_common/pico_double/double_aeabi.S.obj
                0x00000000100054b4                __wrap___aeabi_dcmpge
 .text.__wrap___aeabi_dcmpgt
                0x00000000100054c4        0xa CMakeFiles/pico_divider_test.dir/__/__/src/rp2_common/pico_double/double_aeabi.S.obj
                0x00000000100054c4                __wrap___aeabi_dcmpgt
 .text.__wrap___aeabi_dcmpun
                0x00000000100054ce       0x1c CMakeFiles/pico_divider_test.dir/__/__/src/rp2_common/pico_double/double_aeabi.S.obj
                0x00000000100054ce                __wrap___aeabi_dcmpun
 *fill*         0x00000000100054ea        0x2 
 .text.__wrap___aeabi_i2d
                0x00000000100054ec       0x38 CMakeFiles/pico_divider_test.dir/__/__/src/rp2_common/pico_double/double_aeabi.S.obj
                0x00000000100054ec                __wrap___aeabi_ui2d
                0x00000000100054f4                __wrap___aeabi_i2d
 .text.__wrap___aeabi_d2iz
                0x0000000010005524       0x48 CMakeFiles/pico_divider_test.dir/__/__/src/rp2_common/pico_double/double_aeabi.S.obj
                0x0000000010005524                __wrap___aeabi_d2iz
                0x0000000010005524                double2int_z
 .text.__wrap___aeabi_d2uiz
                0x000000001000556c       0x18 CMakeFiles/pico_divider_test.dir/__/__/src/rp2_common/pico_double/double_aeabi.S.obj
                0x000000001000556c                double2uint
                0x000000001000556c                __wrap___aeabi_d2uiz
 .text.__aeabi_double_init
                0x0000000010005584       0x60 CMakeFiles/pico_divider_test.dir/__/__/src/rp2_common/pico_double/double_init_rom.c.obj
                0x0000000010005584                __aeabi_double_init
 .text.double_table_shim_on_use_helper
                0x00000000100055e4       0x2c CMakeFiles/pico_divider_test.dir/__/__/src/rp2_common/pico_double/double_v1_rom_shim.S.obj
                0x00000000100055e4                double_table_shim_on_use_helper
 .text.__wrap___aeabi_dsub
                0x0000000010005610       0x10 CMakeFiles/pico_divider_test.dir/__/__/src/rp2_common/pico_double/double_v1_rom_shim.S.obj
                0x0000000010005610                drsub_shim
                0x0000000010005616                dsub_shim
 .text.dadd_shim
                0x0000000010005620      0x15c CMakeFiles/pico_divider_test.dir/__/__/src/rp2_common/pico_double/double_v1_rom_shim.S.obj
                0x0000000010005620                dadd_shim
 .text.dmul_shim
                0x000000001000577c      0x15c CMakeFiles/pico_divider_test.dir/__/__/src/rp2_common/pico_double/double_v1_rom_shim.S.obj
                0x000000001000577c                dmul_shim
 .text.ddiv_shim
                0x00000000100058d8      0x1b0 CMakeFiles/pico_divider_test.dir/__/__/src/rp2_common/pico_double/double_v1_rom_shim.S.obj
                0x00000000100058d8                ddiv_shim
 .text.double2uint_shim
                0x0000000010005a88        0xe CMakeFiles/pico_divider_test.dir/__/__/src/rp2_common/pico_double/double_v1_rom_shim.S.obj
                0x0000000010005a88                double2uint_shim
                0x0000000010005a8a                double2ufix_shim
 *fill*         0x0000000010005a96        0x2 
 .text.double2uint64_shim
                0x0000000010005a98       0x70 CMakeFiles/pico_divider_test.dir/__/__/src/rp2_common/pico_double/double_v1_rom_shim.S.obj
                0x0000000010005a98                double2uint64_shim
                0x0000000010005a9a                double2ufix64_shim
                0x0000000010005aba                d2fix_a
 .text.dunpacks
                0x0000000010005b08       0x3c CMakeFiles/pico_divider_test.dir/__/__/src/rp2_common/pico_double/double_v1_rom_shim.S.obj
                0x0000000010005b08                dunpacks
 .text.__aeabi_lmul
                0x0000000010005b44       0x32 CMakeFiles/pico_divider_test.dir/__/__/src/rp2_common/pico_int64_ops/pico_int64_ops_aeabi.S.obj
                0x0000000010005b44                __wrap___aeabi_lmul
 *fill*         0x0000000010005b76        0x2 
 .text.__aeabi_float_init
                0x0000000010005b78       0x68 CMakeFiles/pico_divider_test.dir/__/__/src/rp2_common/pico_float/float_init_rom.c.obj
                0x0000000010005b78                __aeabi_float_init
 .text.float_table_shim_on_use_helper
                0x0000000010005be0       0x2c CMakeFiles/pico_divider_test.dir/__/__/src/rp2_common/pico_float/float_v1_rom_shim.S.obj
                0x0000000010005be0                float_table_shim_on_use_helper
 .text          0x0000000010005c0c       0x10 CMakeFiles/pico_divider_test.dir/__/__/src/rp2_common/pico_mem_ops/mem_ops_aeabi.S.obj
                0x0000000010005c0c                __aeabi_mem_init
 .text.memset   0x0000000010005c1c        0xc CMakeFiles/pico_divider_test.dir/__/__/src/rp2_common/pico_mem_ops/mem_ops_aeabi.S.obj
                0x0000000010005c1c                __wrap_memset
 .text.memcpy   0x0000000010005c28        0xc CMakeFiles/pico_divider_test.dir/__/__/src/rp2_common/pico_mem_ops/mem_ops_aeabi.S.obj
                0x0000000010005c28                __wrap___aeabi_memcpy
                0x0000000010005c28                __wrap_memcpy
 .text.stdio_out_chars_crlf
                0x0000000010005c34       0xbc CMakeFiles/pico_divider_test.dir/__/__/src/rp2_common/pico_stdio/stdio.c.obj
 .text.stdio_buffered_printer
                0x0000000010005cf0       0x64 CMakeFiles/pico_divider_test.dir/__/__/src/rp2_common/pico_stdio/stdio.c.obj
 .text.__wrap_puts
                0x0000000010005d54       0xdc CMakeFiles/pico_divider_test.dir/__/__/src/rp2_common/pico_stdio/stdio.c.obj
                0x0000000010005d54                __wrap_puts
 .text._read    0x0000000010005e30       0x90 CMakeFiles/pico_divider_test.dir/__/__/src/rp2_common/pico_stdio/stdio.c.obj
                0x0000000010005e30                _read
 .text._write   0x0000000010005ec0       0xac CMakeFiles/pico_divider_test.dir/__/__/src/rp2_common/pico_stdio/stdio.c.obj
                0x0000000010005ec0                _write
 .text.stdio_set_driver_enabled
                0x0000000010005f6c       0x30 CMakeFiles/pico_divider_test.dir/__/__/src/rp2_common/pico_stdio/stdio.c.obj
                0x0000000010005f6c                stdio_set_driver_enabled
 .text.__wrap_vprintf
                0x0000000010005f9c       0xd0 CMakeFiles/pico_divider_test.dir/__/__/src/rp2_common/pico_stdio/stdio.c.obj
                0x0000000010005f9c                __wrap_vprintf
 .text.__wrap_printf
                0x000000001000606c       0x18 CMakeFiles/pico_divider_test.dir/__/__/src/rp2_common/pico_stdio/stdio.c.obj
                0x000000001000606c                __wrap_printf
 .text.stdio_uart_out_chars
                0x0000000010006084       0x4c CMakeFiles/pico_divider_test.dir/__/__/src/rp2_common/pico_stdio_uart/stdio_uart.c.obj
 .text.stdio_uart_in_chars
                0x00000000100060d0       0x3c CMakeFiles/pico_divider_test.dir/__/__/src/rp2_common/pico_stdio_uart/stdio_uart.c.obj
                0x00000000100060d0                stdio_uart_in_chars
 .text.stdio_uart_init
                0x000000001000610c       0x48 CMakeFiles/pico_divider_test.dir/__/__/src/rp2_common/pico_stdio_uart/stdio_uart.c.obj
                0x000000001000610c                stdio_uart_init
 .text          0x0000000010006154      0x558 /usr/lib/gcc/arm-none-eabi/6.3.1/../../../arm-none-eabi/lib/thumb/v6-m/libc.a(lib_a-mallocr.o)
                0x0000000010006154                _malloc_r
 .text          0x00000000100066ac        0x8 /usr/lib/gcc/arm-none-eabi/6.3.1/../../../arm-none-eabi/lib/thumb/v6-m/libc.a(lib_a-mlock.o)
                0x00000000100066ac                __malloc_lock
                0x00000000100066b0                __malloc_unlock
 .text          0x00000000100066b4       0x24 /usr/lib/gcc/arm-none-eabi/6.3.1/../../../arm-none-eabi/lib/thumb/v6-m/libc.a(lib_a-sbrkr.o)
                0x00000000100066b4                _sbrk_r
 .text          0x00000000100066d8       0x64 /usr/lib/gcc/arm-none-eabi/6.3.1/../../../arm-none-eabi/lib/thumb/v6-m/libc.a(lib_a-strlen-stub.o)
                0x00000000100066d8                strlen
 .text          0x000000001000673c       0xd4 /usr/lib/gcc/arm-none-eabi/6.3.1/../../../arm-none-eabi/lib/thumb/v6-m/libc.a(lib_a-wbuf.o)
                0x000000001000673c                __swbuf_r
                0x00000000100067f8                __swbuf
 .text          0x0000000010006810       0xd4 /usr/lib/gcc/arm-none-eabi/6.3.1/../../../arm-none-eabi/lib/thumb/v6-m/libc.a(lib_a-wsetup.o)
                0x0000000010006810                __swsetup_r
 .text          0x00000000100068e4      0x1a4 /usr/lib/gcc/arm-none-eabi/6.3.1/../../../arm-none-eabi/lib/thumb/v6-m/libc.a(lib_a-fflush.o)
                0x00000000100068e4                __sflush_r
                0x0000000010006a34                _fflush_r
                0x0000000010006a60                fflush
 .text          0x0000000010006a88      0x22c /usr/lib/gcc/arm-none-eabi/6.3.1/../../../arm-none-eabi/lib/thumb/v6-m/libc.a(lib_a-findfp.o)
                0x0000000010006a8c                _cleanup_r
                0x0000000010006b90                __sfmoreglue
                0x0000000010006bc0                __sfp
                0x0000000010006c4c                _cleanup
                0x0000000010006c64                __sinit
                0x0000000010006c74                __sfp_lock_acquire
                0x0000000010006c78                __sfp_lock_release
                0x0000000010006c7c                __sinit_lock_acquire
                0x0000000010006c80                __sinit_lock_release
                0x0000000010006c84                __fp_lock_all
                0x0000000010006c9c                __fp_unlock_all
 .text          0x0000000010006cb4      0x25c /usr/lib/gcc/arm-none-eabi/6.3.1/../../../arm-none-eabi/lib/thumb/v6-m/libc.a(lib_a-freer.o)
                0x0000000010006cb4                _malloc_trim_r
                0x0000000010006d54                _free_r
 .text          0x0000000010006f10       0x90 /usr/lib/gcc/arm-none-eabi/6.3.1/../../../arm-none-eabi/lib/thumb/v6-m/libc.a(lib_a-fwalk.o)
                0x0000000010006f10                _fwalk
                0x0000000010006f54                _fwalk_reent
 .text          0x0000000010006fa0       0xe8 /usr/lib/gcc/arm-none-eabi/6.3.1/../../../arm-none-eabi/lib/thumb/v6-m/libc.a(lib_a-makebuf.o)
                0x0000000010006fa0                __swhatbuf_r
                0x0000000010007000                __smakebuf_r
 .text          0x0000000010007088       0xa0 /usr/lib/gcc/arm-none-eabi/6.3.1/../../../arm-none-eabi/lib/thumb/v6-m/libc.a(lib_a-stdio.o)
                0x0000000010007088                __sread
                0x00000000100070b0                __seofread
                0x00000000100070b4                __swrite
                0x00000000100070f0                __sseek
                0x000000001000711c                __sclose
 .text          0x0000000010007128       0x28 /usr/lib/gcc/arm-none-eabi/6.3.1/../../../arm-none-eabi/lib/thumb/v6-m/libc.a(lib_a-writer.o)
                0x0000000010007128                _write_r
 .text          0x0000000010007150       0x24 /usr/lib/gcc/arm-none-eabi/6.3.1/../../../arm-none-eabi/lib/thumb/v6-m/libc.a(lib_a-closer.o)
                0x0000000010007150                _close_r
 .text          0x0000000010007174       0xa0 /usr/lib/gcc/arm-none-eabi/6.3.1/../../../arm-none-eabi/lib/thumb/v6-m/libc.a(lib_a-fclose.o)
                0x0000000010007174                _fclose_r
                0x0000000010007200                fclose
 .text          0x0000000010007214       0x28 /usr/lib/gcc/arm-none-eabi/6.3.1/../../../arm-none-eabi/lib/thumb/v6-m/libc.a(lib_a-fstatr.o)
                0x0000000010007214                _fstat_r
 .text          0x000000001000723c       0x24 /usr/lib/gcc/arm-none-eabi/6.3.1/../../../arm-none-eabi/lib/thumb/v6-m/libc.a(lib_a-isattyr.o)
                0x000000001000723c                _isatty_r
 .text          0x0000000010007260       0x28 /usr/lib/gcc/arm-none-eabi/6.3.1/../../../arm-none-eabi/lib/thumb/v6-m/libc.a(lib_a-lseekr.o)
                0x0000000010007260                _lseek_r
 .text          0x0000000010007288       0x28 /usr/lib/gcc/arm-none-eabi/6.3.1/../../../arm-none-eabi/lib/thumb/v6-m/libc.a(lib_a-readr.o)
                0x0000000010007288                _read_r
 .text          0x00000000100072b0       0x10 /usr/lib/gcc/arm-none-eabi/6.3.1/../../../arm-none-eabi/lib/thumb/v6-m/libnosys.a(close.o)
                0x00000000100072b0                _close
 .text          0x00000000100072c0       0x10 /usr/lib/gcc/arm-none-eabi/6.3.1/../../../arm-none-eabi/lib/thumb/v6-m/libnosys.a(fstat.o)
                0x00000000100072c0                _fstat
 .text          0x00000000100072d0       0x10 /usr/lib/gcc/arm-none-eabi/6.3.1/../../../arm-none-eabi/lib/thumb/v6-m/libnosys.a(isatty.o)
                0x00000000100072d0                _isatty
 .text          0x00000000100072e0       0x10 /usr/lib/gcc/arm-none-eabi/6.3.1/../../../arm-none-eabi/lib/thumb/v6-m/libnosys.a(lseek.o)
                0x00000000100072e0                _lseek
 *(.fini)
 .fini          0x00000000100072f0        0x4 /usr/lib/gcc/arm-none-eabi/6.3.1/thumb/v6-m/crti.o
                0x00000000100072f0                _fini
 *fill*         0x00000000100072f4        0x4 
 .fini.__stub   0x00000000100072f8       0xb0 linker stubs
 *crtbegin.o(.ctors)
 *crtbegin?.o(.ctors)
 *(EXCLUDE_FILE(*crtend.o *crtend?.o) .ctors)
 *(SORT(.ctors.*))
 *(.ctors)
 *crtbegin.o(.dtors)
 *crtbegin?.o(.dtors)
 *(EXCLUDE_FILE(*crtend.o *crtend?.o) .dtors)
 *(SORT(.dtors.*))
 *(.dtors)
 *(.eh_frame*)
 .eh_frame      0x00000000100073a8        0x0 /usr/lib/gcc/arm-none-eabi/6.3.1/thumb/v6-m/crtbegin.o
                0x00000000100073a8                . = ALIGN (0x4)

.glue_7         0x00000000100073a8        0x0
 .glue_7        0x00000000100073a8        0x0 linker stubs

.glue_7t        0x00000000100073a8        0x0
 .glue_7t       0x00000000100073a8        0x0 linker stubs

.vfp11_veneer   0x00000000100073a8        0x0
 .vfp11_veneer  0x00000000100073a8        0x0 linker stubs

.v4_bx          0x00000000100073a8        0x0
 .v4_bx         0x00000000100073a8        0x0 linker stubs

.iplt           0x00000000100073a8        0x0
 .iplt          0x00000000100073a8        0x0 /usr/lib/gcc/arm-none-eabi/6.3.1/thumb/v6-m/crtbegin.o

.rodata         0x00000000100073a8      0x3f0
 *(EXCLUDE_FILE(*libm.a: *libc.a:*lib_a-mem*.o *libgcc.a:) .rodata*)
 .rodata.main.str1.4
                0x00000000100073a8       0x34 CMakeFiles/pico_divider_test.dir/pico_divider_test.c.obj
 .rodata.onl.str1.4
                0x00000000100073dc        0x3 CMakeFiles/pico_divider_test.dir/pico_divider_test.c.obj
 *fill*         0x00000000100073df        0x1 
 .rodata.perf_test.str1.4
                0x00000000100073e0       0x47 CMakeFiles/pico_divider_test.dir/pico_divider_test.c.obj
 *fill*         0x0000000010007427        0x1 
 .rodata.test_divs64s64.str1.4
                0x0000000010007428        0x3 CMakeFiles/pico_divider_test.dir/pico_divider_test.c.obj
 *fill*         0x000000001000742b        0x1 
 .rodata.test_divu64u64.str1.4
                0x000000001000742c        0x8 CMakeFiles/pico_divider_test.dir/pico_divider_test.c.obj
 .rodata.test_random.str1.4
                0x0000000010007434        0x3 CMakeFiles/pico_divider_test.dir/pico_divider_test.c.obj
 *fill*         0x0000000010007437        0x1 
 .rodata.test_special.str1.4
                0x0000000010007438        0xb CMakeFiles/pico_divider_test.dir/pico_divider_test.c.obj
 *fill*         0x0000000010007443        0x5 
 .rodata.at_the_end_of_time
                0x0000000010007448        0x8 CMakeFiles/pico_divider_test.dir/__/__/src/common/pico_time/time.c.obj
                0x0000000010007448                at_the_end_of_time
 .rodata.hardware_alarm_claim.str1.4
                0x0000000010007450       0x22 CMakeFiles/pico_divider_test.dir/__/__/src/rp2_common/hardware_timer/timer.c.obj
 *fill*         0x0000000010007472        0x2 
 .rodata.hard_assertion_failure.str1.4
                0x0000000010007474        0xc CMakeFiles/pico_divider_test.dir/__/__/src/rp2_common/pico_runtime/runtime.c.obj
 .rodata.panic.str1.4
                0x0000000010007480       0x12 CMakeFiles/pico_divider_test.dir/__/__/src/rp2_common/pico_runtime/runtime.c.obj
 *fill*         0x0000000010007492        0x2 
 .rodata._vsnprintf
                0x0000000010007494      0x1e0 CMakeFiles/pico_divider_test.dir/__/__/src/rp2_common/pico_printf/printf.c.obj
 .rodata._ftoa.str1.4
                0x0000000010007674       0x15 CMakeFiles/pico_divider_test.dir/__/__/src/rp2_common/pico_printf/printf.c.obj
 *fill*         0x0000000010007689        0x7 
 .rodata.pow10.5365
                0x0000000010007690       0x50 CMakeFiles/pico_divider_test.dir/__/__/src/rp2_common/pico_printf/printf.c.obj
 .rodata.__bi_44
                0x00000000100076e0        0xc CMakeFiles/pico_divider_test.dir/__/__/src/rp2_common/pico_standard_link/binary_info.c.obj
 .rodata.__bi_75
                0x00000000100076ec        0xc CMakeFiles/pico_divider_test.dir/__/__/src/rp2_common/pico_standard_link/binary_info.c.obj
 .rodata.__bi_81
                0x00000000100076f8        0xc CMakeFiles/pico_divider_test.dir/__/__/src/rp2_common/pico_standard_link/binary_info.c.obj
 .rodata.str1.4
                0x0000000010007704       0x48 CMakeFiles/pico_divider_test.dir/__/__/src/rp2_common/pico_standard_link/binary_info.c.obj
 .rodata.crlf_str.5945
                0x000000001000774c        0x2 CMakeFiles/pico_divider_test.dir/__/__/src/rp2_common/pico_stdio/stdio.c.obj
 *fill*         0x000000001000774e        0x2 
 .rodata.__bi_28.4831
                0x0000000010007750        0xc CMakeFiles/pico_divider_test.dir/__/__/src/rp2_common/pico_stdio_uart/stdio_uart.c.obj
 .rodata.__bi_29.4835
                0x000000001000775c        0x8 CMakeFiles/pico_divider_test.dir/__/__/src/rp2_common/pico_stdio_uart/stdio_uart.c.obj
 .rodata.str1.4
                0x0000000010007764       0x2c CMakeFiles/pico_divider_test.dir/__/__/src/rp2_common/pico_stdio_uart/stdio_uart.c.obj
 .rodata        0x0000000010007790        0x4 /usr/lib/gcc/arm-none-eabi/6.3.1/../../../arm-none-eabi/lib/thumb/v6-m/libc.a(lib_a-impure.o)
                0x0000000010007790                _global_impure_ptr
 .rodata.str1.4
                0x0000000010007794        0x4 /usr/lib/gcc/arm-none-eabi/6.3.1/../../../arm-none-eabi/lib/thumb/v6-m/libc.a(lib_a-impure.o)
                                          0x2 (size before relaxing)
                0x0000000010007798                . = ALIGN (0x4)
 *(SORT(.flashdata*))
                0x0000000010007798                . = ALIGN (0x4)

.ARM.extab
 *(.ARM.extab* .gnu.linkonce.armextab.*)
                0x0000000010007798                __exidx_start = .

.ARM.exidx      0x0000000010007798        0x8
 *(.ARM.exidx* .gnu.linkonce.armexidx.*)
 .ARM.exidx     0x0000000010007798        0x8 /usr/lib/gcc/arm-none-eabi/6.3.1/thumb/v6-m/libgcc.a(_udivmoddi4.o)
 .ARM.exidx     0x00000000100077a0        0x0 /usr/lib/gcc/arm-none-eabi/6.3.1/thumb/v6-m/libgcc.a(_divdi3.o)
                                          0x8 (size before relaxing)
                0x00000000100077a0                __exidx_end = .

.rel.dyn        0x00000000100077a0        0x0
 .rel.iplt      0x00000000100077a0        0x0 /usr/lib/gcc/arm-none-eabi/6.3.1/thumb/v6-m/crtbegin.o
                0x00000000100077a0                . = ALIGN (0x4)
                0x00000000100077a0                __binary_info_start = .

.binary_info    0x00000000100077a0       0x24
 *(.binary_info.keep.*)
 .binary_info.keep.__bi_ptr22
                0x00000000100077a0        0x4 CMakeFiles/pico_divider_test.dir/__/__/src/rp2_common/pico_standard_link/binary_info.c.obj
 .binary_info.keep.__bi_ptr30
                0x00000000100077a4        0x4 CMakeFiles/pico_divider_test.dir/__/__/src/rp2_common/pico_standard_link/binary_info.c.obj
 .binary_info.keep.__bi_ptr38
                0x00000000100077a8        0x4 CMakeFiles/pico_divider_test.dir/__/__/src/rp2_common/pico_standard_link/binary_info.c.obj
 .binary_info.keep.__bi_ptr44
                0x00000000100077ac        0x4 CMakeFiles/pico_divider_test.dir/__/__/src/rp2_common/pico_standard_link/binary_info.c.obj
 .binary_info.keep.__bi_ptr50
                0x00000000100077b0        0x4 CMakeFiles/pico_divider_test.dir/__/__/src/rp2_common/pico_standard_link/binary_info.c.obj
 .binary_info.keep.__bi_ptr75
                0x00000000100077b4        0x4 CMakeFiles/pico_divider_test.dir/__/__/src/rp2_common/pico_standard_link/binary_info.c.obj
 .binary_info.keep.__bi_ptr81
                0x00000000100077b8        0x4 CMakeFiles/pico_divider_test.dir/__/__/src/rp2_common/pico_standard_link/binary_info.c.obj
 *(.binary_info.*)
 .binary_info.__bi_ptr28
                0x00000000100077bc        0x4 CMakeFiles/pico_divider_test.dir/__/__/src/rp2_common/pico_stdio_uart/stdio_uart.c.obj
 .binary_info.__bi_ptr29
                0x00000000100077c0        0x4 CMakeFiles/pico_divider_test.dir/__/__/src/rp2_common/pico_stdio_uart/stdio_uart.c.obj
                0x00000000100077c4                __binary_info_end = .
                0x00000000100077c4                . = ALIGN (0x4)
                0x00000000100077c4                __etext = .

.ram_vector_table
                0x0000000020000000       0xc0
 *(.ram_vector_table)
 .ram_vector_table
                0x0000000020000000       0xc0 CMakeFiles/pico_divider_test.dir/__/__/src/rp2_common/pico_runtime/runtime.c.obj
                0x0000000020000000                ram_vector_table

.data           0x00000000200000c0     0x10d4 load address 0x00000000100077c4
                0x00000000200000c0                __data_start__ = .
 *(vtable)
 *(.time_critical*)
 .time_critical.mutex_enter_blocking
                0x00000000200000c0       0x48 CMakeFiles/pico_divider_test.dir/__/__/src/common/pico_sync/mutex.c.obj
                0x00000000200000c0                mutex_enter_blocking
 .time_critical.mutex_try_enter
                0x0000000020000108       0x48 CMakeFiles/pico_divider_test.dir/__/__/src/common/pico_sync/mutex.c.obj
                0x0000000020000108                mutex_try_enter
 .time_critical.mutex_exit
                0x0000000020000150       0x28 CMakeFiles/pico_divider_test.dir/__/__/src/common/pico_sync/mutex.c.obj
                0x0000000020000150                mutex_exit
 *(.text*)
 .text          0x0000000020000178      0x114 /usr/lib/gcc/arm-none-eabi/6.3.1/thumb/v6-m/libgcc.a(_udivsi3.o)
                0x0000000020000178                __udivsi3
                0x0000000020000178                __aeabi_uidiv
                0x0000000020000284                __aeabi_uidivmod
 .text          0x000000002000028c      0x1d4 /usr/lib/gcc/arm-none-eabi/6.3.1/thumb/v6-m/libgcc.a(_divsi3.o)
                0x000000002000028c                __aeabi_idiv
                0x000000002000028c                __divsi3
                0x0000000020000458                __aeabi_idivmod
 .text          0x0000000020000460        0x4 /usr/lib/gcc/arm-none-eabi/6.3.1/thumb/v6-m/libgcc.a(_dvmd_tls.o)
                0x0000000020000460                __aeabi_ldiv0
                0x0000000020000460                __aeabi_idiv0
 .text          0x0000000020000464       0x48 /usr/lib/gcc/arm-none-eabi/6.3.1/thumb/v6-m/libgcc.a(_aeabi_ldivmod.o)
                0x0000000020000464                __aeabi_ldivmod
 .text          0x00000000200004ac       0x40 /usr/lib/gcc/arm-none-eabi/6.3.1/thumb/v6-m/libgcc.a(_aeabi_uldivmod.o)
                0x00000000200004ac                __aeabi_uldivmod
 .text          0x00000000200004ec      0x180 /usr/lib/gcc/arm-none-eabi/6.3.1/thumb/v6-m/libgcc.a(_udivmoddi4.o)
                0x00000000200004ec                __udivmoddi4
 .text          0x000000002000066c       0x38 /usr/lib/gcc/arm-none-eabi/6.3.1/thumb/v6-m/libgcc.a(bpabi.o)
                0x000000002000066c                __gnu_ldivmod_helper
 .text          0x00000000200006a4      0x1b8 /usr/lib/gcc/arm-none-eabi/6.3.1/thumb/v6-m/libgcc.a(_divdi3.o)
                0x00000000200006a4                __divdi3
 *fill*         0x000000002000085c        0x4 
 .text.__stub   0x0000000020000860       0x20 linker stubs
                0x0000000020000880                . = ALIGN (0x4)
 *(.rodata*)
                0x0000000020000880                . = ALIGN (0x4)
 *(.data*)
 .data.striped_spin_lock_num
                0x0000000020000880        0x1 CMakeFiles/pico_divider_test.dir/__/__/src/rp2_common/hardware_sync/sync.c.obj
 *fill*         0x0000000020000881        0x3 
 .data          0x0000000020000884       0x48 CMakeFiles/pico_divider_test.dir/__/__/src/rp2_common/hardware_irq/irq_handler_chain.S.obj
                0x0000000020000884                irq_handler_chain_slots
                0x00000000200008b4                irq_handler_chain_first_slot
                0x00000000200008be                irq_handler_chain_remove_tail
 .data.default_alarm_pool
                0x00000000200008cc       0x18 CMakeFiles/pico_divider_test.dir/__/__/src/common/pico_time/time.c.obj
 .data.default_alarm_pool_heap
                0x00000000200008e4       0x10 CMakeFiles/pico_divider_test.dir/__/__/src/common/pico_time/time.c.obj
 *fill*         0x00000000200008f4        0xc 
 .data.aeabi_bits_funcs
                0x0000000020000900       0x10 CMakeFiles/pico_divider_test.dir/__/__/src/rp2_common/pico_bit_ops/bit_ops_aeabi.S.obj
                0x0000000020000900                aeabi_bits_funcs
                0x0000000020000910                aeabi_bits_funcs_end
 .data.aeabi_mem_funcs
                0x0000000020000910       0x10 CMakeFiles/pico_divider_test.dir/__/__/src/rp2_common/pico_mem_ops/mem_ops_aeabi.S.obj
                0x0000000020000910                aeabi_mem_funcs
                0x0000000020000920                aeabi_mem_funcs_end
 .data.stdio_uart
                0x0000000020000920       0x14 CMakeFiles/pico_divider_test.dir/__/__/src/rp2_common/pico_stdio_uart/stdio_uart.c.obj
                0x0000000020000920                stdio_uart
 *fill*         0x0000000020000934        0x4 
 .data          0x0000000020000938      0x430 /usr/lib/gcc/arm-none-eabi/6.3.1/../../../arm-none-eabi/lib/thumb/v6-m/libc.a(lib_a-impure.o)
                0x0000000020000938                _impure_ptr
 .data          0x0000000020000d68      0x410 /usr/lib/gcc/arm-none-eabi/6.3.1/../../../arm-none-eabi/lib/thumb/v6-m/libc.a(lib_a-mallocr.o)
                0x0000000020000d68                __malloc_av_
                0x0000000020001170                __malloc_sbrk_base
                0x0000000020001174                __malloc_trim_threshold
                0x0000000020001178                . = ALIGN (0x4)
 *(.after_data.*)
                0x0000000020001178                . = ALIGN (0x4)
                0x0000000020001178                PROVIDE (__mutex_array_start, .)
 *(SORT(.mutex_array.*))
 *(.mutex_array)
 .mutex_array   0x0000000020001178        0x8 CMakeFiles/pico_divider_test.dir/__/__/src/rp2_common/pico_stdio/stdio.c.obj
                0x0000000020001180                PROVIDE (__mutex_array_end, .)
                0x0000000020001180                . = ALIGN (0x4)
                0x0000000020001180                PROVIDE (__preinit_array_start, .)
 *(SORT(.preinit_array.*))
 .preinit_array.00001
                0x0000000020001180        0x4 CMakeFiles/pico_divider_test.dir/__/__/src/rp2_common/pico_mem_ops/mem_ops_aeabi.S.obj
 .preinit_array.00010
                0x0000000020001184        0x4 CMakeFiles/pico_divider_test.dir/__/__/src/rp2_common/pico_bit_ops/bit_ops_aeabi.S.obj
 .preinit_array.00020
                0x0000000020001188        0x4 CMakeFiles/pico_divider_test.dir/__/__/src/rp2_common/pico_double/double_aeabi.S.obj
 .preinit_array.00020
                0x000000002000118c        0x4 CMakeFiles/pico_divider_test.dir/__/__/src/rp2_common/pico_float/float_aeabi.S.obj
 *(.preinit_array)
                0x0000000020001190                PROVIDE (__preinit_array_end, .)
                0x0000000020001190                . = ALIGN (0x4)
                0x0000000020001190                PROVIDE (__init_array_start, .)
 *(SORT(.init_array.*))
 *(.init_array)
 .init_array    0x0000000020001190        0x4 /usr/lib/gcc/arm-none-eabi/6.3.1/thumb/v6-m/crtbegin.o
                0x0000000020001194                PROVIDE (__init_array_end, .)
                0x0000000020001194                . = ALIGN (0x4)
                0x0000000020001194                PROVIDE (__fini_array_start, .)
 *(SORT(.fini_array.*))
 *(.fini_array)
                0x0000000020001194                PROVIDE (__fini_array_end, .)
 *(.jcr)
 .jcr           0x0000000020001194        0x0 /usr/lib/gcc/arm-none-eabi/6.3.1/thumb/v6-m/crtbegin.o
                0x0000000020001194                . = ALIGN (0x4)
                0x0000000020001194                __data_end__ = .

.tm_clone_table
                0x0000000020001194        0x0 load address 0x0000000010008898
 .tm_clone_table
                0x0000000020001194        0x0 /usr/lib/gcc/arm-none-eabi/6.3.1/thumb/v6-m/crtbegin.o
 .tm_clone_table
                0x0000000020001194        0x0 /usr/lib/gcc/arm-none-eabi/6.3.1/thumb/v6-m/crtend.o

.igot.plt       0x0000000020001194        0x0 load address 0x0000000010008898
 .igot.plt      0x0000000020001194        0x0 /usr/lib/gcc/arm-none-eabi/6.3.1/thumb/v6-m/crtbegin.o

.uninitialized_data
                0x0000000020001194        0x0 load address 0x0000000010008898
                0x0000000020001194                . = ALIGN (0x4)
 *(.uninitialized_data*)

.scratch_x      0x0000000020040000        0x0 load address 0x0000000010008898
                0x0000000020040000                __scratch_x_start__ = .
 *(.scratch_x.*)
                0x0000000020040000                . = ALIGN (0x4)
                0x0000000020040000                __scratch_x_end__ = .
                0x0000000010008898                __scratch_x_source__ = LOADADDR (.scratch_x)

.scratch_y      0x0000000020041000        0x0 load address 0x0000000010008898
                0x0000000020041000                __scratch_y_start__ = .
 *(.scratch_y.*)
                0x0000000020041000                . = ALIGN (0x4)
                0x0000000020041000                __scratch_y_end__ = .
                0x0000000010008898                __scratch_y_source__ = LOADADDR (.scratch_y)

.bss            0x0000000020001198      0x430
                0x0000000020001198                . = ALIGN (0x4)
                0x0000000020001198                __bss_start__ = .
 *(SORT(.bss*))
 .bss.default_alarm_pool_entries
                0x0000000020001198      0x100 CMakeFiles/pico_divider_test.dir/__/__/src/common/pico_time/time.c.obj
 .bss.ntests    0x0000000020001298        0x8 CMakeFiles/pico_divider_test.dir/pico_divider_test.c.obj
                0x0000000020001298                ntests
 .bss           0x00000000200012a0       0x1c /usr/lib/gcc/arm-none-eabi/6.3.1/thumb/v6-m/crtbegin.o
 .bss           0x00000000200012bc       0x34 /usr/lib/gcc/arm-none-eabi/6.3.1/../../../arm-none-eabi/lib/thumb/v6-m/libc.a(lib_a-mallocr.o)
                0x00000000200012bc                __malloc_top_pad
                0x00000000200012c0                __malloc_current_mallinfo
                0x00000000200012e8                __malloc_max_sbrked_mem
                0x00000000200012ec                __malloc_max_total_mem
 .bss.alarm_callbacks
                0x00000000200012f0       0x10 CMakeFiles/pico_divider_test.dir/__/__/src/rp2_common/hardware_timer/timer.c.obj
 .bss.configured_freq
                0x0000000020001300       0x28 CMakeFiles/pico_divider_test.dir/__/__/src/rp2_common/hardware_clocks/clocks.c.obj
 .bss.default_alarm_pool_entry_ids_high
                0x0000000020001328       0x10 CMakeFiles/pico_divider_test.dir/__/__/src/common/pico_time/time.c.obj
 .bss.default_alarm_pool_heap_nodes
                0x0000000020001338       0x30 CMakeFiles/pico_divider_test.dir/__/__/src/common/pico_time/time.c.obj
 .bss.drivers   0x0000000020001368        0x4 CMakeFiles/pico_divider_test.dir/__/__/src/rp2_common/pico_stdio/stdio.c.obj
 .bss.filter    0x000000002000136c        0x4 CMakeFiles/pico_divider_test.dir/__/__/src/rp2_common/pico_stdio/stdio.c.obj
 .bss.heap_end.5786
                0x0000000020001370        0x4 CMakeFiles/pico_divider_test.dir/__/__/src/rp2_common/pico_runtime/runtime.c.obj
 .bss.lazy_vsnprintf
                0x0000000020001374        0x4 CMakeFiles/pico_divider_test.dir/__/__/src/rp2_common/pico_printf/printf.c.obj
 .bss.pools     0x0000000020001378       0x10 CMakeFiles/pico_divider_test.dir/__/__/src/common/pico_time/time.c.obj
 .bss.sf_clz_func
                0x0000000020001388        0x4 CMakeFiles/pico_divider_test.dir/__/__/src/rp2_common/pico_double/double_init_rom.c.obj
                0x0000000020001388                sf_clz_func
 .bss.sleep_notifier
                0x000000002000138c        0x4 CMakeFiles/pico_divider_test.dir/__/__/src/common/pico_time/time.c.obj
 .bss.target_hi
                0x0000000020001390       0x10 CMakeFiles/pico_divider_test.dir/__/__/src/rp2_common/hardware_timer/timer.c.obj
 .bss.uart_instance
                0x00000000200013a0        0x4 CMakeFiles/pico_divider_test.dir/__/__/src/rp2_common/pico_stdio_uart/stdio_uart.c.obj
 .bss.claimed   0x00000000200013a4        0x1 CMakeFiles/pico_divider_test.dir/__/__/src/rp2_common/hardware_timer/timer.c.obj
 .bss.irq_hander_chain_free_slot_head
                0x00000000200013a5        0x1 CMakeFiles/pico_divider_test.dir/__/__/src/rp2_common/hardware_irq/irq.c.obj
 .bss.timer_callbacks_pending
                0x00000000200013a6        0x1 CMakeFiles/pico_divider_test.dir/__/__/src/rp2_common/hardware_timer/timer.c.obj
 *(COMMON)
 *fill*         0x00000000200013a7        0x1 
 COMMON         0x00000000200013a8       0x18 CMakeFiles/pico_divider_test.dir/pico_divider_test.c.obj
                0x00000000200013a8                hwdiv_data
                0x00000000200013b8                seed
 COMMON         0x00000000200013c0        0x4 CMakeFiles/pico_divider_test.dir/__/__/src/rp2_common/hardware_uart/uart.c.obj
                0x00000000200013c0                uart_char_to_line_feed
 COMMON         0x00000000200013c4      0x100 CMakeFiles/pico_divider_test.dir/__/__/src/rp2_common/pico_double/double_init_rom.c.obj
                0x00000000200013c4                sd_table
 COMMON         0x00000000200014c4      0x100 CMakeFiles/pico_divider_test.dir/__/__/src/rp2_common/pico_float/float_init_rom.c.obj
                0x00000000200014c4                sf_table
 COMMON         0x00000000200015c4        0x4 /usr/lib/gcc/arm-none-eabi/6.3.1/../../../arm-none-eabi/lib/thumb/v6-m/libc.a(lib_a-reent.o)
                0x00000000200015c4                errno
                0x00000000200015c8                . = ALIGN (0x4)
                0x00000000200015c8                __bss_end__ = .

.heap           0x00000000200015c8      0x800
                0x00000000200015c8                __end__ = .
                0x00000000200015c8                end = __end__
 *(.heap*)
 .heap          0x00000000200015c8      0x800 CMakeFiles/pico_divider_test.dir/__/__/src/rp2_common/pico_standard_link/crt0.S.obj
                0x0000000020001dc8                __HeapLimit = .

.stack1_dummy   0x0000000020040000        0x0
 *(.stack1*)

.stack_dummy    0x0000000020041000      0x800
 *(.stack*)
 .stack         0x0000000020041000      0x800 CMakeFiles/pico_divider_test.dir/__/__/src/rp2_common/pico_standard_link/crt0.S.obj

.flash_end      0x0000000010008898        0x0
                0x0000000010008898                __flash_binary_end = .
                0x0000000020040000                __StackLimit = (ORIGIN (RAM) + LENGTH (RAM))
                0x0000000020041000                __StackOneTop = (ORIGIN (SCRATCH_X) + LENGTH (SCRATCH_X))
                0x0000000020042000                __StackTop = (ORIGIN (SCRATCH_Y) + LENGTH (SCRATCH_Y))
                0x0000000020041000                __StackOneBottom = (__StackOneTop - SIZEOF (.stack1_dummy))
                0x0000000020041800                __StackBottom = (__StackTop - SIZEOF (.stack_dummy))
                0x0000000020042000                PROVIDE (__stack, __StackTop)
                0x0000000000000001                ASSERT ((__StackLimit >= __HeapLimit), region RAM overflowed)
                0x0000000000000001                ASSERT (((__binary_info_header_end - __logical_binary_start) <= 0x100), Binary info must be in first 256 bytes of the binary)
LOAD CMakeFiles/pico_divider_test.dir/pico_divider_test.c.obj
LOAD CMakeFiles/pico_divider_test.dir/__/__/src/rp2_common/pico_stdlib/stdlib.c.obj
LOAD CMakeFiles/pico_divider_test.dir/__/__/src/rp2_common/hardware_gpio/gpio.c.obj
LOAD CMakeFiles/pico_divider_test.dir/__/__/src/rp2_common/hardware_claim/claim.c.obj
LOAD CMakeFiles/pico_divider_test.dir/__/__/src/rp2_common/pico_platform/platform.c.obj
LOAD CMakeFiles/pico_divider_test.dir/__/__/src/rp2_common/hardware_sync/sync.c.obj
LOAD CMakeFiles/pico_divider_test.dir/__/__/src/rp2_common/hardware_irq/irq.c.obj
LOAD CMakeFiles/pico_divider_test.dir/__/__/src/rp2_common/hardware_irq/irq_handler_chain.S.obj
LOAD CMakeFiles/pico_divider_test.dir/__/__/src/common/pico_sync/sem.c.obj
LOAD CMakeFiles/pico_divider_test.dir/__/__/src/common/pico_sync/lock_core.c.obj
LOAD CMakeFiles/pico_divider_test.dir/__/__/src/common/pico_time/time.c.obj
LOAD CMakeFiles/pico_divider_test.dir/__/__/src/common/pico_time/timeout_helper.c.obj
LOAD CMakeFiles/pico_divider_test.dir/__/__/src/rp2_common/hardware_timer/timer.c.obj
LOAD CMakeFiles/pico_divider_test.dir/__/__/src/common/pico_util/datetime.c.obj
LOAD CMakeFiles/pico_divider_test.dir/__/__/src/common/pico_util/pheap.c.obj
LOAD CMakeFiles/pico_divider_test.dir/__/__/src/common/pico_util/queue.c.obj
LOAD CMakeFiles/pico_divider_test.dir/__/__/src/common/pico_sync/mutex.c.obj
LOAD CMakeFiles/pico_divider_test.dir/__/__/src/common/pico_sync/critical_section.c.obj
LOAD CMakeFiles/pico_divider_test.dir/__/__/src/rp2_common/hardware_uart/uart.c.obj
LOAD CMakeFiles/pico_divider_test.dir/__/__/src/rp2_common/hardware_divider/divider.S.obj
LOAD CMakeFiles/pico_divider_test.dir/__/__/src/rp2_common/pico_runtime/runtime.c.obj
LOAD CMakeFiles/pico_divider_test.dir/__/__/src/rp2_common/hardware_clocks/clocks.c.obj
LOAD CMakeFiles/pico_divider_test.dir/__/__/src/rp2_common/hardware_pll/pll.c.obj
LOAD CMakeFiles/pico_divider_test.dir/__/__/src/rp2_common/hardware_vreg/vreg.c.obj
LOAD CMakeFiles/pico_divider_test.dir/__/__/src/rp2_common/hardware_watchdog/watchdog.c.obj
LOAD CMakeFiles/pico_divider_test.dir/__/__/src/rp2_common/hardware_xosc/xosc.c.obj
LOAD CMakeFiles/pico_divider_test.dir/__/__/src/rp2_common/pico_printf/printf.c.obj
LOAD CMakeFiles/pico_divider_test.dir/__/__/src/rp2_common/pico_bit_ops/bit_ops_aeabi.S.obj
LOAD CMakeFiles/pico_divider_test.dir/__/__/src/rp2_common/pico_bootrom/bootrom.c.obj
LOAD CMakeFiles/pico_divider_test.dir/__/__/src/rp2_common/pico_divider/divider.S.obj
LOAD CMakeFiles/pico_divider_test.dir/__/__/src/rp2_common/pico_double/double_aeabi.S.obj
LOAD CMakeFiles/pico_divider_test.dir/__/__/src/rp2_common/pico_double/double_init_rom.c.obj
LOAD CMakeFiles/pico_divider_test.dir/__/__/src/rp2_common/pico_double/double_math.c.obj
LOAD CMakeFiles/pico_divider_test.dir/__/__/src/rp2_common/pico_double/double_v1_rom_shim.S.obj
LOAD CMakeFiles/pico_divider_test.dir/__/__/src/rp2_common/pico_int64_ops/pico_int64_ops_aeabi.S.obj
LOAD CMakeFiles/pico_divider_test.dir/__/__/src/rp2_common/pico_float/float_aeabi.S.obj
LOAD CMakeFiles/pico_divider_test.dir/__/__/src/rp2_common/pico_float/float_init_rom.c.obj
LOAD CMakeFiles/pico_divider_test.dir/__/__/src/rp2_common/pico_float/float_math.c.obj
LOAD CMakeFiles/pico_divider_test.dir/__/__/src/rp2_common/pico_float/float_v1_rom_shim.S.obj
LOAD CMakeFiles/pico_divider_test.dir/__/__/src/rp2_common/pico_malloc/pico_malloc.c.obj
LOAD CMakeFiles/pico_divider_test.dir/__/__/src/rp2_common/pico_mem_ops/mem_ops_aeabi.S.obj
LOAD CMakeFiles/pico_divider_test.dir/__/__/src/rp2_common/pico_standard_link/crt0.S.obj
LOAD CMakeFiles/pico_divider_test.dir/__/__/src/rp2_common/pico_standard_link/new_delete.cpp.obj
LOAD CMakeFiles/pico_divider_test.dir/__/__/src/rp2_common/pico_standard_link/binary_info.c.obj
LOAD CMakeFiles/pico_divider_test.dir/__/__/src/rp2_common/pico_stdio/stdio.c.obj
LOAD CMakeFiles/pico_divider_test.dir/__/__/src/rp2_common/pico_stdio_uart/stdio_uart.c.obj
LOAD /tmp/ccjyrnxj.o
LOAD /usr/lib/gcc/arm-none-eabi/6.3.1/../../../arm-none-eabi/lib/thumb/v6-m/libstdc++.a
LOAD /usr/lib/gcc/arm-none-eabi/6.3.1/../../../arm-none-eabi/lib/thumb/v6-m/libm.a
START GROUP
LOAD /usr/lib/gcc/arm-none-eabi/6.3.1/thumb/v6-m/libgcc.a
LOAD /usr/lib/gcc/arm-none-eabi/6.3.1/../../../arm-none-eabi/lib/thumb/v6-m/libc.a
END GROUP
START GROUP
LOAD /usr/lib/gcc/arm-none-eabi/6.3.1/thumb/v6-m/libgcc.a
LOAD /usr/lib/gcc/arm-none-eabi/6.3.1/../../../arm-none-eabi/lib/thumb/v6-m/libc.a
LOAD /usr/lib/gcc/arm-none-eabi/6.3.1/../../../arm-none-eabi/lib/thumb/v6-m/libnosys.a
END GROUP
LOAD /usr/lib/gcc/arm-none-eabi/6.3.1/thumb/v6-m/crtend.o
LOAD /usr/lib/gcc/arm-none-eabi/6.3.1/thumb/v6-m/crtn.o
OUTPUT(pico_divider_test.elf elf32-littlearm)

.ARM.attributes
                0x0000000000000000       0x28
 .ARM.attributes
                0x0000000000000000       0x1e /usr/lib/gcc/arm-none-eabi/6.3.1/thumb/v6-m/crti.o
 .ARM.attributes
                0x000000000000001e       0x2c /usr/lib/gcc/arm-none-eabi/6.3.1/thumb/v6-m/crtbegin.o
 .ARM.attributes
                0x000000000000004a       0x32 CMakeFiles/pico_divider_test.dir/pico_divider_test.c.obj
 .ARM.attributes
                0x000000000000007c       0x32 CMakeFiles/pico_divider_test.dir/__/__/src/rp2_common/pico_stdlib/stdlib.c.obj
 .ARM.attributes
                0x00000000000000ae       0x32 CMakeFiles/pico_divider_test.dir/__/__/src/rp2_common/hardware_gpio/gpio.c.obj
 .ARM.attributes
                0x00000000000000e0       0x32 CMakeFiles/pico_divider_test.dir/__/__/src/rp2_common/hardware_claim/claim.c.obj
 .ARM.attributes
                0x0000000000000112       0x32 CMakeFiles/pico_divider_test.dir/__/__/src/rp2_common/pico_platform/platform.c.obj
 .ARM.attributes
                0x0000000000000144       0x32 CMakeFiles/pico_divider_test.dir/__/__/src/rp2_common/hardware_sync/sync.c.obj
 .ARM.attributes
                0x0000000000000176       0x32 CMakeFiles/pico_divider_test.dir/__/__/src/rp2_common/hardware_irq/irq.c.obj
 .ARM.attributes
                0x00000000000001a8       0x22 CMakeFiles/pico_divider_test.dir/__/__/src/rp2_common/hardware_irq/irq_handler_chain.S.obj
 .ARM.attributes
                0x00000000000001ca       0x32 CMakeFiles/pico_divider_test.dir/__/__/src/common/pico_sync/lock_core.c.obj
 .ARM.attributes
                0x00000000000001fc       0x32 CMakeFiles/pico_divider_test.dir/__/__/src/common/pico_time/time.c.obj
 .ARM.attributes
                0x000000000000022e       0x32 CMakeFiles/pico_divider_test.dir/__/__/src/rp2_common/hardware_timer/timer.c.obj
 .ARM.attributes
                0x0000000000000260       0x32 CMakeFiles/pico_divider_test.dir/__/__/src/common/pico_util/pheap.c.obj
 .ARM.attributes
                0x0000000000000292       0x32 CMakeFiles/pico_divider_test.dir/__/__/src/common/pico_sync/mutex.c.obj
 .ARM.attributes
                0x00000000000002c4       0x32 CMakeFiles/pico_divider_test.dir/__/__/src/rp2_common/hardware_uart/uart.c.obj
 .ARM.attributes
                0x00000000000002f6       0x32 CMakeFiles/pico_divider_test.dir/__/__/src/rp2_common/pico_runtime/runtime.c.obj
 .ARM.attributes
                0x0000000000000328       0x32 CMakeFiles/pico_divider_test.dir/__/__/src/rp2_common/hardware_clocks/clocks.c.obj
 .ARM.attributes
                0x000000000000035a       0x32 CMakeFiles/pico_divider_test.dir/__/__/src/rp2_common/hardware_pll/pll.c.obj
 .ARM.attributes
                0x000000000000038c       0x32 CMakeFiles/pico_divider_test.dir/__/__/src/rp2_common/hardware_watchdog/watchdog.c.obj
 .ARM.attributes
                0x00000000000003be       0x32 CMakeFiles/pico_divider_test.dir/__/__/src/rp2_common/hardware_xosc/xosc.c.obj
 .ARM.attributes
                0x00000000000003f0       0x32 CMakeFiles/pico_divider_test.dir/__/__/src/rp2_common/pico_printf/printf.c.obj
 .ARM.attributes
                0x0000000000000422       0x22 CMakeFiles/pico_divider_test.dir/__/__/src/rp2_common/pico_bit_ops/bit_ops_aeabi.S.obj
 .ARM.attributes
                0x0000000000000444       0x32 CMakeFiles/pico_divider_test.dir/__/__/src/rp2_common/pico_bootrom/bootrom.c.obj
 .ARM.attributes
                0x0000000000000476       0x22 CMakeFiles/pico_divider_test.dir/__/__/src/rp2_common/pico_divider/divider.S.obj
 .ARM.attributes
                0x0000000000000498       0x22 CMakeFiles/pico_divider_test.dir/__/__/src/rp2_common/pico_double/double_aeabi.S.obj
 .ARM.attributes
                0x00000000000004ba       0x32 CMakeFiles/pico_divider_test.dir/__/__/src/rp2_common/pico_double/double_init_rom.c.obj
 .ARM.attributes
                0x00000000000004ec       0x22 CMakeFiles/pico_divider_test.dir/__/__/src/rp2_common/pico_double/double_v1_rom_shim.S.obj
 .ARM.attributes
                0x000000000000050e       0x22 CMakeFiles/pico_divider_test.dir/__/__/src/rp2_common/pico_int64_ops/pico_int64_ops_aeabi.S.obj
 .ARM.attributes
                0x0000000000000530       0x22 CMakeFiles/pico_divider_test.dir/__/__/src/rp2_common/pico_float/float_aeabi.S.obj
 .ARM.attributes
                0x0000000000000552       0x32 CMakeFiles/pico_divider_test.dir/__/__/src/rp2_common/pico_float/float_init_rom.c.obj
 .ARM.attributes
                0x0000000000000584       0x22 CMakeFiles/pico_divider_test.dir/__/__/src/rp2_common/pico_float/float_v1_rom_shim.S.obj
 .ARM.attributes
                0x00000000000005a6       0x22 CMakeFiles/pico_divider_test.dir/__/__/src/rp2_common/pico_mem_ops/mem_ops_aeabi.S.obj
 .ARM.attributes
                0x00000000000005c8       0x22 CMakeFiles/pico_divider_test.dir/__/__/src/rp2_common/pico_standard_link/crt0.S.obj
 .ARM.attributes
                0x00000000000005ea       0x32 CMakeFiles/pico_divider_test.dir/__/__/src/rp2_common/pico_standard_link/binary_info.c.obj
 .ARM.attributes
                0x000000000000061c       0x32 CMakeFiles/pico_divider_test.dir/__/__/src/rp2_common/pico_stdio/stdio.c.obj
 .ARM.attributes
                0x000000000000064e       0x32 CMakeFiles/pico_divider_test.dir/__/__/src/rp2_common/pico_stdio_uart/stdio_uart.c.obj
 .ARM.attributes
                0x0000000000000680       0x22 /tmp/ccjyrnxj.o
 .ARM.attributes
                0x00000000000006a2       0x1e /usr/lib/gcc/arm-none-eabi/6.3.1/thumb/v6-m/libgcc.a(_udivsi3.o)
 .ARM.attributes
                0x00000000000006c0       0x1e /usr/lib/gcc/arm-none-eabi/6.3.1/thumb/v6-m/libgcc.a(_divsi3.o)
 .ARM.attributes
                0x00000000000006de       0x1e /usr/lib/gcc/arm-none-eabi/6.3.1/thumb/v6-m/libgcc.a(_dvmd_tls.o)
 .ARM.attributes
                0x00000000000006fc       0x1e /usr/lib/gcc/arm-none-eabi/6.3.1/thumb/v6-m/libgcc.a(_aeabi_ldivmod.o)
 .ARM.attributes
                0x000000000000071a       0x1e /usr/lib/gcc/arm-none-eabi/6.3.1/thumb/v6-m/libgcc.a(_aeabi_uldivmod.o)
 .ARM.attributes
                0x0000000000000738       0x2c /usr/lib/gcc/arm-none-eabi/6.3.1/thumb/v6-m/libgcc.a(_udivmoddi4.o)
 .ARM.attributes
                0x0000000000000764       0x2c /usr/lib/gcc/arm-none-eabi/6.3.1/thumb/v6-m/libgcc.a(bpabi.o)
 .ARM.attributes
                0x0000000000000790       0x2c /usr/lib/gcc/arm-none-eabi/6.3.1/thumb/v6-m/libgcc.a(_divdi3.o)
 .ARM.attributes
                0x00000000000007bc       0x2c /usr/lib/gcc/arm-none-eabi/6.3.1/../../../arm-none-eabi/lib/thumb/v6-m/libc.a(lib_a-impure.o)
 .ARM.attributes
                0x00000000000007e8       0x2c /usr/lib/gcc/arm-none-eabi/6.3.1/../../../arm-none-eabi/lib/thumb/v6-m/libc.a(lib_a-mallocr.o)
 .ARM.attributes
                0x0000000000000814       0x2c /usr/lib/gcc/arm-none-eabi/6.3.1/../../../arm-none-eabi/lib/thumb/v6-m/libc.a(lib_a-mlock.o)
 .ARM.attributes
                0x0000000000000840       0x2c /usr/lib/gcc/arm-none-eabi/6.3.1/../../../arm-none-eabi/lib/thumb/v6-m/libc.a(lib_a-sbrkr.o)
 .ARM.attributes
                0x000000000000086c       0x2c /usr/lib/gcc/arm-none-eabi/6.3.1/../../../arm-none-eabi/lib/thumb/v6-m/libc.a(lib_a-strlen-stub.o)
 .ARM.attributes
                0x0000000000000898       0x2c /usr/lib/gcc/arm-none-eabi/6.3.1/../../../arm-none-eabi/lib/thumb/v6-m/libc.a(lib_a-wbuf.o)
 .ARM.attributes
                0x00000000000008c4       0x2c /usr/lib/gcc/arm-none-eabi/6.3.1/../../../arm-none-eabi/lib/thumb/v6-m/libc.a(lib_a-wsetup.o)
 .ARM.attributes
                0x00000000000008f0       0x2c /usr/lib/gcc/arm-none-eabi/6.3.1/../../../arm-none-eabi/lib/thumb/v6-m/libc.a(lib_a-fflush.o)
 .ARM.attributes
                0x000000000000091c       0x2c /usr/lib/gcc/arm-none-eabi/6.3.1/../../../arm-none-eabi/lib/thumb/v6-m/libc.a(lib_a-findfp.o)
 .ARM.attributes
                0x0000000000000948       0x2c /usr/lib/gcc/arm-none-eabi/6.3.1/../../../arm-none-eabi/lib/thumb/v6-m/libc.a(lib_a-freer.o)
 .ARM.attributes
                0x0000000000000974       0x2c /usr/lib/gcc/arm-none-eabi/6.3.1/../../../arm-none-eabi/lib/thumb/v6-m/libc.a(lib_a-fwalk.o)
 .ARM.attributes
                0x00000000000009a0       0x2c /usr/lib/gcc/arm-none-eabi/6.3.1/../../../arm-none-eabi/lib/thumb/v6-m/libc.a(lib_a-makebuf.o)
 .ARM.attributes
                0x00000000000009cc       0x2c /usr/lib/gcc/arm-none-eabi/6.3.1/../../../arm-none-eabi/lib/thumb/v6-m/libc.a(lib_a-reent.o)
 .ARM.attributes
                0x00000000000009f8       0x2c /usr/lib/gcc/arm-none-eabi/6.3.1/../../../arm-none-eabi/lib/thumb/v6-m/libc.a(lib_a-stdio.o)
 .ARM.attributes
                0x0000000000000a24       0x2c /usr/lib/gcc/arm-none-eabi/6.3.1/../../../arm-none-eabi/lib/thumb/v6-m/libc.a(lib_a-writer.o)
 .ARM.attributes
                0x0000000000000a50       0x2c /usr/lib/gcc/arm-none-eabi/6.3.1/../../../arm-none-eabi/lib/thumb/v6-m/libc.a(lib_a-closer.o)
 .ARM.attributes
                0x0000000000000a7c       0x2c /usr/lib/gcc/arm-none-eabi/6.3.1/../../../arm-none-eabi/lib/thumb/v6-m/libc.a(lib_a-fclose.o)
 .ARM.attributes
                0x0000000000000aa8       0x2c /usr/lib/gcc/arm-none-eabi/6.3.1/../../../arm-none-eabi/lib/thumb/v6-m/libc.a(lib_a-fstatr.o)
 .ARM.attributes
                0x0000000000000ad4       0x2c /usr/lib/gcc/arm-none-eabi/6.3.1/../../../arm-none-eabi/lib/thumb/v6-m/libc.a(lib_a-isattyr.o)
 .ARM.attributes
                0x0000000000000b00       0x2c /usr/lib/gcc/arm-none-eabi/6.3.1/../../../arm-none-eabi/lib/thumb/v6-m/libc.a(lib_a-lseekr.o)
 .ARM.attributes
                0x0000000000000b2c       0x2c /usr/lib/gcc/arm-none-eabi/6.3.1/../../../arm-none-eabi/lib/thumb/v6-m/libc.a(lib_a-readr.o)
 .ARM.attributes
                0x0000000000000b58       0x2c /usr/lib/gcc/arm-none-eabi/6.3.1/../../../arm-none-eabi/lib/thumb/v6-m/libnosys.a(close.o)
 .ARM.attributes
                0x0000000000000b84       0x2c /usr/lib/gcc/arm-none-eabi/6.3.1/../../../arm-none-eabi/lib/thumb/v6-m/libnosys.a(fstat.o)
 .ARM.attributes
                0x0000000000000bb0       0x2c /usr/lib/gcc/arm-none-eabi/6.3.1/../../../arm-none-eabi/lib/thumb/v6-m/libnosys.a(isatty.o)
 .ARM.attributes
                0x0000000000000bdc       0x2c /usr/lib/gcc/arm-none-eabi/6.3.1/../../../arm-none-eabi/lib/thumb/v6-m/libnosys.a(lseek.o)
 .ARM.attributes
                0x0000000000000c08       0x2c /usr/lib/gcc/arm-none-eabi/6.3.1/thumb/v6-m/crtend.o

.comment        0x0000000000000000       0x31
 .comment       0x0000000000000000       0x31 /usr/lib/gcc/arm-none-eabi/6.3.1/thumb/v6-m/crtbegin.o
                                         0x32 (size before relaxing)
 .comment       0x0000000000000031       0x32 CMakeFiles/pico_divider_test.dir/pico_divider_test.c.obj
 .comment       0x0000000000000031       0x32 CMakeFiles/pico_divider_test.dir/__/__/src/rp2_common/pico_stdlib/stdlib.c.obj
 .comment       0x0000000000000031       0x32 CMakeFiles/pico_divider_test.dir/__/__/src/rp2_common/hardware_gpio/gpio.c.obj
 .comment       0x0000000000000031       0x32 CMakeFiles/pico_divider_test.dir/__/__/src/rp2_common/hardware_claim/claim.c.obj
 .comment       0x0000000000000031       0x32 CMakeFiles/pico_divider_test.dir/__/__/src/rp2_common/pico_platform/platform.c.obj
 .comment       0x0000000000000031       0x32 CMakeFiles/pico_divider_test.dir/__/__/src/rp2_common/hardware_sync/sync.c.obj
 .comment       0x0000000000000031       0x32 CMakeFiles/pico_divider_test.dir/__/__/src/rp2_common/hardware_irq/irq.c.obj
 .comment       0x0000000000000031       0x32 CMakeFiles/pico_divider_test.dir/__/__/src/common/pico_sync/lock_core.c.obj
 .comment       0x0000000000000031       0x32 CMakeFiles/pico_divider_test.dir/__/__/src/common/pico_time/time.c.obj
 .comment       0x0000000000000031       0x32 CMakeFiles/pico_divider_test.dir/__/__/src/rp2_common/hardware_timer/timer.c.obj
 .comment       0x0000000000000031       0x32 CMakeFiles/pico_divider_test.dir/__/__/src/common/pico_util/pheap.c.obj
 .comment       0x0000000000000031       0x32 CMakeFiles/pico_divider_test.dir/__/__/src/common/pico_sync/mutex.c.obj
 .comment       0x0000000000000031       0x32 CMakeFiles/pico_divider_test.dir/__/__/src/rp2_common/hardware_uart/uart.c.obj
 .comment       0x0000000000000031       0x32 CMakeFiles/pico_divider_test.dir/__/__/src/rp2_common/pico_runtime/runtime.c.obj
 .comment       0x0000000000000031       0x32 CMakeFiles/pico_divider_test.dir/__/__/src/rp2_common/hardware_clocks/clocks.c.obj
 .comment       0x0000000000000031       0x32 CMakeFiles/pico_divider_test.dir/__/__/src/rp2_common/hardware_pll/pll.c.obj
 .comment       0x0000000000000031       0x32 CMakeFiles/pico_divider_test.dir/__/__/src/rp2_common/hardware_watchdog/watchdog.c.obj
 .comment       0x0000000000000031       0x32 CMakeFiles/pico_divider_test.dir/__/__/src/rp2_common/hardware_xosc/xosc.c.obj
 .comment       0x0000000000000031       0x32 CMakeFiles/pico_divider_test.dir/__/__/src/rp2_common/pico_printf/printf.c.obj
 .comment       0x0000000000000031       0x32 CMakeFiles/pico_divider_test.dir/__/__/src/rp2_common/pico_bootrom/bootrom.c.obj
 .comment       0x0000000000000031       0x32 CMakeFiles/pico_divider_test.dir/__/__/src/rp2_common/pico_double/double_init_rom.c.obj
 .comment       0x0000000000000031       0x32 CMakeFiles/pico_divider_test.dir/__/__/src/rp2_common/pico_float/float_init_rom.c.obj
 .comment       0x0000000000000031       0x32 CMakeFiles/pico_divider_test.dir/__/__/src/rp2_common/pico_standard_link/binary_info.c.obj
 .comment       0x0000000000000031       0x32 CMakeFiles/pico_divider_test.dir/__/__/src/rp2_common/pico_stdio/stdio.c.obj
 .comment       0x0000000000000031       0x32 CMakeFiles/pico_divider_test.dir/__/__/src/rp2_common/pico_stdio_uart/stdio_uart.c.obj
 .comment       0x0000000000000031       0x32 /usr/lib/gcc/arm-none-eabi/6.3.1/thumb/v6-m/libgcc.a(_udivmoddi4.o)
 .comment       0x0000000000000031       0x32 /usr/lib/gcc/arm-none-eabi/6.3.1/thumb/v6-m/libgcc.a(bpabi.o)
 .comment       0x0000000000000031       0x32 /usr/lib/gcc/arm-none-eabi/6.3.1/thumb/v6-m/libgcc.a(_divdi3.o)
 .comment       0x0000000000000031       0x32 /usr/lib/gcc/arm-none-eabi/6.3.1/../../../arm-none-eabi/lib/thumb/v6-m/libc.a(lib_a-impure.o)
 .comment       0x0000000000000031       0x32 /usr/lib/gcc/arm-none-eabi/6.3.1/../../../arm-none-eabi/lib/thumb/v6-m/libc.a(lib_a-mallocr.o)
 .comment       0x0000000000000031       0x32 /usr/lib/gcc/arm-none-eabi/6.3.1/../../../arm-none-eabi/lib/thumb/v6-m/libc.a(lib_a-mlock.o)
 .comment       0x0000000000000031       0x32 /usr/lib/gcc/arm-none-eabi/6.3.1/../../../arm-none-eabi/lib/thumb/v6-m/libc.a(lib_a-sbrkr.o)
 .comment       0x0000000000000031       0x32 /usr/lib/gcc/arm-none-eabi/6.3.1/../../../arm-none-eabi/lib/thumb/v6-m/libc.a(lib_a-strlen-stub.o)
 .comment       0x0000000000000031       0x32 /usr/lib/gcc/arm-none-eabi/6.3.1/../../../arm-none-eabi/lib/thumb/v6-m/libc.a(lib_a-wbuf.o)
 .comment       0x0000000000000031       0x32 /usr/lib/gcc/arm-none-eabi/6.3.1/../../../arm-none-eabi/lib/thumb/v6-m/libc.a(lib_a-wsetup.o)
 .comment       0x0000000000000031       0x32 /usr/lib/gcc/arm-none-eabi/6.3.1/../../../arm-none-eabi/lib/thumb/v6-m/libc.a(lib_a-fflush.o)
 .comment       0x0000000000000031       0x32 /usr/lib/gcc/arm-none-eabi/6.3.1/../../../arm-none-eabi/lib/thumb/v6-m/libc.a(lib_a-findfp.o)
 .comment       0x0000000000000031       0x32 /usr/lib/gcc/arm-none-eabi/6.3.1/../../../arm-none-eabi/lib/thumb/v6-m/libc.a(lib_a-freer.o)
 .comment       0x0000000000000031       0x32 /usr/lib/gcc/arm-none-eabi/6.3.1/../../../arm-none-eabi/lib/thumb/v6-m/libc.a(lib_a-fwalk.o)
 .comment       0x0000000000000031       0x32 /usr/lib/gcc/arm-none-eabi/6.3.1/../../../arm-none-eabi/lib/thumb/v6-m/libc.a(lib_a-makebuf.o)
 .comment       0x0000000000000031       0x32 /usr/lib/gcc/arm-none-eabi/6.3.1/../../../arm-none-eabi/lib/thumb/v6-m/libc.a(lib_a-reent.o)
 .comment       0x0000000000000031       0x32 /usr/lib/gcc/arm-none-eabi/6.3.1/../../../arm-none-eabi/lib/thumb/v6-m/libc.a(lib_a-stdio.o)
 .comment       0x0000000000000031       0x32 /usr/lib/gcc/arm-none-eabi/6.3.1/../../../arm-none-eabi/lib/thumb/v6-m/libc.a(lib_a-writer.o)
 .comment       0x0000000000000031       0x32 /usr/lib/gcc/arm-none-eabi/6.3.1/../../../arm-none-eabi/lib/thumb/v6-m/libc.a(lib_a-closer.o)
 .comment       0x0000000000000031       0x32 /usr/lib/gcc/arm-none-eabi/6.3.1/../../../arm-none-eabi/lib/thumb/v6-m/libc.a(lib_a-fclose.o)
 .comment       0x0000000000000031       0x32 /usr/lib/gcc/arm-none-eabi/6.3.1/../../../arm-none-eabi/lib/thumb/v6-m/libc.a(lib_a-fstatr.o)
 .comment       0x0000000000000031       0x32 /usr/lib/gcc/arm-none-eabi/6.3.1/../../../arm-none-eabi/lib/thumb/v6-m/libc.a(lib_a-isattyr.o)
 .comment       0x0000000000000031       0x32 /usr/lib/gcc/arm-none-eabi/6.3.1/../../../arm-none-eabi/lib/thumb/v6-m/libc.a(lib_a-lseekr.o)
 .comment       0x0000000000000031       0x32 /usr/lib/gcc/arm-none-eabi/6.3.1/../../../arm-none-eabi/lib/thumb/v6-m/libc.a(lib_a-readr.o)
 .comment       0x0000000000000031       0x32 /usr/lib/gcc/arm-none-eabi/6.3.1/../../../arm-none-eabi/lib/thumb/v6-m/libnosys.a(close.o)
 .comment       0x0000000000000031       0x32 /usr/lib/gcc/arm-none-eabi/6.3.1/../../../arm-none-eabi/lib/thumb/v6-m/libnosys.a(fstat.o)
 .comment       0x0000000000000031       0x32 /usr/lib/gcc/arm-none-eabi/6.3.1/../../../arm-none-eabi/lib/thumb/v6-m/libnosys.a(isatty.o)
 .comment       0x0000000000000031       0x32 /usr/lib/gcc/arm-none-eabi/6.3.1/../../../arm-none-eabi/lib/thumb/v6-m/libnosys.a(lseek.o)
 .comment       0x0000000000000031       0x32 /usr/lib/gcc/arm-none-eabi/6.3.1/thumb/v6-m/crtend.o

.debug_frame    0x0000000000000000      0x770
 .debug_frame   0x0000000000000000       0x20 /usr/lib/gcc/arm-none-eabi/6.3.1/thumb/v6-m/libgcc.a(_udivsi3.o)
 .debug_frame   0x0000000000000020       0x20 /usr/lib/gcc/arm-none-eabi/6.3.1/thumb/v6-m/libgcc.a(_divsi3.o)
 .debug_frame   0x0000000000000040       0x3c /usr/lib/gcc/arm-none-eabi/6.3.1/thumb/v6-m/libgcc.a(_udivmoddi4.o)
 .debug_frame   0x000000000000007c       0x30 /usr/lib/gcc/arm-none-eabi/6.3.1/thumb/v6-m/libgcc.a(bpabi.o)
 .debug_frame   0x00000000000000ac       0x3c /usr/lib/gcc/arm-none-eabi/6.3.1/thumb/v6-m/libgcc.a(_divdi3.o)
 .debug_frame   0x00000000000000e8       0x3c /usr/lib/gcc/arm-none-eabi/6.3.1/../../../arm-none-eabi/lib/thumb/v6-m/libc.a(lib_a-mallocr.o)
 .debug_frame   0x0000000000000124       0x30 /usr/lib/gcc/arm-none-eabi/6.3.1/../../../arm-none-eabi/lib/thumb/v6-m/libc.a(lib_a-mlock.o)
 .debug_frame   0x0000000000000154       0x2c /usr/lib/gcc/arm-none-eabi/6.3.1/../../../arm-none-eabi/lib/thumb/v6-m/libc.a(lib_a-sbrkr.o)
 .debug_frame   0x0000000000000180       0x28 /usr/lib/gcc/arm-none-eabi/6.3.1/../../../arm-none-eabi/lib/thumb/v6-m/libc.a(lib_a-strlen-stub.o)
 .debug_frame   0x00000000000001a8       0x48 /usr/lib/gcc/arm-none-eabi/6.3.1/../../../arm-none-eabi/lib/thumb/v6-m/libc.a(lib_a-wbuf.o)
 .debug_frame   0x00000000000001f0       0x2c /usr/lib/gcc/arm-none-eabi/6.3.1/../../../arm-none-eabi/lib/thumb/v6-m/libc.a(lib_a-wsetup.o)
 .debug_frame   0x000000000000021c       0x68 /usr/lib/gcc/arm-none-eabi/6.3.1/../../../arm-none-eabi/lib/thumb/v6-m/libc.a(lib_a-fflush.o)
 .debug_frame   0x0000000000000284      0x14c /usr/lib/gcc/arm-none-eabi/6.3.1/../../../arm-none-eabi/lib/thumb/v6-m/libc.a(lib_a-findfp.o)
 .debug_frame   0x00000000000003d0       0x50 /usr/lib/gcc/arm-none-eabi/6.3.1/../../../arm-none-eabi/lib/thumb/v6-m/libc.a(lib_a-freer.o)
 .debug_frame   0x0000000000000420       0x5c /usr/lib/gcc/arm-none-eabi/6.3.1/../../../arm-none-eabi/lib/thumb/v6-m/libc.a(lib_a-fwalk.o)
 .debug_frame   0x000000000000047c       0x50 /usr/lib/gcc/arm-none-eabi/6.3.1/../../../arm-none-eabi/lib/thumb/v6-m/libc.a(lib_a-makebuf.o)
 .debug_frame   0x00000000000004cc       0x48 /usr/lib/gcc/arm-none-eabi/6.3.1/../../../arm-none-eabi/lib/thumb/v6-m/libc.a(lib_a-reent.o)
 .debug_frame   0x0000000000000514       0x90 /usr/lib/gcc/arm-none-eabi/6.3.1/../../../arm-none-eabi/lib/thumb/v6-m/libc.a(lib_a-stdio.o)
 .debug_frame   0x00000000000005a4       0x2c /usr/lib/gcc/arm-none-eabi/6.3.1/../../../arm-none-eabi/lib/thumb/v6-m/libc.a(lib_a-writer.o)
 .debug_frame   0x00000000000005d0       0x2c /usr/lib/gcc/arm-none-eabi/6.3.1/../../../arm-none-eabi/lib/thumb/v6-m/libc.a(lib_a-closer.o)
 .debug_frame   0x00000000000005fc       0x44 /usr/lib/gcc/arm-none-eabi/6.3.1/../../../arm-none-eabi/lib/thumb/v6-m/libc.a(lib_a-fclose.o)
 .debug_frame   0x0000000000000640       0x2c /usr/lib/gcc/arm-none-eabi/6.3.1/../../../arm-none-eabi/lib/thumb/v6-m/libc.a(lib_a-fstatr.o)
 .debug_frame   0x000000000000066c       0x2c /usr/lib/gcc/arm-none-eabi/6.3.1/../../../arm-none-eabi/lib/thumb/v6-m/libc.a(lib_a-isattyr.o)
 .debug_frame   0x0000000000000698       0x2c /usr/lib/gcc/arm-none-eabi/6.3.1/../../../arm-none-eabi/lib/thumb/v6-m/libc.a(lib_a-lseekr.o)
 .debug_frame   0x00000000000006c4       0x2c /usr/lib/gcc/arm-none-eabi/6.3.1/../../../arm-none-eabi/lib/thumb/v6-m/libc.a(lib_a-readr.o)
 .debug_frame   0x00000000000006f0       0x20 /usr/lib/gcc/arm-none-eabi/6.3.1/../../../arm-none-eabi/lib/thumb/v6-m/libnosys.a(close.o)
 .debug_frame   0x0000000000000710       0x20 /usr/lib/gcc/arm-none-eabi/6.3.1/../../../arm-none-eabi/lib/thumb/v6-m/libnosys.a(fstat.o)
 .debug_frame   0x0000000000000730       0x20 /usr/lib/gcc/arm-none-eabi/6.3.1/../../../arm-none-eabi/lib/thumb/v6-m/libnosys.a(isatty.o)
 .debug_frame   0x0000000000000750       0x20 /usr/lib/gcc/arm-none-eabi/6.3.1/../../../arm-none-eabi/lib/thumb/v6-m/libnosys.a(lseek.o)

.debug_line     0x0000000000000000     0x2e38
 .debug_line    0x0000000000000000       0x6d /usr/lib/gcc/arm-none-eabi/6.3.1/thumb/v6-m/libgcc.a(_udivsi3.o)
 .debug_line    0x000000000000006d       0x74 /usr/lib/gcc/arm-none-eabi/6.3.1/thumb/v6-m/libgcc.a(_divsi3.o)
 .debug_line    0x00000000000000e1       0x61 /usr/lib/gcc/arm-none-eabi/6.3.1/thumb/v6-m/libgcc.a(_dvmd_tls.o)
 .debug_line    0x0000000000000142       0x6c /usr/lib/gcc/arm-none-eabi/6.3.1/thumb/v6-m/libgcc.a(_aeabi_ldivmod.o)
 .debug_line    0x00000000000001ae       0x6c /usr/lib/gcc/arm-none-eabi/6.3.1/thumb/v6-m/libgcc.a(_aeabi_uldivmod.o)
 .debug_line    0x000000000000021a      0x13a /usr/lib/gcc/arm-none-eabi/6.3.1/thumb/v6-m/libgcc.a(_udivmoddi4.o)
 .debug_line    0x0000000000000354       0x62 /usr/lib/gcc/arm-none-eabi/6.3.1/thumb/v6-m/libgcc.a(bpabi.o)
 .debug_line    0x00000000000003b6      0x14b /usr/lib/gcc/arm-none-eabi/6.3.1/thumb/v6-m/libgcc.a(_divdi3.o)
 .debug_line    0x0000000000000501       0xe9 /usr/lib/gcc/arm-none-eabi/6.3.1/../../../arm-none-eabi/lib/thumb/v6-m/libc.a(lib_a-impure.o)
 .debug_line    0x00000000000005ea      0x38b /usr/lib/gcc/arm-none-eabi/6.3.1/../../../arm-none-eabi/lib/thumb/v6-m/libc.a(lib_a-mallocr.o)
 .debug_line    0x0000000000000975       0xf9 /usr/lib/gcc/arm-none-eabi/6.3.1/../../../arm-none-eabi/lib/thumb/v6-m/libc.a(lib_a-mlock.o)
 .debug_line    0x0000000000000a6e      0x15b /usr/lib/gcc/arm-none-eabi/6.3.1/../../../arm-none-eabi/lib/thumb/v6-m/libc.a(lib_a-sbrkr.o)
 .debug_line    0x0000000000000bc9      0x170 /usr/lib/gcc/arm-none-eabi/6.3.1/../../../arm-none-eabi/lib/thumb/v6-m/libc.a(lib_a-strlen-stub.o)
 .debug_line    0x0000000000000d39      0x1d7 /usr/lib/gcc/arm-none-eabi/6.3.1/../../../arm-none-eabi/lib/thumb/v6-m/libc.a(lib_a-wbuf.o)
 .debug_line    0x0000000000000f10      0x1dd /usr/lib/gcc/arm-none-eabi/6.3.1/../../../arm-none-eabi/lib/thumb/v6-m/libc.a(lib_a-wsetup.o)
 .debug_line    0x00000000000010ed      0x23b /usr/lib/gcc/arm-none-eabi/6.3.1/../../../arm-none-eabi/lib/thumb/v6-m/libc.a(lib_a-fflush.o)
 .debug_line    0x0000000000001328      0x28a /usr/lib/gcc/arm-none-eabi/6.3.1/../../../arm-none-eabi/lib/thumb/v6-m/libc.a(lib_a-findfp.o)
 .debug_line    0x00000000000015b2      0x236 /usr/lib/gcc/arm-none-eabi/6.3.1/../../../arm-none-eabi/lib/thumb/v6-m/libc.a(lib_a-freer.o)
 .debug_line    0x00000000000017e8      0x1b9 /usr/lib/gcc/arm-none-eabi/6.3.1/../../../arm-none-eabi/lib/thumb/v6-m/libc.a(lib_a-fwalk.o)
 .debug_line    0x00000000000019a1      0x24f /usr/lib/gcc/arm-none-eabi/6.3.1/../../../arm-none-eabi/lib/thumb/v6-m/libc.a(lib_a-makebuf.o)
 .debug_line    0x0000000000001bf0      0x17a /usr/lib/gcc/arm-none-eabi/6.3.1/../../../arm-none-eabi/lib/thumb/v6-m/libc.a(lib_a-reent.o)
 .debug_line    0x0000000000001d6a      0x1b1 /usr/lib/gcc/arm-none-eabi/6.3.1/../../../arm-none-eabi/lib/thumb/v6-m/libc.a(lib_a-stdio.o)
 .debug_line    0x0000000000001f1b      0x159 /usr/lib/gcc/arm-none-eabi/6.3.1/../../../arm-none-eabi/lib/thumb/v6-m/libc.a(lib_a-writer.o)
 .debug_line    0x0000000000002074      0x15d /usr/lib/gcc/arm-none-eabi/6.3.1/../../../arm-none-eabi/lib/thumb/v6-m/libc.a(lib_a-closer.o)
 .debug_line    0x00000000000021d1      0x199 /usr/lib/gcc/arm-none-eabi/6.3.1/../../../arm-none-eabi/lib/thumb/v6-m/libc.a(lib_a-fclose.o)
 .debug_line    0x000000000000236a      0x1e5 /usr/lib/gcc/arm-none-eabi/6.3.1/../../../arm-none-eabi/lib/thumb/v6-m/libc.a(lib_a-fstatr.o)
 .debug_line    0x000000000000254f      0x15e /usr/lib/gcc/arm-none-eabi/6.3.1/../../../arm-none-eabi/lib/thumb/v6-m/libc.a(lib_a-isattyr.o)
 .debug_line    0x00000000000026ad      0x159 /usr/lib/gcc/arm-none-eabi/6.3.1/../../../arm-none-eabi/lib/thumb/v6-m/libc.a(lib_a-lseekr.o)
 .debug_line    0x0000000000002806      0x158 /usr/lib/gcc/arm-none-eabi/6.3.1/../../../arm-none-eabi/lib/thumb/v6-m/libc.a(lib_a-readr.o)
 .debug_line    0x000000000000295e      0x105 /usr/lib/gcc/arm-none-eabi/6.3.1/../../../arm-none-eabi/lib/thumb/v6-m/libnosys.a(close.o)
 .debug_line    0x0000000000002a63      0x1cc /usr/lib/gcc/arm-none-eabi/6.3.1/../../../arm-none-eabi/lib/thumb/v6-m/libnosys.a(fstat.o)
 .debug_line    0x0000000000002c2f      0x104 /usr/lib/gcc/arm-none-eabi/6.3.1/../../../arm-none-eabi/lib/thumb/v6-m/libnosys.a(isatty.o)
 .debug_line    0x0000000000002d33      0x105 /usr/lib/gcc/arm-none-eabi/6.3.1/../../../arm-none-eabi/lib/thumb/v6-m/libnosys.a(lseek.o)

.debug_info     0x0000000000000000    0x12756
 .debug_info    0x0000000000000000       0xbf /usr/lib/gcc/arm-none-eabi/6.3.1/thumb/v6-m/libgcc.a(_udivsi3.o)
 .debug_info    0x00000000000000bf       0xbf /usr/lib/gcc/arm-none-eabi/6.3.1/thumb/v6-m/libgcc.a(_divsi3.o)
 .debug_info    0x000000000000017e       0xbf /usr/lib/gcc/arm-none-eabi/6.3.1/thumb/v6-m/libgcc.a(_dvmd_tls.o)
 .debug_info    0x000000000000023d       0xbf /usr/lib/gcc/arm-none-eabi/6.3.1/thumb/v6-m/libgcc.a(_aeabi_ldivmod.o)
 .debug_info    0x00000000000002fc       0xbf /usr/lib/gcc/arm-none-eabi/6.3.1/thumb/v6-m/libgcc.a(_aeabi_uldivmod.o)
 .debug_info    0x00000000000003bb      0x947 /usr/lib/gcc/arm-none-eabi/6.3.1/thumb/v6-m/libgcc.a(_udivmoddi4.o)
 .debug_info    0x0000000000000d02       0xbc /usr/lib/gcc/arm-none-eabi/6.3.1/thumb/v6-m/libgcc.a(bpabi.o)
 .debug_info    0x0000000000000dbe      0xa52 /usr/lib/gcc/arm-none-eabi/6.3.1/thumb/v6-m/libgcc.a(_divdi3.o)
 .debug_info    0x0000000000001810      0x8a5 /usr/lib/gcc/arm-none-eabi/6.3.1/../../../arm-none-eabi/lib/thumb/v6-m/libc.a(lib_a-impure.o)
 .debug_info    0x00000000000020b5      0xdd4 /usr/lib/gcc/arm-none-eabi/6.3.1/../../../arm-none-eabi/lib/thumb/v6-m/libc.a(lib_a-mallocr.o)
 .debug_info    0x0000000000002e89      0x8d8 /usr/lib/gcc/arm-none-eabi/6.3.1/../../../arm-none-eabi/lib/thumb/v6-m/libc.a(lib_a-mlock.o)
 .debug_info    0x0000000000003761      0x95a /usr/lib/gcc/arm-none-eabi/6.3.1/../../../arm-none-eabi/lib/thumb/v6-m/libc.a(lib_a-sbrkr.o)
 .debug_info    0x00000000000040bb      0x8de /usr/lib/gcc/arm-none-eabi/6.3.1/../../../arm-none-eabi/lib/thumb/v6-m/libc.a(lib_a-strlen-stub.o)
 .debug_info    0x0000000000004999      0xbce /usr/lib/gcc/arm-none-eabi/6.3.1/../../../arm-none-eabi/lib/thumb/v6-m/libc.a(lib_a-wbuf.o)
 .debug_info    0x0000000000005567      0xb46 /usr/lib/gcc/arm-none-eabi/6.3.1/../../../arm-none-eabi/lib/thumb/v6-m/libc.a(lib_a-wsetup.o)
 .debug_info    0x00000000000060ad      0xc9d /usr/lib/gcc/arm-none-eabi/6.3.1/../../../arm-none-eabi/lib/thumb/v6-m/libc.a(lib_a-fflush.o)
 .debug_info    0x0000000000006d4a      0xfa1 /usr/lib/gcc/arm-none-eabi/6.3.1/../../../arm-none-eabi/lib/thumb/v6-m/libc.a(lib_a-findfp.o)
 .debug_info    0x0000000000007ceb      0xc93 /usr/lib/gcc/arm-none-eabi/6.3.1/../../../arm-none-eabi/lib/thumb/v6-m/libc.a(lib_a-freer.o)
 .debug_info    0x000000000000897e      0xbcc /usr/lib/gcc/arm-none-eabi/6.3.1/../../../arm-none-eabi/lib/thumb/v6-m/libc.a(lib_a-fwalk.o)
 .debug_info    0x000000000000954a      0xe45 /usr/lib/gcc/arm-none-eabi/6.3.1/../../../arm-none-eabi/lib/thumb/v6-m/libc.a(lib_a-makebuf.o)
 .debug_info    0x000000000000a38f      0xa15 /usr/lib/gcc/arm-none-eabi/6.3.1/../../../arm-none-eabi/lib/thumb/v6-m/libc.a(lib_a-reent.o)
 .debug_info    0x000000000000ada4      0xd55 /usr/lib/gcc/arm-none-eabi/6.3.1/../../../arm-none-eabi/lib/thumb/v6-m/libc.a(lib_a-stdio.o)
 .debug_info    0x000000000000baf9      0x999 /usr/lib/gcc/arm-none-eabi/6.3.1/../../../arm-none-eabi/lib/thumb/v6-m/libc.a(lib_a-writer.o)
 .debug_info    0x000000000000c492      0x950 /usr/lib/gcc/arm-none-eabi/6.3.1/../../../arm-none-eabi/lib/thumb/v6-m/libc.a(lib_a-closer.o)
 .debug_info    0x000000000000cde2      0xc08 /usr/lib/gcc/arm-none-eabi/6.3.1/../../../arm-none-eabi/lib/thumb/v6-m/libc.a(lib_a-fclose.o)
 .debug_info    0x000000000000d9ea      0xb62 /usr/lib/gcc/arm-none-eabi/6.3.1/../../../arm-none-eabi/lib/thumb/v6-m/libc.a(lib_a-fstatr.o)
 .debug_info    0x000000000000e54c      0x950 /usr/lib/gcc/arm-none-eabi/6.3.1/../../../arm-none-eabi/lib/thumb/v6-m/libc.a(lib_a-isattyr.o)
 .debug_info    0x000000000000ee9c      0x97c /usr/lib/gcc/arm-none-eabi/6.3.1/../../../arm-none-eabi/lib/thumb/v6-m/libc.a(lib_a-lseekr.o)
 .debug_info    0x000000000000f818      0x992 /usr/lib/gcc/arm-none-eabi/6.3.1/../../../arm-none-eabi/lib/thumb/v6-m/libc.a(lib_a-readr.o)